Archive member included to satisfy reference by file (symbol)

c:/program files (x86)/gnu arm embedded toolchain/10 2021.10/bin/../lib/gcc/arm-none-eabi/10.3.1/thumb/v6-m/nofp\libgcc.a(_dvmd_tls.o)
                              CMakeFiles/02_printf.dir/C_/Repositories/pico/pico-sdk/src/rp2_common/pico_divider/divider_hardware.S.obj (__aeabi_idiv0)
c:/program files (x86)/gnu arm embedded toolchain/10 2021.10/bin/../lib/gcc/arm-none-eabi/10.3.1/../../../../arm-none-eabi/lib/thumb/v6-m/nofp\libg.a(lib_a-calloc.o)
                              CMakeFiles/02_printf.dir/C_/Repositories/pico/pico-sdk/src/rp2_common/pico_malloc/malloc.c.obj (calloc)
c:/program files (x86)/gnu arm embedded toolchain/10 2021.10/bin/../lib/gcc/arm-none-eabi/10.3.1/../../../../arm-none-eabi/lib/thumb/v6-m/nofp\libg.a(lib_a-callocr.o)
                              c:/program files (x86)/gnu arm embedded toolchain/10 2021.10/bin/../lib/gcc/arm-none-eabi/10.3.1/../../../../arm-none-eabi/lib/thumb/v6-m/nofp\libg.a(lib_a-calloc.o) (_calloc_r)
c:/program files (x86)/gnu arm embedded toolchain/10 2021.10/bin/../lib/gcc/arm-none-eabi/10.3.1/../../../../arm-none-eabi/lib/thumb/v6-m/nofp\libg.a(lib_a-errno.o)
                              c:/program files (x86)/gnu arm embedded toolchain/10 2021.10/bin/../lib/gcc/arm-none-eabi/10.3.1/../../../../arm-none-eabi/lib/thumb/v6-m/nofp\libg.a(lib_a-callocr.o) (__errno)
c:/program files (x86)/gnu arm embedded toolchain/10 2021.10/bin/../lib/gcc/arm-none-eabi/10.3.1/../../../../arm-none-eabi/lib/thumb/v6-m/nofp\libg.a(lib_a-impure.o)
                              c:/program files (x86)/gnu arm embedded toolchain/10 2021.10/bin/../lib/gcc/arm-none-eabi/10.3.1/../../../../arm-none-eabi/lib/thumb/v6-m/nofp\libg.a(lib_a-calloc.o) (_impure_ptr)
c:/program files (x86)/gnu arm embedded toolchain/10 2021.10/bin/../lib/gcc/arm-none-eabi/10.3.1/../../../../arm-none-eabi/lib/thumb/v6-m/nofp\libg.a(lib_a-init.o)
                              c:/program files (x86)/gnu arm embedded toolchain/10 2021.10/bin/../lib/gcc/arm-none-eabi/10.3.1/../../../../arm-none-eabi/lib/thumb/v6-m/nofp/crt0.o (__libc_init_array)
c:/program files (x86)/gnu arm embedded toolchain/10 2021.10/bin/../lib/gcc/arm-none-eabi/10.3.1/../../../../arm-none-eabi/lib/thumb/v6-m/nofp\libg.a(lib_a-lcltime_r.o)
                              CMakeFiles/02_printf.dir/C_/Repositories/pico/pico-sdk/src/common/pico_util/datetime.c.obj (localtime_r)
c:/program files (x86)/gnu arm embedded toolchain/10 2021.10/bin/../lib/gcc/arm-none-eabi/10.3.1/../../../../arm-none-eabi/lib/thumb/v6-m/nofp\libg.a(lib_a-malloc.o)
                              CMakeFiles/02_printf.dir/C_/Repositories/pico/pico-sdk/src/rp2_common/pico_malloc/malloc.c.obj (malloc)
c:/program files (x86)/gnu arm embedded toolchain/10 2021.10/bin/../lib/gcc/arm-none-eabi/10.3.1/../../../../arm-none-eabi/lib/thumb/v6-m/nofp\libg.a(lib_a-mallocr.o)
                              c:/program files (x86)/gnu arm embedded toolchain/10 2021.10/bin/../lib/gcc/arm-none-eabi/10.3.1/../../../../arm-none-eabi/lib/thumb/v6-m/nofp\libg.a(lib_a-callocr.o) (_malloc_r)
c:/program files (x86)/gnu arm embedded toolchain/10 2021.10/bin/../lib/gcc/arm-none-eabi/10.3.1/../../../../arm-none-eabi/lib/thumb/v6-m/nofp\libg.a(lib_a-memcmp.o)
                              CMakeFiles/02_printf.dir/C_/Repositories/pico/pico-sdk/src/rp2_common/pico_atomic/atomic.c.obj (memcmp)
c:/program files (x86)/gnu arm embedded toolchain/10 2021.10/bin/../lib/gcc/arm-none-eabi/10.3.1/../../../../arm-none-eabi/lib/thumb/v6-m/nofp\libg.a(lib_a-mktime.o)
                              CMakeFiles/02_printf.dir/C_/Repositories/pico/pico-sdk/src/common/pico_util/datetime.c.obj (mktime)
c:/program files (x86)/gnu arm embedded toolchain/10 2021.10/bin/../lib/gcc/arm-none-eabi/10.3.1/../../../../arm-none-eabi/lib/thumb/v6-m/nofp\libg.a(lib_a-mlock.o)
                              c:/program files (x86)/gnu arm embedded toolchain/10 2021.10/bin/../lib/gcc/arm-none-eabi/10.3.1/../../../../arm-none-eabi/lib/thumb/v6-m/nofp\libg.a(lib_a-mallocr.o) (__malloc_lock)
c:/program files (x86)/gnu arm embedded toolchain/10 2021.10/bin/../lib/gcc/arm-none-eabi/10.3.1/../../../../arm-none-eabi/lib/thumb/v6-m/nofp\libg.a(lib_a-month_lengths.o)
                              c:/program files (x86)/gnu arm embedded toolchain/10 2021.10/bin/../lib/gcc/arm-none-eabi/10.3.1/../../../../arm-none-eabi/lib/thumb/v6-m/nofp\libg.a(lib_a-lcltime_r.o) (__month_lengths)
c:/program files (x86)/gnu arm embedded toolchain/10 2021.10/bin/../lib/gcc/arm-none-eabi/10.3.1/../../../../arm-none-eabi/lib/thumb/v6-m/nofp\libg.a(lib_a-realloc.o)
                              CMakeFiles/02_printf.dir/C_/Repositories/pico/pico-sdk/src/rp2_common/pico_malloc/malloc.c.obj (realloc)
c:/program files (x86)/gnu arm embedded toolchain/10 2021.10/bin/../lib/gcc/arm-none-eabi/10.3.1/../../../../arm-none-eabi/lib/thumb/v6-m/nofp\libg.a(lib_a-reallocr.o)
[...]
Memory Configuration

Name             Origin             Length             Attributes
FLASH            0x10000000         0x00200000         xr
RAM              0x20000000         0x00040000         xrw
SCRATCH_X        0x20040000         0x00001000         xrw
SCRATCH_Y        0x20041000         0x00001000         xrw
*default*        0x00000000         0xffffffff

Linker script and memory map

LOAD c:/program files (x86)/gnu arm embedded toolchain/10 2021.10/bin/../lib/gcc/arm-none-eabi/10.3.1/thumb/v6-m/nofp/crti.o
LOAD c:/program files (x86)/gnu arm embedded toolchain/10 2021.10/bin/../lib/gcc/arm-none-eabi/10.3.1/thumb/v6-m/nofp/crtbegin.o
LOAD c:/program files (x86)/gnu arm embedded toolchain/10 2021.10/bin/../lib/gcc/arm-none-eabi/10.3.1/../../../../arm-none-eabi/lib/thumb/v6-m/nofp/crt0.o

.flash_begin    0x10000000        0x0
                0x10000000                __flash_binary_start = .

.boot2          0x10000000      0x100
                0x10000000                __boot2_start__ = .
 *(.boot2)
 .boot2         0x10000000      0x100 pico-sdk/src/rp2040/boot_stage2/CMakeFiles/bs2_default_library.dir/bs2_default_padded_checksummed.S.obj
                0x10000100                __boot2_end__ = .
                0x00000001                ASSERT (((__boot2_end__ - __boot2_start__) == 0x100), ERROR: Pico second stage bootloader must be 256 bytes in size)

.text           0x10000100     0x7134
                0x10000100                __logical_binary_start = .
 *(.vectors)
 .vectors       0x10000100       0xd4 CMakeFiles/02_printf.dir/C_/Repositories/pico/pico-sdk/src/rp2_common/pico_crt0/crt0.S.obj
                0x10000100                __VECTOR_TABLE
                0x10000100                __vectors
                0x100001c0                isr_irq13
                0x100001c0                isr_irq27
                0x100001c0                isr_irq31
                0x100001c0                isr_irq12
                0x100001c0                isr_irq5
                0x100001c0                isr_irq11
                0x100001c0                isr_irq3
                0x100001c0                isr_irq23
                0x100001c0                __unhandled_user_irq
                0x100001c0                isr_irq26
                0x100001c0                isr_irq28
                0x100001c0                isr_irq19
                0x100001c0                isr_irq0
                0x100001c0                isr_irq6
                0x100001c0                isr_irq29
                0x100001c0                isr_irq16
                0x100001c0                isr_irq22
                0x100001c0                isr_irq18
                0x100001c0                isr_irq17
                0x100001c0                isr_irq14
                0x100001c0                __vectors_end
                0x100001c0                __default_isrs_start
                0x100001c0                isr_irq2
                0x100001c0                isr_irq10
                0x100001c0                isr_irq8
                0x100001c0                isr_irq24
                0x100001c0                isr_irq1
                0x100001c0                isr_irq7
                0x100001c0                isr_irq21
                0x100001c0                isr_irq20
                0x100001c0                isr_irq15
                0x100001c0                isr_irq25
                0x100001c0                isr_irq4
                0x100001c0                isr_irq30
                0x100001c0                isr_irq9
                0x100001c6                unhandled_user_irq_num_in_r0
                0x100001c8                isr_invalid
                0x100001ca                isr_nmi
                0x100001cc                isr_hardfault
                0x100001ce                isr_svcall
                0x100001d0                isr_pendsv
                0x100001d2                isr_systick
                0x100001d4                __default_isrs_end
 *(.binary_info_header)
 .binary_info_header
                0x100001d4       0x14 CMakeFiles/02_printf.dir/C_/Repositories/pico/pico-sdk/src/rp2_common/pico_crt0/crt0.S.obj
                0x100001e8                __binary_info_header_end = .
 *(.embedded_block)
                0x100001e8                __embedded_block_end = .
 *(.reset)
 .reset         0x100001e8       0x9c CMakeFiles/02_printf.dir/C_/Repositories/pico/pico-sdk/src/rp2_common/pico_crt0/crt0.S.obj
                0x100001e8                _entry_point
 *(.init)
 .init          0x10000284        0x4 c:/program files (x86)/gnu arm embedded toolchain/10 2021.10/bin/../lib/gcc/arm-none-eabi/10.3.1/thumb/v6-m/nofp/crti.o
                0x10000284                _init
 *(EXCLUDE_FILE(*libm.a: *libc.a:*lib_a-mem*.o *libgcc.a:) .text*)
 .text          0x10000288       0x48 c:/program files (x86)/gnu arm embedded toolchain/10 2021.10/bin/../lib/gcc/arm-none-eabi/10.3.1/thumb/v6-m/nofp/crtbegin.o
 .text.startup.main
                0x100002d0      0x15c CMakeFiles/02_printf.dir/main.c.obj
                0x100002d0                main
 .text.rp2040_chip_version
                0x1000042c        0xc CMakeFiles/02_printf.dir/C_/Repositories/pico/pico-sdk/src/rp2040/pico_platform/platform.c.obj
                0x1000042c                rp2040_chip_version
 .text.panic    0x10000438       0x30 CMakeFiles/02_printf.dir/C_/Repositories/pico/pico-sdk/src/rp2_common/pico_platform_panic/panic.c.obj
                0x10000438                panic
 .text.hw_claim_or_assert
                0x10000468       0x44 CMakeFiles/02_printf.dir/C_/Repositories/pico/pico-sdk/src/common/hardware_claim/claim.c.obj
                0x10000468                hw_claim_or_assert
 .text.hw_claim_unused_from_range
                0x100004ac       0x9c CMakeFiles/02_printf.dir/C_/Repositories/pico/pico-sdk/src/common/hardware_claim/claim.c.obj
                0x100004ac                hw_claim_unused_from_range
 .text.next_striped_spin_lock_num
                0x10000548       0x18 CMakeFiles/02_printf.dir/C_/Repositories/pico/pico-sdk/src/rp2_common/hardware_sync/sync.c.obj
                0x10000548                next_striped_spin_lock_num
 .text.spin_lock_claim_unused
                0x10000560       0x20 CMakeFiles/02_printf.dir/C_/Repositories/pico/pico-sdk/src/rp2_common/hardware_sync/sync.c.obj
                0x10000560                spin_lock_claim_unused
 .text.spin_locks_reset
                0x10000580       0x1c CMakeFiles/02_printf.dir/C_/Repositories/pico/pico-sdk/src/rp2_common/hardware_sync_spin_lock/sync_spin_lock.c.obj
                0x10000580                spin_locks_reset
 .text.runtime_init_per_core_irq_priorities
                0x1000059c       0x24 CMakeFiles/02_printf.dir/C_/Repositories/pico/pico-sdk/src/rp2_common/hardware_irq/irq.c.obj
                0x1000059c                runtime_init_per_core_irq_priorities
 .text.irq_set_enabled
                0x100005c0       0x24 CMakeFiles/02_printf.dir/C_/Repositories/pico/pico-sdk/src/rp2_common/hardware_irq/irq.c.obj
                0x100005c0                irq_set_enabled
 .text.irq_is_enabled
                0x100005e4       0x18 CMakeFiles/02_printf.dir/C_/Repositories/pico/pico-sdk/src/rp2_common/hardware_irq/irq.c.obj
                0x100005e4                irq_is_enabled
 .text.irq_set_pending
                0x100005fc       0x10 CMakeFiles/02_printf.dir/C_/Repositories/pico/pico-sdk/src/rp2_common/hardware_irq/irq.c.obj
                0x100005fc                irq_set_pending
 .text.irq_has_shared_handler
                0x1000060c       0x24 CMakeFiles/02_printf.dir/C_/Repositories/pico/pico-sdk/src/rp2_common/hardware_irq/irq.c.obj
                0x1000060c                irq_has_shared_handler
 .text.irq_set_exclusive_handler
                0x10000630       0x54 CMakeFiles/02_printf.dir/C_/Repositories/pico/pico-sdk/src/rp2_common/hardware_irq/irq.c.obj
                0x10000630                irq_set_exclusive_handler
 .text.irq_add_shared_handler
                0x10000684      0x1e8 CMakeFiles/02_printf.dir/C_/Repositories/pico/pico-sdk/src/rp2_common/hardware_irq/irq.c.obj
                0x10000684                irq_add_shared_handler
 .text.irq_add_tail_to_free_list
                0x1000086c       0xb4 CMakeFiles/02_printf.dir/C_/Repositories/pico/pico-sdk/src/rp2_common/hardware_irq/irq.c.obj
                0x1000086c                irq_add_tail_to_free_list
 .text.user_irq_claim_unused
                0x10000920       0x28 CMakeFiles/02_printf.dir/C_/Repositories/pico/pico-sdk/src/rp2_common/hardware_irq/irq.c.obj
                0x10000920                user_irq_claim_unused
 .text.lock_init
                0x10000948       0x10 CMakeFiles/02_printf.dir/C_/Repositories/pico/pico-sdk/src/common/pico_sync/lock_core.c.obj
                0x10000948                lock_init
 .text.runtime_init_mutex
                0x10000958       0x58 CMakeFiles/02_printf.dir/C_/Repositories/pico/pico-sdk/src/common/pico_sync/mutex.c.obj
                0x10000958                runtime_init_mutex
 .text.mutex_init
                0x100009b0       0x1c CMakeFiles/02_printf.dir/C_/Repositories/pico/pico-sdk/src/common/pico_sync/mutex.c.obj
                0x100009b0                mutex_init
 .text.critical_section_init
                0x100009cc       0x20 CMakeFiles/02_printf.dir/C_/Repositories/pico/pico-sdk/src/common/pico_sync/critical_section.c.obj
                0x100009cc                critical_section_init
 .text.critical_section_init_with_lock_num
                0x100009ec       0x14 CMakeFiles/02_printf.dir/C_/Repositories/pico/pico-sdk/src/common/pico_sync/critical_section.c.obj
                0x100009ec                critical_section_init_with_lock_num
 .text.sleep_until_callback
                0x10000a00       0x30 CMakeFiles/02_printf.dir/C_/Repositories/pico/pico-sdk/src/common/pico_time/time.c.obj
 .text.alarm_pool_irq_handler
                0x10000a30      0x308 CMakeFiles/02_printf.dir/C_/Repositories/pico/pico-sdk/src/common/pico_time/time.c.obj
 .text.runtime_init_default_alarm_pool
                0x10000d38       0xdc CMakeFiles/02_printf.dir/C_/Repositories/pico/pico-sdk/src/common/pico_time/time.c.obj
                0x10000d38                runtime_init_default_alarm_pool
 .text.alarm_pool_get_default
                0x10000e14        0x8 CMakeFiles/02_printf.dir/C_/Repositories/pico/pico-sdk/src/common/pico_time/time.c.obj
                0x10000e14                alarm_pool_get_default
 .text.alarm_pool_add_alarm_at
                0x10000e1c       0xc8 CMakeFiles/02_printf.dir/C_/Repositories/pico/pico-sdk/src/common/pico_time/time.c.obj
                0x10000e1c                alarm_pool_add_alarm_at
 .text.alarm_pool_add_alarm_at_force_in_context
                0x10000ee4       0xb0 CMakeFiles/02_printf.dir/C_/Repositories/pico/pico-sdk/src/common/pico_time/time.c.obj
                0x10000ee4                alarm_pool_add_alarm_at_force_in_context
 .text.alarm_pool_cancel_alarm
                0x10000f94       0x7c CMakeFiles/02_printf.dir/C_/Repositories/pico/pico-sdk/src/common/pico_time/time.c.obj
                0x10000f94                alarm_pool_cancel_alarm
 .text.alarm_pool_core_num
                0x10001010        0x4 CMakeFiles/02_printf.dir/C_/Repositories/pico/pico-sdk/src/common/pico_time/time.c.obj
                0x10001010                alarm_pool_core_num
 .text.sleep_until
                0x10001014       0xd0 CMakeFiles/02_printf.dir/C_/Repositories/pico/pico-sdk/src/common/pico_time/time.c.obj
                0x10001014                sleep_until
 .text.sleep_ms
                0x100010e4       0x34 CMakeFiles/02_printf.dir/C_/Repositories/pico/pico-sdk/src/common/pico_time/time.c.obj
                0x100010e4                sleep_ms
 .text.best_effort_wfe_or_timeout
                0x10001118       0xfc CMakeFiles/02_printf.dir/C_/Repositories/pico/pico-sdk/src/common/pico_time/time.c.obj
                0x10001118                best_effort_wfe_or_timeout
 .text.timer_hardware_alarm_claim
                0x10001214       0x14 CMakeFiles/02_printf.dir/C_/Repositories/pico/pico-sdk/src/rp2_common/hardware_timer/timer.c.obj
                0x10001214                timer_hardware_alarm_claim
 .text.timer_time_us_64
                0x10001228       0x10 CMakeFiles/02_printf.dir/C_/Repositories/pico/pico-sdk/src/rp2_common/hardware_timer/timer.c.obj
                0x10001228                timer_time_us_64
 .text.time_us_64
                0x10001238       0x14 CMakeFiles/02_printf.dir/C_/Repositories/pico/pico-sdk/src/rp2_common/hardware_timer/timer.c.obj
                0x10001238                time_us_64
 .text.busy_wait_until
                0x1000124c       0x20 CMakeFiles/02_printf.dir/C_/Repositories/pico/pico-sdk/src/rp2_common/hardware_timer/timer.c.obj
                0x1000124c                busy_wait_until
 .text.clock_configure_int_divider
                0x1000126c       0xf4 CMakeFiles/02_printf.dir/C_/Repositories/pico/pico-sdk/src/rp2_common/hardware_clocks/clocks.c.obj
                0x1000126c                clock_configure_int_divider
 .text.clock_configure_undivided
                0x10001360       0xe8 CMakeFiles/02_printf.dir/C_/Repositories/pico/pico-sdk/src/rp2_common/hardware_clocks/clocks.c.obj
                0x10001360                clock_configure_undivided
 .text.clock_get_hz
                0x10001448        0xc CMakeFiles/02_printf.dir/C_/Repositories/pico/pico-sdk/src/rp2_common/hardware_clocks/clocks.c.obj
                0x10001448                clock_get_hz
 .text.pll_init
                0x10001454       0xa0 CMakeFiles/02_printf.dir/C_/Repositories/pico/pico-sdk/src/rp2_common/hardware_pll/pll.c.obj
                0x10001454                pll_init
 .text.watchdog_reboot
                0x100014f4       0x98 CMakeFiles/02_printf.dir/C_/Repositories/pico/pico-sdk/src/rp2_common/hardware_watchdog/watchdog.c.obj
                0x100014f4                watchdog_reboot
 .text.tick_start
                0x1000158c       0x10 CMakeFiles/02_printf.dir/C_/Repositories/pico/pico-sdk/src/rp2_common/hardware_ticks/ticks.c.obj
                0x1000158c                tick_start
 .text.rom_func_lookup
                0x1000159c       0x10 CMakeFiles/02_printf.dir/C_/Repositories/pico/pico-sdk/src/rp2_common/pico_bootrom/bootrom.c.obj
                0x1000159c                rom_func_lookup
 .text.rom_data_lookup
                0x100015ac       0x10 CMakeFiles/02_printf.dir/C_/Repositories/pico/pico-sdk/src/rp2_common/pico_bootrom/bootrom.c.obj
                0x100015ac                rom_data_lookup
 .text.rom_funcs_lookup
                0x100015bc       0x44 CMakeFiles/02_printf.dir/C_/Repositories/pico/pico-sdk/src/rp2_common/pico_bootrom/bootrom.c.obj
                0x100015bc                rom_funcs_lookup
 .text.rom_reset_usb_boot_extra
                0x10001600       0x28 CMakeFiles/02_printf.dir/C_/Repositories/pico/pico-sdk/src/rp2_common/pico_bootrom/bootrom.c.obj
                0x10001600                rom_reset_usb_boot_extra
 .text.xosc_init
                0x10001628       0x28 CMakeFiles/02_printf.dir/C_/Repositories/pico/pico-sdk/src/rp2_common/hardware_xosc/xosc.c.obj
                0x10001628                xosc_init
 .text.first_per_core_initializer
                0x10001650        0x4 CMakeFiles/02_printf.dir/C_/Repositories/pico/pico-sdk/src/rp2_common/pico_runtime/runtime.c.obj
 .text.hard_assertion_failure
                0x10001654        0xc CMakeFiles/02_printf.dir/C_/Repositories/pico/pico-sdk/src/rp2_common/pico_runtime/runtime.c.obj
                0x10001654                hard_assertion_failure
 .text.runtime_run_initializers
                0x10001660       0x28 CMakeFiles/02_printf.dir/C_/Repositories/pico/pico-sdk/src/rp2_common/pico_runtime/runtime.c.obj
                0x10001660                runtime_run_initializers
 .text.runtime_init_early_resets
                0x10001688       0x2c CMakeFiles/02_printf.dir/C_/Repositories/pico/pico-sdk/src/rp2_common/pico_runtime_init/runtime_init.c.obj
                0x10001688                runtime_init_early_resets
 .text.runtime_init_usb_power_down
                0x100016b4       0x1c CMakeFiles/02_printf.dir/C_/Repositories/pico/pico-sdk/src/rp2_common/pico_runtime_init/runtime_init.c.obj
                0x100016b4                runtime_init_usb_power_down
 .text.runtime_init_post_clock_resets
                0x100016d0       0x20 CMakeFiles/02_printf.dir/C_/Repositories/pico/pico-sdk/src/rp2_common/pico_runtime_init/runtime_init.c.obj
                0x100016d0                runtime_init_post_clock_resets
 .text.runtime_init_rp2040_gpio_ie_disable
                0x100016f0       0x14 CMakeFiles/02_printf.dir/C_/Repositories/pico/pico-sdk/src/rp2_common/pico_runtime_init/runtime_init.c.obj
                0x100016f0                runtime_init_rp2040_gpio_ie_disable
 .text.runtime_init_spin_locks_reset
                0x10001704        0x8 CMakeFiles/02_printf.dir/C_/Repositories/pico/pico-sdk/src/rp2_common/pico_runtime_init/runtime_init.c.obj
                0x10001704                runtime_init_spin_locks_reset
 .text.runtime_init_install_ram_vector_table
                0x1000170c       0xcc CMakeFiles/02_printf.dir/C_/Repositories/pico/pico-sdk/src/rp2_common/pico_runtime_init/runtime_init.c.obj
                0x1000170c                runtime_init_install_ram_vector_table
 .text.runtime_init_clocks
                0x100017d8       0xd8 CMakeFiles/02_printf.dir/C_/Repositories/pico/pico-sdk/src/rp2_common/pico_runtime_init/runtime_init_clocks.c.obj
                0x100017d8                runtime_init_clocks
 .text          0x100018b0       0x10 CMakeFiles/02_printf.dir/C_/Repositories/pico/pico-sdk/src/rp2_common/pico_bit_ops/bit_ops_aeabi.S.obj
 .text.__wrap___aeabi_idiv
                0x100018c0       0x50 CMakeFiles/02_printf.dir/C_/Repositories/pico/pico-sdk/src/rp2_common/pico_divider/divider_hardware.S.obj
                0x100018c0                __wrap___aeabi_idivmod
                0x100018c0                divmod_s32s32
                0x100018c0                div_s32s32
                0x100018c0                __wrap___aeabi_idiv
                0x100018c8                divmod_s32s32_unsafe
                0x100018f4                divmod_s32s32_savestate
 .text.__wrap___aeabi_uidiv
                0x10001910       0x4c CMakeFiles/02_printf.dir/C_/Repositories/pico/pico-sdk/src/rp2_common/pico_divider/divider_hardware.S.obj
                0x10001910                __wrap___aeabi_uidiv
                0x10001910                __wrap___aeabi_uidivmod
                0x10001910                div_u32u32
                0x10001910                divmod_u32u32
                0x10001918                divmod_u32u32_unsafe
                0x10001940                divmod_u32u32_savestate
 .text.__wrap___aeabi_ldiv
                0x1000195c      0x424 CMakeFiles/02_printf.dir/C_/Repositories/pico/pico-sdk/src/rp2_common/pico_divider/divider_hardware.S.obj
                0x1000195c                div_s64s64
                0x1000195c                divmod_s64s64
                0x1000195c                __wrap___aeabi_ldivmod
                0x1000198c                divmod_u64u64
                0x1000198c                div_u64u64
                0x1000198c                __wrap___aeabi_uldivmod
                0x1000199c                divmod_u64u64_savestate
                0x100019bc                divmod_s64s64_unsafe
                0x10001a44                divmod_u64u64_unsafe
 .text.__wrap___aeabi_darithmetic
                0x10001d80       0x80 CMakeFiles/02_printf.dir/C_/Repositories/pico/pico-sdk/src/rp2_common/pico_double/double_aeabi_rp2040.S.obj
                0x10001d80                __wrap___aeabi_drsub
                0x10001d86                __wrap___aeabi_dsub
                0x10001d98                __wrap___aeabi_dadd
                0x10001daa                __wrap___aeabi_ddiv
                0x10001de6                __wrap___aeabi_dmul
 .text.__wrap___aeabi_cdcmple
                0x10001e00       0x6c CMakeFiles/02_printf.dir/C_/Repositories/pico/pico-sdk/src/rp2_common/pico_double/double_aeabi_rp2040.S.obj
                0x10001e00                __wrap___aeabi_cdrcmple
                0x10001e10                __wrap___aeabi_cdcmpeq
                0x10001e10                __wrap___aeabi_cdcmple
 .text.__wrap___aeabi_dcmplt
                0x10001e6c        0xc CMakeFiles/02_printf.dir/C_/Repositories/pico/pico-sdk/src/rp2_common/pico_double/double_aeabi_rp2040.S.obj
                0x10001e6c                __wrap___aeabi_dcmplt
 .text.__wrap___aeabi_dcmple
                0x10001e78       0x10 CMakeFiles/02_printf.dir/C_/Repositories/pico/pico-sdk/src/rp2_common/pico_double/double_aeabi_rp2040.S.obj
                0x10001e78                __wrap___aeabi_dcmple
 .text.__wrap___aeabi_dcmpge
                0x10001e88       0x10 CMakeFiles/02_printf.dir/C_/Repositories/pico/pico-sdk/src/rp2_common/pico_double/double_aeabi_rp2040.S.obj
                0x10001e88                __wrap___aeabi_dcmpge
 .text.__wrap___aeabi_dcmpgt
                0x10001e98        0xa CMakeFiles/02_printf.dir/C_/Repositories/pico/pico-sdk/src/rp2_common/pico_double/double_aeabi_rp2040.S.obj
                0x10001e98                __wrap___aeabi_dcmpgt
 .text.__wrap___aeabi_dcmpun
                0x10001ea2       0x18 CMakeFiles/02_printf.dir/C_/Repositories/pico/pico-sdk/src/rp2_common/pico_double/double_aeabi_rp2040.S.obj
                0x10001ea2                __wrap___aeabi_dcmpun
 *fill*         0x10001eba        0x2 
 .text.__wrap___aeabi_i2d
                0x10001ebc       0x38 CMakeFiles/02_printf.dir/C_/Repositories/pico/pico-sdk/src/rp2_common/pico_double/double_aeabi_rp2040.S.obj
                0x10001ebc                uint2double
                0x10001ebc                __wrap___aeabi_ui2d
                0x10001ec4                int2double
                0x10001ec4                __wrap___aeabi_i2d
 .text.__wrap___aeabi_d2iz
                0x10001ef4       0x48 CMakeFiles/02_printf.dir/C_/Repositories/pico/pico-sdk/src/rp2_common/pico_double/double_aeabi_rp2040.S.obj
                0x10001ef4                double2int_z
                0x10001ef4                __wrap___aeabi_d2iz
 .text.__wrap___aeabi_d2uiz
                0x10001f3c       0x18 CMakeFiles/02_printf.dir/C_/Repositories/pico/pico-sdk/src/rp2_common/pico_double/double_aeabi_rp2040.S.obj
                0x10001f3c                double2uint
                0x10001f3c                __wrap___aeabi_d2uiz
                0x10001f3c                double2uint_z
 .text.__aeabi_double_init
                0x10001f54       0xa0 CMakeFiles/02_printf.dir/C_/Repositories/pico/pico-sdk/src/rp2_common/pico_double/double_init_rom_rp2040.c.obj
                0x10001f54                __aeabi_double_init
 .text.double_table_shim_on_use_helper
                0x10001ff4       0x2c CMakeFiles/02_printf.dir/C_/Repositories/pico/pico-sdk/src/rp2_common/pico_double/double_v1_rom_shim_rp2040.S.obj
                0x10001ff4                double_table_shim_on_use_helper
 .text.__wrap___aeabi_dsub
                0x10002020       0x10 CMakeFiles/02_printf.dir/C_/Repositories/pico/pico-sdk/src/rp2_common/pico_double/double_v1_rom_shim_rp2040.S.obj
                0x10002020                drsub_shim
                0x10002026                dsub_shim
 .text.dadd_shim
                0x10002030      0x15c CMakeFiles/02_printf.dir/C_/Repositories/pico/pico-sdk/src/rp2_common/pico_double/double_v1_rom_shim_rp2040.S.obj
                0x10002030                dadd_shim
 .text.dmul_shim
                0x1000218c      0x15c CMakeFiles/02_printf.dir/C_/Repositories/pico/pico-sdk/src/rp2_common/pico_double/double_v1_rom_shim_rp2040.S.obj
                0x1000218c                dmul_shim
 .text.ddiv_shim
                0x100022e8      0x1b0 CMakeFiles/02_printf.dir/C_/Repositories/pico/pico-sdk/src/rp2_common/pico_double/double_v1_rom_shim_rp2040.S.obj
                0x100022e8                ddiv_shim
 .text.double2uint_shim
                0x10002498        0xe CMakeFiles/02_printf.dir/C_/Repositories/pico/pico-sdk/src/rp2_common/pico_double/double_v1_rom_shim_rp2040.S.obj
                0x10002498                double2uint_shim
                0x1000249a                double2ufix_shim
 *fill*         0x100024a6        0x2 
 .text.double2uint64_shim
                0x100024a8       0x70 CMakeFiles/02_printf.dir/C_/Repositories/pico/pico-sdk/src/rp2_common/pico_double/double_v1_rom_shim_rp2040.S.obj
                0x100024a8                double2uint64_shim
                0x100024aa                double2ufix64_shim
                0x100024ca                d2fix_a
 .text.dunpacks
                0x10002518       0x3c CMakeFiles/02_printf.dir/C_/Repositories/pico/pico-sdk/src/rp2_common/pico_double/double_v1_rom_shim_rp2040.S.obj
                0x10002518                dunpacks
 .text.__aeabi_lmul
                0x10002554       0x32 CMakeFiles/02_printf.dir/C_/Repositories/pico/pico-sdk/src/rp2_common/pico_int64_ops/pico_int64_ops_aeabi.S.obj
                0x10002554                __wrap___aeabi_lmul
 *fill*         0x10002586        0x2 
 .text.__aeabi_float_init
                0x10002588       0x64 CMakeFiles/02_printf.dir/C_/Repositories/pico/pico-sdk/src/rp2_common/pico_float/float_init_rom_rp2040.c.obj
                0x10002588                __aeabi_float_init
 .text.float_table_shim_on_use_helper
                0x100025ec       0x2c CMakeFiles/02_printf.dir/C_/Repositories/pico/pico-sdk/src/rp2_common/pico_float/float_v1_rom_shim_rp2040.S.obj
                0x100025ec                float_table_shim_on_use_helper
 .text.__wrap_malloc
                0x10002618       0x24 CMakeFiles/02_printf.dir/C_/Repositories/pico/pico-sdk/src/rp2_common/pico_malloc/malloc.c.obj
                0x10002618                __wrap_malloc
 .text          0x1000263c       0x10 CMakeFiles/02_printf.dir/C_/Repositories/pico/pico-sdk/src/rp2_common/pico_mem_ops/mem_ops_aeabi.S.obj
                0x1000263c                __aeabi_mem_init
 .text.memset   0x1000264c        0xc CMakeFiles/02_printf.dir/C_/Repositories/pico/pico-sdk/src/rp2_common/pico_mem_ops/mem_ops_aeabi.S.obj
                0x1000264c                __wrap_memset
 .text.memcpy   0x10002658        0xc CMakeFiles/02_printf.dir/C_/Repositories/pico/pico-sdk/src/rp2_common/pico_mem_ops/mem_ops_aeabi.S.obj
                0x10002658                __wrap_memcpy
                0x10002658                __wrap___aeabi_memcpy
 .text._out_null
                0x10002664        0x4 CMakeFiles/02_printf.dir/C_/Repositories/pico/pico-sdk/src/rp2_common/pico_printf/printf.c.obj
 .text._out_rev
                0x10002668       0x9c CMakeFiles/02_printf.dir/C_/Repositories/pico/pico-sdk/src/rp2_common/pico_printf/printf.c.obj
 .text._ntoa_format
                0x10002704      0x1cc CMakeFiles/02_printf.dir/C_/Repositories/pico/pico-sdk/src/rp2_common/pico_printf/printf.c.obj
 .text._out_char
                0x100028d0       0x10 CMakeFiles/02_printf.dir/C_/Repositories/pico/pico-sdk/src/rp2_common/pico_printf/printf.c.obj
 .text._out_fct
                0x100028e0       0x10 CMakeFiles/02_printf.dir/C_/Repositories/pico/pico-sdk/src/rp2_common/pico_printf/printf.c.obj
 .text._etoa    0x100028f0      0x44c CMakeFiles/02_printf.dir/C_/Repositories/pico/pico-sdk/src/rp2_common/pico_printf/printf.c.obj
 .text._ftoa    0x10002d3c      0x398 CMakeFiles/02_printf.dir/C_/Repositories/pico/pico-sdk/src/rp2_common/pico_printf/printf.c.obj
 .text._vsnprintf
                0x100030d4      0xb04 CMakeFiles/02_printf.dir/C_/Repositories/pico/pico-sdk/src/rp2_common/pico_printf/printf.c.obj
 .text.vfctprintf
                0x10003bd8       0x20 CMakeFiles/02_printf.dir/C_/Repositories/pico/pico-sdk/src/rp2_common/pico_printf/printf.c.obj
                0x10003bd8                vfctprintf
 .text.weak_raw_vprintf
                0x10003bf8       0x30 CMakeFiles/02_printf.dir/C_/Repositories/pico/pico-sdk/src/rp2_common/pico_printf/printf.c.obj
                0x10003bf8                weak_raw_vprintf
 .text._exit    0x10003c28        0x4 CMakeFiles/02_printf.dir/C_/Repositories/pico/pico-sdk/src/rp2_common/pico_clib_interface/newlib_interface.c.obj
                0x10003c28                _exit
 .text._sbrk    0x10003c2c       0x34 CMakeFiles/02_printf.dir/C_/Repositories/pico/pico-sdk/src/rp2_common/pico_clib_interface/newlib_interface.c.obj
                0x10003c2c                _sbrk
 .text.exit     0x10003c60        0x8 CMakeFiles/02_printf.dir/C_/Repositories/pico/pico-sdk/src/rp2_common/pico_clib_interface/newlib_interface.c.obj
                0x10003c60                exit
 .text.runtime_init
                0x10003c68       0x2c CMakeFiles/02_printf.dir/C_/Repositories/pico/pico-sdk/src/rp2_common/pico_clib_interface/newlib_interface.c.obj
                0x10003c68                runtime_init
 .text.stdio_out_chars_no_crlf
                0x10003c94       0x10 CMakeFiles/02_printf.dir/C_/Repositories/pico/pico-sdk/src/rp2_common/pico_stdio/stdio.c.obj
 .text.stdio_out_chars_crlf
                0x10003ca4       0xb4 CMakeFiles/02_printf.dir/C_/Repositories/pico/pico-sdk/src/rp2_common/pico_stdio/stdio.c.obj
 .text.stdio_buffered_printer
                0x10003d58       0x64 CMakeFiles/02_printf.dir/C_/Repositories/pico/pico-sdk/src/rp2_common/pico_stdio/stdio.c.obj
 .text.stdio_put_string
                0x10003dbc      0x100 CMakeFiles/02_printf.dir/C_/Repositories/pico/pico-sdk/src/rp2_common/pico_stdio/stdio.c.obj
                0x10003dbc                stdio_put_string
 .text.stdio_set_driver_enabled
                0x10003ebc       0x30 CMakeFiles/02_printf.dir/C_/Repositories/pico/pico-sdk/src/rp2_common/pico_stdio/stdio.c.obj
                0x10003ebc                stdio_set_driver_enabled
 .text.stdio_init_all
                0x10003eec        0x8 CMakeFiles/02_printf.dir/C_/Repositories/pico/pico-sdk/src/rp2_common/pico_stdio/stdio.c.obj
                0x10003eec                stdio_init_all
 .text.__wrap_putchar
                0x10003ef4       0x98 CMakeFiles/02_printf.dir/C_/Repositories/pico/pico-sdk/src/rp2_common/pico_stdio/stdio.c.obj
                0x10003ef4                __wrap_putchar
                0x10003ef4                stdio_putchar
 .text.__wrap_puts
                0x10003f8c       0x3c CMakeFiles/02_printf.dir/C_/Repositories/pico/pico-sdk/src/rp2_common/pico_stdio/stdio.c.obj
                0x10003f8c                stdio_puts
                0x10003f8c                __wrap_puts
 .text.__wrap_vprintf
                0x10003fc8       0xd8 CMakeFiles/02_printf.dir/C_/Repositories/pico/pico-sdk/src/rp2_common/pico_stdio/stdio.c.obj
                0x10003fc8                stdio_vprintf
                0x10003fc8                __wrap_vprintf
 .text.__wrap_printf
                0x100040a0       0x18 CMakeFiles/02_printf.dir/C_/Repositories/pico/pico-sdk/src/rp2_common/pico_stdio/stdio.c.obj
                0x100040a0                __wrap_printf
                0x100040a0                stdio_printf
 .text.resetd_init
                0x100040b8        0x4 CMakeFiles/02_printf.dir/C_/Repositories/pico/pico-sdk/src/rp2_common/pico_stdio_usb/reset_interface.c.obj
 .text.resetd_reset
                0x100040bc        0xc CMakeFiles/02_printf.dir/C_/Repositories/pico/pico-sdk/src/rp2_common/pico_stdio_usb/reset_interface.c.obj
 .text.resetd_open
                0x100040c8       0x28 CMakeFiles/02_printf.dir/C_/Repositories/pico/pico-sdk/src/rp2_common/pico_stdio_usb/reset_interface.c.obj
 .text.resetd_xfer_cb
                0x100040f0        0x4 CMakeFiles/02_printf.dir/C_/Repositories/pico/pico-sdk/src/rp2_common/pico_stdio_usb/reset_interface.c.obj
 .text.resetd_control_xfer_cb
                0x100040f4       0x60 CMakeFiles/02_printf.dir/C_/Repositories/pico/pico-sdk/src/rp2_common/pico_stdio_usb/reset_interface.c.obj
 .text.tud_descriptor_bos_cb
                0x10004154        0x8 CMakeFiles/02_printf.dir/C_/Repositories/pico/pico-sdk/src/rp2_common/pico_stdio_usb/reset_interface.c.obj
                0x10004154                tud_descriptor_bos_cb
 .text.tud_vendor_control_xfer_cb
                0x1000415c       0x34 CMakeFiles/02_printf.dir/C_/Repositories/pico/pico-sdk/src/rp2_common/pico_stdio_usb/reset_interface.c.obj
                0x1000415c                tud_vendor_control_xfer_cb
 .text.usbd_app_driver_get_cb
                0x10004190        0xc CMakeFiles/02_printf.dir/C_/Repositories/pico/pico-sdk/src/rp2_common/pico_stdio_usb/reset_interface.c.obj
                0x10004190                usbd_app_driver_get_cb
 .text.tud_cdc_line_coding_cb
                0x1000419c       0x2c CMakeFiles/02_printf.dir/C_/Repositories/pico/pico-sdk/src/rp2_common/pico_stdio_usb/reset_interface.c.obj
                0x1000419c                tud_cdc_line_coding_cb
 .text.stdio_usb_set_chars_available_callback
                0x100041c8       0x14 CMakeFiles/02_printf.dir/C_/Repositories/pico/pico-sdk/src/rp2_common/pico_stdio_usb/stdio_usb.c.obj
                0x100041c8                stdio_usb_set_chars_available_callback
 .text.usb_irq  0x100041dc       0x10 CMakeFiles/02_printf.dir/C_/Repositories/pico/pico-sdk/src/rp2_common/pico_stdio_usb/stdio_usb.c.obj
 .text.timer_task
                0x100041ec       0x64 CMakeFiles/02_printf.dir/C_/Repositories/pico/pico-sdk/src/rp2_common/pico_stdio_usb/stdio_usb.c.obj
 .text.stdio_usb_in_chars
                0x10004250       0x90 CMakeFiles/02_printf.dir/C_/Repositories/pico/pico-sdk/src/rp2_common/pico_stdio_usb/stdio_usb.c.obj
                0x10004250                stdio_usb_in_chars
 .text.stdio_usb_out_flush
                0x100042e0       0x50 CMakeFiles/02_printf.dir/C_/Repositories/pico/pico-sdk/src/rp2_common/pico_stdio_usb/stdio_usb.c.obj
 .text.stdio_usb_out_chars
                0x10004330      0x100 CMakeFiles/02_printf.dir/C_/Repositories/pico/pico-sdk/src/rp2_common/pico_stdio_usb/stdio_usb.c.obj
 .text.low_priority_worker_irq
                0x10004430       0xc8 CMakeFiles/02_printf.dir/C_/Repositories/pico/pico-sdk/src/rp2_common/pico_stdio_usb/stdio_usb.c.obj
 .text.stdio_usb_init
                0x100044f8       0xe8 CMakeFiles/02_printf.dir/C_/Repositories/pico/pico-sdk/src/rp2_common/pico_stdio_usb/stdio_usb.c.obj
                0x100044f8                stdio_usb_init
 .text.tud_descriptor_device_cb
                0x100045e0        0x8 CMakeFiles/02_printf.dir/C_/Repositories/pico/pico-sdk/src/rp2_common/pico_stdio_usb/stdio_usb_descriptors.c.obj
                0x100045e0                tud_descriptor_device_cb
 .text.tud_descriptor_configuration_cb
                0x100045e8        0x8 CMakeFiles/02_printf.dir/C_/Repositories/pico/pico-sdk/src/rp2_common/pico_stdio_usb/stdio_usb_descriptors.c.obj
                0x100045e8                tud_descriptor_configuration_cb
 .text.tud_descriptor_string_cb
                0x100045f0       0x74 CMakeFiles/02_printf.dir/C_/Repositories/pico/pico-sdk/src/rp2_common/pico_stdio_usb/stdio_usb_descriptors.c.obj
                0x100045f0                tud_descriptor_string_cb
 .text.startup._retrieve_unique_id_on_boot
                0x10004664       0x10 CMakeFiles/02_printf.dir/C_/Repositories/pico/pico-sdk/src/rp2_common/pico_unique_id/unique_id.c.obj
 .text.pico_get_unique_board_id_string
                0x10004674      0x1a8 CMakeFiles/02_printf.dir/C_/Repositories/pico/pico-sdk/src/rp2_common/pico_unique_id/unique_id.c.obj
                0x10004674                pico_get_unique_board_id_string
 .text.flash_get_unique_id
                0x1000481c       0x40 CMakeFiles/02_printf.dir/C_/Repositories/pico/pico-sdk/src/rp2_common/hardware_flash/flash.c.obj
                0x1000481c                flash_get_unique_id
 .text.dcd_init
                0x1000485c       0x90 CMakeFiles/02_printf.dir/C_/Repositories/pico/pico-sdk/lib/tinyusb/src/portable/raspberrypi/rp2040/dcd_rp2040.c.obj
                0x1000485c                dcd_init
 .text.dcd_int_enable
                0x100048ec        0xc CMakeFiles/02_printf.dir/C_/Repositories/pico/pico-sdk/lib/tinyusb/src/portable/raspberrypi/rp2040/dcd_rp2040.c.obj
                0x100048ec                dcd_int_enable
 .text.dcd_set_address
                0x100048f8       0x14 CMakeFiles/02_printf.dir/C_/Repositories/pico/pico-sdk/lib/tinyusb/src/portable/raspberrypi/rp2040/dcd_rp2040.c.obj
                0x100048f8                dcd_set_address
 .text.dcd_sof_enable
                0x1000490c       0x1c CMakeFiles/02_printf.dir/C_/Repositories/pico/pico-sdk/lib/tinyusb/src/portable/raspberrypi/rp2040/dcd_rp2040.c.obj
                0x1000490c                dcd_sof_enable
 .text.dcd_edpt0_status_complete
                0x10004928       0x1c CMakeFiles/02_printf.dir/C_/Repositories/pico/pico-sdk/lib/tinyusb/src/portable/raspberrypi/rp2040/dcd_rp2040.c.obj
                0x10004928                dcd_edpt0_status_complete
 .text.dcd_edpt_open
                0x10004944      0x114 CMakeFiles/02_printf.dir/C_/Repositories/pico/pico-sdk/lib/tinyusb/src/portable/raspberrypi/rp2040/dcd_rp2040.c.obj
                0x10004944                dcd_edpt_open
 .text.dcd_edpt_close_all
                0x10004a58        0x8 CMakeFiles/02_printf.dir/C_/Repositories/pico/pico-sdk/lib/tinyusb/src/portable/raspberrypi/rp2040/dcd_rp2040.c.obj
                0x10004a58                dcd_edpt_close_all
 .text.dcd_edpt_xfer
                0x10004a60       0x24 CMakeFiles/02_printf.dir/C_/Repositories/pico/pico-sdk/lib/tinyusb/src/portable/raspberrypi/rp2040/dcd_rp2040.c.obj
                0x10004a60                dcd_edpt_xfer
 .text.dcd_edpt_stall
                0x10004a84       0x38 CMakeFiles/02_printf.dir/C_/Repositories/pico/pico-sdk/lib/tinyusb/src/portable/raspberrypi/rp2040/dcd_rp2040.c.obj
                0x10004a84                dcd_edpt_stall
 .text.dcd_edpt_clear_stall
                0x10004abc       0x30 CMakeFiles/02_printf.dir/C_/Repositories/pico/pico-sdk/lib/tinyusb/src/portable/raspberrypi/rp2040/dcd_rp2040.c.obj
                0x10004abc                dcd_edpt_clear_stall
 .text.rp2040_usb_init
                0x10004aec       0x40 CMakeFiles/02_printf.dir/C_/Repositories/pico/pico-sdk/lib/tinyusb/src/portable/raspberrypi/rp2040/rp2040_usb.c.obj
                0x10004aec                rp2040_usb_init
 .text.hw_endpoint_xfer_start
                0x10004b2c       0x50 CMakeFiles/02_printf.dir/C_/Repositories/pico/pico-sdk/lib/tinyusb/src/portable/raspberrypi/rp2040/rp2040_usb.c.obj
                0x10004b2c                hw_endpoint_xfer_start
 .text.tud_event_hook_cb
                0x10004b7c        0x4 CMakeFiles/02_printf.dir/C_/Repositories/pico/pico-sdk/lib/tinyusb/src/device/usbd.c.obj
                0x10004b7c                tud_event_hook_cb
 .text.tud_sof_cb
                0x10004b80        0x4 CMakeFiles/02_printf.dir/C_/Repositories/pico/pico-sdk/lib/tinyusb/src/device/usbd.c.obj
                0x10004b80                tud_sof_cb
 .text.tud_descriptor_device_qualifier_cb
                0x10004b84        0x4 CMakeFiles/02_printf.dir/C_/Repositories/pico/pico-sdk/lib/tinyusb/src/device/usbd.c.obj
                0x10004b84                tud_descriptor_device_qualifier_cb
 .text.tud_descriptor_other_speed_configuration_cb
                0x10004b88        0x4 CMakeFiles/02_printf.dir/C_/Repositories/pico/pico-sdk/lib/tinyusb/src/device/usbd.c.obj
                0x10004b88                tud_descriptor_other_speed_configuration_cb
 .text.tud_mount_cb
                0x10004b8c        0x4 CMakeFiles/02_printf.dir/C_/Repositories/pico/pico-sdk/lib/tinyusb/src/device/usbd.c.obj
                0x10004b8c                tud_mount_cb
 .text.tud_umount_cb
                0x10004b90        0x4 CMakeFiles/02_printf.dir/C_/Repositories/pico/pico-sdk/lib/tinyusb/src/device/usbd.c.obj
                0x10004b90                tud_umount_cb
 .text.tud_suspend_cb
                0x10004b94        0x4 CMakeFiles/02_printf.dir/C_/Repositories/pico/pico-sdk/lib/tinyusb/src/device/usbd.c.obj
                0x10004b94                tud_suspend_cb
 .text.tud_resume_cb
                0x10004b98        0x4 CMakeFiles/02_printf.dir/C_/Repositories/pico/pico-sdk/lib/tinyusb/src/device/usbd.c.obj
                0x10004b98                tud_resume_cb
 .text.tud_mounted
                0x10004b9c       0x10 CMakeFiles/02_printf.dir/C_/Repositories/pico/pico-sdk/lib/tinyusb/src/device/usbd.c.obj
                0x10004b9c                tud_mounted
 .text.tud_suspended
                0x10004bac       0x10 CMakeFiles/02_printf.dir/C_/Repositories/pico/pico-sdk/lib/tinyusb/src/device/usbd.c.obj
                0x10004bac                tud_suspended
 .text.tud_rhport_init
                0x10004bbc       0xf4 CMakeFiles/02_printf.dir/C_/Repositories/pico/pico-sdk/lib/tinyusb/src/device/usbd.c.obj
                0x10004bbc                tud_rhport_init
 .text.tud_task_ext
                0x10004cb0      0x800 CMakeFiles/02_printf.dir/C_/Repositories/pico/pico-sdk/lib/tinyusb/src/device/usbd.c.obj
                0x10004cb0                tud_task_ext
 .text.usbd_open_edpt_pair
                0x100054b0       0x9c CMakeFiles/02_printf.dir/C_/Repositories/pico/pico-sdk/lib/tinyusb/src/device/usbd.c.obj
                0x100054b0                usbd_open_edpt_pair
 .text.usbd_edpt_open
                0x1000554c       0x34 CMakeFiles/02_printf.dir/C_/Repositories/pico/pico-sdk/lib/tinyusb/src/device/usbd.c.obj
                0x1000554c                usbd_edpt_open
 .text.usbd_edpt_claim
                0x10005580       0x28 CMakeFiles/02_printf.dir/C_/Repositories/pico/pico-sdk/lib/tinyusb/src/device/usbd.c.obj
                0x10005580                usbd_edpt_claim
 .text.usbd_edpt_release
                0x100055a8       0x28 CMakeFiles/02_printf.dir/C_/Repositories/pico/pico-sdk/lib/tinyusb/src/device/usbd.c.obj
                0x100055a8                usbd_edpt_release
 .text.usbd_edpt_xfer
                0x100055d0       0x4c CMakeFiles/02_printf.dir/C_/Repositories/pico/pico-sdk/lib/tinyusb/src/device/usbd.c.obj
                0x100055d0                usbd_edpt_xfer
 .text.tud_control_status
                0x1000561c       0x30 CMakeFiles/02_printf.dir/C_/Repositories/pico/pico-sdk/lib/tinyusb/src/device/usbd_control.c.obj
                0x1000561c                tud_control_status
 .text.tud_control_xfer
                0x1000564c       0xbc CMakeFiles/02_printf.dir/C_/Repositories/pico/pico-sdk/lib/tinyusb/src/device/usbd_control.c.obj
                0x1000564c                tud_control_xfer
 .text.usbd_control_reset
                0x10005708       0x14 CMakeFiles/02_printf.dir/C_/Repositories/pico/pico-sdk/lib/tinyusb/src/device/usbd_control.c.obj
                0x10005708                usbd_control_reset
 .text.usbd_control_set_complete_callback
                0x1000571c        0xc CMakeFiles/02_printf.dir/C_/Repositories/pico/pico-sdk/lib/tinyusb/src/device/usbd_control.c.obj
                0x1000571c                usbd_control_set_complete_callback
 .text.usbd_control_set_request
                0x10005728       0x1c CMakeFiles/02_printf.dir/C_/Repositories/pico/pico-sdk/lib/tinyusb/src/device/usbd_control.c.obj
                0x10005728                usbd_control_set_request
 .text.usbd_control_xfer_cb
                0x10005744       0xf0 CMakeFiles/02_printf.dir/C_/Repositories/pico/pico-sdk/lib/tinyusb/src/device/usbd_control.c.obj
                0x10005744                usbd_control_xfer_cb
 .text._prep_out_transaction.isra.0
                0x10005834       0x6c CMakeFiles/02_printf.dir/C_/Repositories/pico/pico-sdk/lib/tinyusb/src/class/cdc/cdc_device.c.obj
 .text.tud_cdc_n_connected
                0x100058a0       0x2c CMakeFiles/02_printf.dir/C_/Repositories/pico/pico-sdk/lib/tinyusb/src/class/cdc/cdc_device.c.obj
                0x100058a0                tud_cdc_n_connected
 .text.tud_cdc_n_available
                0x100058cc       0x18 CMakeFiles/02_printf.dir/C_/Repositories/pico/pico-sdk/lib/tinyusb/src/class/cdc/cdc_device.c.obj
                0x100058cc                tud_cdc_n_available
 .text.tud_cdc_n_read
                0x100058e4       0x94 CMakeFiles/02_printf.dir/C_/Repositories/pico/pico-sdk/lib/tinyusb/src/class/cdc/cdc_device.c.obj
                0x100058e4                tud_cdc_n_read
 .text.tud_cdc_n_write_flush
                0x10005978       0x78 CMakeFiles/02_printf.dir/C_/Repositories/pico/pico-sdk/lib/tinyusb/src/class/cdc/cdc_device.c.obj
                0x10005978                tud_cdc_n_write_flush
 .text.tud_cdc_n_write
                0x100059f0       0x44 CMakeFiles/02_printf.dir/C_/Repositories/pico/pico-sdk/lib/tinyusb/src/class/cdc/cdc_device.c.obj
                0x100059f0                tud_cdc_n_write
 .text.tud_cdc_n_write_available
                0x10005a34       0x18 CMakeFiles/02_printf.dir/C_/Repositories/pico/pico-sdk/lib/tinyusb/src/class/cdc/cdc_device.c.obj
                0x10005a34                tud_cdc_n_write_available
 .text.cdcd_init
                0x10005a4c       0x70 CMakeFiles/02_printf.dir/C_/Repositories/pico/pico-sdk/lib/tinyusb/src/class/cdc/cdc_device.c.obj
                0x10005a4c                cdcd_init
 .text.cdcd_deinit
                0x10005abc       0x24 CMakeFiles/02_printf.dir/C_/Repositories/pico/pico-sdk/lib/tinyusb/src/class/cdc/cdc_device.c.obj
                0x10005abc                cdcd_deinit
 .text.cdcd_reset
                0x10005ae0       0x4c CMakeFiles/02_printf.dir/C_/Repositories/pico/pico-sdk/lib/tinyusb/src/class/cdc/cdc_device.c.obj
                0x10005ae0                cdcd_reset
 .text.cdcd_open
                0x10005b2c       0xa8 CMakeFiles/02_printf.dir/C_/Repositories/pico/pico-sdk/lib/tinyusb/src/class/cdc/cdc_device.c.obj
                0x10005b2c                cdcd_open
 .text.cdcd_control_xfer_cb
                0x10005bd4       0xe8 CMakeFiles/02_printf.dir/C_/Repositories/pico/pico-sdk/lib/tinyusb/src/class/cdc/cdc_device.c.obj
                0x10005bd4                cdcd_control_xfer_cb
 .text.cdcd_xfer_cb
                0x10005cbc       0xfc CMakeFiles/02_printf.dir/C_/Repositories/pico/pico-sdk/lib/tinyusb/src/class/cdc/cdc_device.c.obj
                0x10005cbc                cdcd_xfer_cb
 .text.vendord_init
                0x10005db8       0x5c CMakeFiles/02_printf.dir/C_/Repositories/pico/pico-sdk/lib/tinyusb/src/class/vendor/vendor_device.c.obj
                0x10005db8                vendord_init
 .text.vendord_deinit
                0x10005e14       0x1c CMakeFiles/02_printf.dir/C_/Repositories/pico/pico-sdk/lib/tinyusb/src/class/vendor/vendor_device.c.obj
                0x10005e14                vendord_deinit
 .text.vendord_reset
                0x10005e30       0x28 CMakeFiles/02_printf.dir/C_/Repositories/pico/pico-sdk/lib/tinyusb/src/class/vendor/vendor_device.c.obj
                0x10005e30                vendord_reset
 .text.vendord_open
                0x10005e58      0x128 CMakeFiles/02_printf.dir/C_/Repositories/pico/pico-sdk/lib/tinyusb/src/class/vendor/vendor_device.c.obj
                0x10005e58                vendord_open
 .text.vendord_xfer_cb
                0x10005f80       0x9c CMakeFiles/02_printf.dir/C_/Repositories/pico/pico-sdk/lib/tinyusb/src/class/vendor/vendor_device.c.obj
                0x10005f80                vendord_xfer_cb
 .text.tusb_rhport_init
                0x1000601c       0x48 CMakeFiles/02_printf.dir/C_/Repositories/pico/pico-sdk/lib/tinyusb/src/tusb.c.obj
                0x1000601c                tusb_rhport_init
 .text.tu_edpt_claim
                0x10006064       0x50 CMakeFiles/02_printf.dir/C_/Repositories/pico/pico-sdk/lib/tinyusb/src/tusb.c.obj
                0x10006064                tu_edpt_claim
 .text.tu_edpt_release
                0x100060b4       0x38 CMakeFiles/02_printf.dir/C_/Repositories/pico/pico-sdk/lib/tinyusb/src/tusb.c.obj
                0x100060b4                tu_edpt_release
 .text.tu_edpt_validate
                0x100060ec       0x78 CMakeFiles/02_printf.dir/C_/Repositories/pico/pico-sdk/lib/tinyusb/src/tusb.c.obj
                0x100060ec                tu_edpt_validate
 .text.tu_edpt_bind_driver
                0x10006164       0x34 CMakeFiles/02_printf.dir/C_/Repositories/pico/pico-sdk/lib/tinyusb/src/tusb.c.obj
                0x10006164                tu_edpt_bind_driver
 .text.tu_edpt_stream_init
                0x10006198       0x6c CMakeFiles/02_printf.dir/C_/Repositories/pico/pico-sdk/lib/tinyusb/src/tusb.c.obj
                0x10006198                tu_edpt_stream_init
 .text.tu_edpt_stream_deinit
                0x10006204        0x4 CMakeFiles/02_printf.dir/C_/Repositories/pico/pico-sdk/lib/tinyusb/src/tusb.c.obj
                0x10006204                tu_edpt_stream_deinit
 .text.tu_edpt_stream_write_zlp_if_needed
                0x10006208       0x58 CMakeFiles/02_printf.dir/C_/Repositories/pico/pico-sdk/lib/tinyusb/src/tusb.c.obj
                0x10006208                tu_edpt_stream_write_zlp_if_needed
 .text.tu_edpt_stream_write_xfer
                0x10006260       0x64 CMakeFiles/02_printf.dir/C_/Repositories/pico/pico-sdk/lib/tinyusb/src/tusb.c.obj
                0x10006260                tu_edpt_stream_write_xfer
 .text.tu_edpt_stream_read_xfer
                0x100062c4       0xdc CMakeFiles/02_printf.dir/C_/Repositories/pico/pico-sdk/lib/tinyusb/src/tusb.c.obj
                0x100062c4                tu_edpt_stream_read_xfer
 .text.tu_fifo_config
                0x100063a0       0x70 CMakeFiles/02_printf.dir/C_/Repositories/pico/pico-sdk/lib/tinyusb/src/common/tusb_fifo.c.obj
                0x100063a0                tu_fifo_config
 .text.tu_fifo_count
                0x10006410       0x2c CMakeFiles/02_printf.dir/C_/Repositories/pico/pico-sdk/lib/tinyusb/src/common/tusb_fifo.c.obj
                0x10006410                tu_fifo_count
 .text.tu_fifo_empty
                0x1000643c       0x10 CMakeFiles/02_printf.dir/C_/Repositories/pico/pico-sdk/lib/tinyusb/src/common/tusb_fifo.c.obj
                0x1000643c                tu_fifo_empty
 .text.tu_fifo_remaining
                0x1000644c       0x2c CMakeFiles/02_printf.dir/C_/Repositories/pico/pico-sdk/lib/tinyusb/src/common/tusb_fifo.c.obj
                0x1000644c                tu_fifo_remaining
 .text.tu_fifo_read
                0x10006478       0xa0 CMakeFiles/02_printf.dir/C_/Repositories/pico/pico-sdk/lib/tinyusb/src/common/tusb_fifo.c.obj
                0x10006478                tu_fifo_read
 .text.tu_fifo_read_n
                0x10006518       0xec CMakeFiles/02_printf.dir/C_/Repositories/pico/pico-sdk/lib/tinyusb/src/common/tusb_fifo.c.obj
                0x10006518                tu_fifo_read_n
 .text.tu_fifo_write
                0x10006604       0x88 CMakeFiles/02_printf.dir/C_/Repositories/pico/pico-sdk/lib/tinyusb/src/common/tusb_fifo.c.obj
                0x10006604                tu_fifo_write
 .text.tu_fifo_write_n
                0x1000668c      0x168 CMakeFiles/02_printf.dir/C_/Repositories/pico/pico-sdk/lib/tinyusb/src/common/tusb_fifo.c.obj
                0x1000668c                tu_fifo_write_n
 .text.tu_fifo_clear
                0x100067f4       0x40 CMakeFiles/02_printf.dir/C_/Repositories/pico/pico-sdk/lib/tinyusb/src/common/tusb_fifo.c.obj
                0x100067f4                tu_fifo_clear
 .text.tu_fifo_set_overwritable
                0x10006834       0x48 CMakeFiles/02_printf.dir/C_/Repositories/pico/pico-sdk/lib/tinyusb/src/common/tusb_fifo.c.obj
                0x10006834                tu_fifo_set_overwritable
 .text.malloc   0x1000687c       0x14 c:/program files (x86)/gnu arm embedded toolchain/10 2021.10/bin/../lib/gcc/arm-none-eabi/10.3.1/../../../../arm-none-eabi/lib/thumb/v6-m/nofp\libg.a(lib_a-malloc.o)
                0x1000687c                malloc
 .text._malloc_r
                0x10006890      0x584 c:/program files (x86)/gnu arm embedded toolchain/10 2021.10/bin/../lib/gcc/arm-none-eabi/10.3.1/../../../../arm-none-eabi/lib/thumb/v6-m/nofp\libg.a(lib_a-mallocr.o)
                0x10006890                _malloc_r
 .text.__malloc_lock
                0x10006e14       0x10 c:/program files (x86)/gnu arm embedded toolchain/10 2021.10/bin/../lib/gcc/arm-none-eabi/10.3.1/../../../../arm-none-eabi/lib/thumb/v6-m/nofp\libg.a(lib_a-mlock.o)
                0x10006e14                __malloc_lock
 .text.__malloc_unlock
                0x10006e24       0x10 c:/program files (x86)/gnu arm embedded toolchain/10 2021.10/bin/../lib/gcc/arm-none-eabi/10.3.1/../../../../arm-none-eabi/lib/thumb/v6-m/nofp\libg.a(lib_a-mlock.o)
                0x10006e24                __malloc_unlock
 .text._sbrk_r  0x10006e34       0x24 c:/program files (x86)/gnu arm embedded toolchain/10 2021.10/bin/../lib/gcc/arm-none-eabi/10.3.1/../../../../arm-none-eabi/lib/thumb/v6-m/nofp\libg.a(lib_a-sbrkr.o)
                0x10006e34                _sbrk_r
 .text.strlen   0x10006e58       0x5c c:/program files (x86)/gnu arm embedded toolchain/10 2021.10/bin/../lib/gcc/arm-none-eabi/10.3.1/../../../../arm-none-eabi/lib/thumb/v6-m/nofp\libg.a(lib_a-strlen-stub.o)
                0x10006e58                strlen
 .text._malloc_trim_r
                0x10006eb4       0x9c c:/program files (x86)/gnu arm embedded toolchain/10 2021.10/bin/../lib/gcc/arm-none-eabi/10.3.1/../../../../arm-none-eabi/lib/thumb/v6-m/nofp\libg.a(lib_a-freer.o)
                0x10006eb4                _malloc_trim_r
 .text._free_r  0x10006f50      0x1c4 c:/program files (x86)/gnu arm embedded toolchain/10 2021.10/bin/../lib/gcc/arm-none-eabi/10.3.1/../../../../arm-none-eabi/lib/thumb/v6-m/nofp\libg.a(lib_a-freer.o)
                0x10006f50                _free_r
 .text.__retarget_lock_acquire_recursive
                0x10007114        0x4 c:/program files (x86)/gnu arm embedded toolchain/10 2021.10/bin/../lib/gcc/arm-none-eabi/10.3.1/../../../../arm-none-eabi/lib/thumb/v6-m/nofp\libg.a(lib_a-lock.o)
                0x10007114                __retarget_lock_acquire_recursive
 .text.__retarget_lock_release_recursive
                0x10007118        0x4 c:/program files (x86)/gnu arm embedded toolchain/10 2021.10/bin/../lib/gcc/arm-none-eabi/10.3.1/../../../../arm-none-eabi/lib/thumb/v6-m/nofp\libg.a(lib_a-lock.o)
                0x10007118                __retarget_lock_release_recursive
 *(.fini)
 .fini          0x1000711c        0x4 c:/program files (x86)/gnu arm embedded toolchain/10 2021.10/bin/../lib/gcc/arm-none-eabi/10.3.1/thumb/v6-m/nofp/crti.o
                0x1000711c                _fini
 .fini.__stub   0x10007120       0xd0 linker stubs
 *crtbegin.o(.ctors)
 *crtbegin?.o(.ctors)
 *(EXCLUDE_FILE(*crtend.o *crtend?.o) .ctors)
 *(SORT_BY_NAME(.ctors.*))
 *(.ctors)
 *crtbegin.o(.dtors)
 *crtbegin?.o(.dtors)
 *(EXCLUDE_FILE(*crtend.o *crtend?.o) .dtors)
 *(SORT_BY_NAME(.dtors.*))
 *(.dtors)
                0x100071f0                . = ALIGN (0x4)
                0x100071f0                PROVIDE (__preinit_array_start = .)
 *(SORT_BY_NAME(.preinit_array.*))
 .preinit_array.00100
                0x100071f0        0x4 CMakeFiles/02_printf.dir/C_/Repositories/pico/pico-sdk/src/rp2_common/pico_runtime_init/runtime_init.c.obj
                0x100071f0                __pre_init_runtime_init_early_resets
 .preinit_array.00101
                0x100071f4        0x4 CMakeFiles/02_printf.dir/C_/Repositories/pico/pico-sdk/src/rp2_common/pico_runtime_init/runtime_init.c.obj
                0x100071f4                __pre_init_runtime_init_usb_power_down
 .preinit_array.00275
                0x100071f8        0x4 CMakeFiles/02_printf.dir/C_/Repositories/pico/pico-sdk/src/rp2_common/pico_bit_ops/bit_ops_aeabi.S.obj
 .preinit_array.00300
                0x100071fc        0x4 CMakeFiles/02_printf.dir/C_/Repositories/pico/pico-sdk/src/rp2_common/pico_mem_ops/mem_ops_aeabi.S.obj
 .preinit_array.00350
                0x10007200        0x4 CMakeFiles/02_printf.dir/C_/Repositories/pico/pico-sdk/src/rp2_common/pico_double/double_aeabi_rp2040.S.obj
 .preinit_array.00350
                0x10007204        0x4 CMakeFiles/02_printf.dir/C_/Repositories/pico/pico-sdk/src/rp2_common/pico_float/float_aeabi_rp2040.S.obj
 .preinit_array.00500
                0x10007208        0x4 CMakeFiles/02_printf.dir/C_/Repositories/pico/pico-sdk/src/rp2_common/pico_runtime_init/runtime_init.c.obj
                0x10007208                __pre_init_runtime_init_clocks
 .preinit_array.00600
                0x1000720c        0x4 CMakeFiles/02_printf.dir/C_/Repositories/pico/pico-sdk/src/rp2_common/pico_runtime_init/runtime_init.c.obj
                0x1000720c                __pre_init_runtime_init_post_clock_resets
 .preinit_array.00700
                0x10007210        0x4 CMakeFiles/02_printf.dir/C_/Repositories/pico/pico-sdk/src/rp2_common/pico_runtime_init/runtime_init.c.obj
                0x10007210                __pre_init_runtime_init_rp2040_gpio_ie_disable
 .preinit_array.01000
                0x10007214        0x4 CMakeFiles/02_printf.dir/C_/Repositories/pico/pico-sdk/src/rp2_common/pico_runtime_init/runtime_init.c.obj
                0x10007214                __pre_init_runtime_init_spin_locks_reset
 .preinit_array.01100
                0x10007218        0x4 CMakeFiles/02_printf.dir/C_/Repositories/pico/pico-sdk/src/common/pico_sync/mutex.c.obj
                0x10007218                __pre_init_runtime_init_mutex
 .preinit_array.10080
                0x1000721c        0x4 CMakeFiles/02_printf.dir/C_/Repositories/pico/pico-sdk/src/rp2_common/pico_runtime_init/runtime_init.c.obj
                0x1000721c                __pre_init_runtime_init_install_ram_vector_table
 .preinit_array.11000
                0x10007220        0x4 CMakeFiles/02_printf.dir/C_/Repositories/pico/pico-sdk/src/common/pico_time/time.c.obj
                0x10007220                __pre_init_runtime_init_default_alarm_pool
 .preinit_array.YYYYY
                0x10007224        0x4 CMakeFiles/02_printf.dir/C_/Repositories/pico/pico-sdk/src/rp2_common/pico_runtime/runtime.c.obj
                0x10007224                __pre_init_first_per_core_initializer
 .preinit_array.ZZZZZ.01200
                0x10007228        0x4 CMakeFiles/02_printf.dir/C_/Repositories/pico/pico-sdk/src/rp2_common/hardware_irq/irq.c.obj
                0x10007228                __pre_init_runtime_init_per_core_irq_priorities
 *(.preinit_array)
                0x1000722c                PROVIDE (__preinit_array_end = .)
                0x1000722c                . = ALIGN (0x4)
                0x1000722c                PROVIDE (__init_array_start = .)
 *(SORT_BY_NAME(.init_array.*))
 .init_array.01000
                0x1000722c        0x4 CMakeFiles/02_printf.dir/C_/Repositories/pico/pico-sdk/src/rp2_common/pico_unique_id/unique_id.c.obj
 *(.init_array)
 .init_array    0x10007230        0x4 c:/program files (x86)/gnu arm embedded toolchain/10 2021.10/bin/../lib/gcc/arm-none-eabi/10.3.1/thumb/v6-m/nofp/crtbegin.o
                0x10007234                PROVIDE (__init_array_end = .)
                0x10007234                . = ALIGN (0x4)
                [!provide]                PROVIDE (__fini_array_start = .)
 *(SORT_BY_NAME(.fini_array.*))
 *(.fini_array)
                [!provide]                PROVIDE (__fini_array_end = .)
 *(.eh_frame*)
 .eh_frame      0x10007234        0x0 c:/program files (x86)/gnu arm embedded toolchain/10 2021.10/bin/../lib/gcc/arm-none-eabi/10.3.1/thumb/v6-m/nofp/crtbegin.o
                0x10007234                . = ALIGN (0x4)

.glue_7         0x10007234        0x0
 .glue_7        0x10007234        0x0 linker stubs

.glue_7t        0x10007234        0x0
 .glue_7t       0x10007234        0x0 linker stubs

.vfp11_veneer   0x10007234        0x0
 .vfp11_veneer  0x10007234        0x0 linker stubs

.v4_bx          0x10007234        0x0
 .v4_bx         0x10007234        0x0 linker stubs

.iplt           0x10007234        0x0
 .iplt          0x10007234        0x0 c:/program files (x86)/gnu arm embedded toolchain/10 2021.10/bin/../lib/gcc/arm-none-eabi/10.3.1/thumb/v6-m/nofp/crtbegin.o

.rodata         0x10007238      0x960
 *(EXCLUDE_FILE(*libm.a: *libc.a:*lib_a-mem*.o *libgcc.a:) .rodata*)
 .rodata.main.str1.4
                0x10007238      0x2f8 CMakeFiles/02_printf.dir/main.c.obj
 .rodata.constant_variable
                0x10007530        0x4 CMakeFiles/02_printf.dir/main.c.obj
                0x10007530                constant_variable
 .rodata.panic.str1.4
                0x10007534       0x10 CMakeFiles/02_printf.dir/C_/Repositories/pico/pico-sdk/src/rp2_common/pico_platform_panic/panic.c.obj
                                 0x12 (size before relaxing)
 .rodata.spin_lock_claim_unused.str1.4
                0x10007544       0x1b CMakeFiles/02_printf.dir/C_/Repositories/pico/pico-sdk/src/rp2_common/hardware_sync/sync.c.obj
 *fill*         0x1000755f        0x1 
 .rodata.user_irq_claim_unused.str1.4
                0x10007560       0x1b CMakeFiles/02_printf.dir/C_/Repositories/pico/pico-sdk/src/rp2_common/hardware_irq/irq.c.obj
 *fill*         0x1000757b        0x1 
 .rodata.timer_hardware_alarm_claim.str1.4
                0x1000757c       0x22 CMakeFiles/02_printf.dir/C_/Repositories/pico/pico-sdk/src/rp2_common/hardware_timer/timer.c.obj
 *fill*         0x1000759e        0x2 
 .rodata.hard_assertion_failure.str1.4
                0x100075a0        0xc CMakeFiles/02_printf.dir/C_/Repositories/pico/pico-sdk/src/rp2_common/pico_runtime/runtime.c.obj
 .rodata.__wrap_malloc.str1.4
                0x100075ac        0xe CMakeFiles/02_printf.dir/C_/Repositories/pico/pico-sdk/src/rp2_common/pico_malloc/malloc.c.obj
 *fill*         0x100075ba        0x2 
 .rodata.str1.4
                0x100075bc       0x40 CMakeFiles/02_printf.dir/C_/Repositories/pico/pico-sdk/src/rp2_common/pico_standard_binary_info/standard_binary_info.c.obj
 .rodata.__bi_26
                0x100075fc        0xc CMakeFiles/02_printf.dir/C_/Repositories/pico/pico-sdk/src/rp2_common/pico_standard_binary_info/standard_binary_info.c.obj
 .rodata.__bi_34
                0x10007608        0xc CMakeFiles/02_printf.dir/C_/Repositories/pico/pico-sdk/src/rp2_common/pico_standard_binary_info/standard_binary_info.c.obj
 .rodata.__bi_42
                0x10007614        0xc CMakeFiles/02_printf.dir/C_/Repositories/pico/pico-sdk/src/rp2_common/pico_standard_binary_info/standard_binary_info.c.obj
 .rodata.__bi_48
                0x10007620        0xc CMakeFiles/02_printf.dir/C_/Repositories/pico/pico-sdk/src/rp2_common/pico_standard_binary_info/standard_binary_info.c.obj
 .rodata.__bi_54
                0x1000762c        0xc CMakeFiles/02_printf.dir/C_/Repositories/pico/pico-sdk/src/rp2_common/pico_standard_binary_info/standard_binary_info.c.obj
 .rodata.__bi_78
                0x10007638        0xc CMakeFiles/02_printf.dir/C_/Repositories/pico/pico-sdk/src/rp2_common/pico_standard_binary_info/standard_binary_info.c.obj
 .rodata.__bi_84
                0x10007644        0xc CMakeFiles/02_printf.dir/C_/Repositories/pico/pico-sdk/src/rp2_common/pico_standard_binary_info/standard_binary_info.c.obj
 .rodata._ftoa.str1.4
                0x10007650       0x15 CMakeFiles/02_printf.dir/C_/Repositories/pico/pico-sdk/src/rp2_common/pico_printf/printf.c.obj
 *fill*         0x10007665        0x3 
 .rodata._vsnprintf
                0x10007668      0x1e0 CMakeFiles/02_printf.dir/C_/Repositories/pico/pico-sdk/src/rp2_common/pico_printf/printf.c.obj
 .rodata.pow10.0
                0x10007848       0x50 CMakeFiles/02_printf.dir/C_/Repositories/pico/pico-sdk/src/rp2_common/pico_printf/printf.c.obj
 .rodata.crlf_str.0
                0x10007898        0x2 CMakeFiles/02_printf.dir/C_/Repositories/pico/pico-sdk/src/rp2_common/pico_stdio/stdio.c.obj
 *fill*         0x1000789a        0x2 
 .rodata._resetd_driver
                0x1000789c       0x20 CMakeFiles/02_printf.dir/C_/Repositories/pico/pico-sdk/src/rp2_common/pico_stdio_usb/reset_interface.c.obj
 .rodata.desc_bos
                0x100078bc       0x21 CMakeFiles/02_printf.dir/C_/Repositories/pico/pico-sdk/src/rp2_common/pico_stdio_usb/reset_interface.c.obj
                0x100078bc                desc_bos
 *fill*         0x100078dd        0x3 
 .rodata.desc_ms_os_20
                0x100078e0       0xa6 CMakeFiles/02_printf.dir/C_/Repositories/pico/pico-sdk/src/rp2_common/pico_stdio_usb/reset_interface.c.obj
 *fill*         0x10007986        0x2 
 .rodata.str1.4
                0x10007988       0x13 CMakeFiles/02_printf.dir/C_/Repositories/pico/pico-sdk/src/rp2_common/pico_stdio_usb/stdio_usb.c.obj
 *fill*         0x1000799b        0x1 
 .rodata.__bi_202.0
                0x1000799c        0xc CMakeFiles/02_printf.dir/C_/Repositories/pico/pico-sdk/src/rp2_common/pico_stdio_usb/stdio_usb.c.obj
 .rodata.str1.4
                0x100079a8       0x2a CMakeFiles/02_printf.dir/C_/Repositories/pico/pico-sdk/src/rp2_common/pico_stdio_usb/stdio_usb_descriptors.c.obj
 *fill*         0x100079d2        0x2 
 .rodata.usbd_desc_cfg
                0x100079d4       0x54 CMakeFiles/02_printf.dir/C_/Repositories/pico/pico-sdk/src/rp2_common/pico_stdio_usb/stdio_usb_descriptors.c.obj
 .rodata.usbd_desc_device
                0x10007a28       0x12 CMakeFiles/02_printf.dir/C_/Repositories/pico/pico-sdk/src/rp2_common/pico_stdio_usb/stdio_usb_descriptors.c.obj
 *fill*         0x10007a3a        0x2 
 .rodata.usbd_desc_str
                0x10007a3c       0x18 CMakeFiles/02_printf.dir/C_/Repositories/pico/pico-sdk/src/rp2_common/pico_stdio_usb/stdio_usb_descriptors.c.obj
 .rodata.str1.4
                0x10007a54       0x14 CMakeFiles/02_printf.dir/C_/Repositories/pico/pico-sdk/lib/tinyusb/src/portable/raspberrypi/rp2040/dcd_rp2040.c.obj
 .rodata.str1.4
                0x10007a68       0x48 CMakeFiles/02_printf.dir/C_/Repositories/pico/pico-sdk/lib/tinyusb/src/portable/raspberrypi/rp2040/rp2040_usb.c.obj
 .rodata.tud_task_ext
                0x10007ab0       0x8c CMakeFiles/02_printf.dir/C_/Repositories/pico/pico-sdk/lib/tinyusb/src/device/usbd.c.obj
 .rodata        0x10007b3c       0x1c CMakeFiles/02_printf.dir/C_/Repositories/pico/pico-sdk/lib/tinyusb/src/device/usbd.c.obj
 .rodata._usbd_driver
                0x10007b58       0x40 CMakeFiles/02_printf.dir/C_/Repositories/pico/pico-sdk/lib/tinyusb/src/device/usbd.c.obj
                0x10007b98                . = ALIGN (0x4)
 *(SORT_BY_ALIGNMENT(SORT_BY_NAME(.flashdata*)))
                0x10007b98                . = ALIGN (0x4)

.ARM.extab
 *(.ARM.extab* .gnu.linkonce.armextab.*)
                0x10007b98                __exidx_start = .

.ARM.exidx
 *(.ARM.exidx* .gnu.linkonce.armexidx.*)
                0x10007b98                __exidx_end = .
                0x10007b98                . = ALIGN (0x4)
                0x10007b98                __binary_info_start = .

.binary_info    0x10007b98       0x20
 *(.binary_info.keep.*)
 .binary_info.keep.__bi_ptr26
                0x10007b98        0x4 CMakeFiles/02_printf.dir/C_/Repositories/pico/pico-sdk/src/rp2_common/pico_standard_binary_info/standard_binary_info.c.obj
 .binary_info.keep.__bi_ptr34
                0x10007b9c        0x4 CMakeFiles/02_printf.dir/C_/Repositories/pico/pico-sdk/src/rp2_common/pico_standard_binary_info/standard_binary_info.c.obj
 .binary_info.keep.__bi_ptr42
                0x10007ba0        0x4 CMakeFiles/02_printf.dir/C_/Repositories/pico/pico-sdk/src/rp2_common/pico_standard_binary_info/standard_binary_info.c.obj
 .binary_info.keep.__bi_ptr48
                0x10007ba4        0x4 CMakeFiles/02_printf.dir/C_/Repositories/pico/pico-sdk/src/rp2_common/pico_standard_binary_info/standard_binary_info.c.obj
 .binary_info.keep.__bi_ptr54
                0x10007ba8        0x4 CMakeFiles/02_printf.dir/C_/Repositories/pico/pico-sdk/src/rp2_common/pico_standard_binary_info/standard_binary_info.c.obj
 .binary_info.keep.__bi_ptr78
                0x10007bac        0x4 CMakeFiles/02_printf.dir/C_/Repositories/pico/pico-sdk/src/rp2_common/pico_standard_binary_info/standard_binary_info.c.obj
 .binary_info.keep.__bi_ptr84
                0x10007bb0        0x4 CMakeFiles/02_printf.dir/C_/Repositories/pico/pico-sdk/src/rp2_common/pico_standard_binary_info/standard_binary_info.c.obj
 *(.binary_info.*)
 .binary_info.__bi_ptr202
                0x10007bb4        0x4 CMakeFiles/02_printf.dir/C_/Repositories/pico/pico-sdk/src/rp2_common/pico_stdio_usb/stdio_usb.c.obj
                0x10007bb8                __binary_info_end = .
                0x10007bb8                . = ALIGN (0x4)

.ram_vector_table
                0x20000000       0xc0
 *(.ram_vector_table)
 .ram_vector_table
                0x20000000       0xc0 CMakeFiles/02_printf.dir/C_/Repositories/pico/pico-sdk/src/rp2_common/pico_runtime_init/runtime_init.c.obj
                0x20000000                ram_vector_table

.uninitialized_data
                0x200000c0        0x0
                0x200000c0                . = ALIGN (0x4)
 *(.uninitialized_data*)

.data           0x200000c0     0x1870 load address 0x10007bb8
                0x200000c0                __data_start__ = .
 *(vtable)
 *(.time_critical*)
 .time_critical.mutex_try_enter
                0x200000c0       0x44 CMakeFiles/02_printf.dir/C_/Repositories/pico/pico-sdk/src/common/pico_sync/mutex.c.obj
                0x200000c0                mutex_try_enter
 .time_critical.mutex_try_enter_block_until
                0x20000104       0x9c CMakeFiles/02_printf.dir/C_/Repositories/pico/pico-sdk/src/common/pico_sync/mutex.c.obj
                0x20000104                mutex_try_enter_block_until
 .time_critical.mutex_enter_timeout_ms
                0x200001a0       0x90 CMakeFiles/02_printf.dir/C_/Repositories/pico/pico-sdk/src/common/pico_sync/mutex.c.obj
                0x200001a0                mutex_enter_timeout_ms
 .time_critical.mutex_exit
                0x20000230       0x28 CMakeFiles/02_printf.dir/C_/Repositories/pico/pico-sdk/src/common/pico_sync/mutex.c.obj
                0x20000230                mutex_exit
 .time_critical.flash_init_boot2_copyout
                0x20000258       0x30 CMakeFiles/02_printf.dir/C_/Repositories/pico/pico-sdk/src/rp2_common/hardware_flash/flash.c.obj
 .time_critical.flash_enable_xip_via_boot2
                0x20000288       0x10 CMakeFiles/02_printf.dir/C_/Repositories/pico/pico-sdk/src/rp2_common/hardware_flash/flash.c.obj
 .time_critical.flash_save_hardware_state
                0x20000298       0x28 CMakeFiles/02_printf.dir/C_/Repositories/pico/pico-sdk/src/rp2_common/hardware_flash/flash.c.obj
 .time_critical.flash_restore_hardware_state
                0x200002c0       0x28 CMakeFiles/02_printf.dir/C_/Repositories/pico/pico-sdk/src/rp2_common/hardware_flash/flash.c.obj
 .time_critical.flash_cs_force
                0x200002e8       0x38 CMakeFiles/02_printf.dir/C_/Repositories/pico/pico-sdk/src/rp2_common/hardware_flash/flash.c.obj
 .time_critical.flash_do_cmd
                0x20000320       0xd4 CMakeFiles/02_printf.dir/C_/Repositories/pico/pico-sdk/src/rp2_common/hardware_flash/flash.c.obj
                0x20000320                flash_do_cmd
 .time_critical.reset_non_control_endpoints
                0x200003f4       0xbc CMakeFiles/02_printf.dir/C_/Repositories/pico/pico-sdk/lib/tinyusb/src/portable/raspberrypi/rp2040/dcd_rp2040.c.obj
 .time_critical.hw_handle_buff_status
                0x200004b0       0x98 CMakeFiles/02_printf.dir/C_/Repositories/pico/pico-sdk/lib/tinyusb/src/portable/raspberrypi/rp2040/dcd_rp2040.c.obj
 .time_critical.dcd_rp2040_irq
                0x20000548      0x530 CMakeFiles/02_printf.dir/C_/Repositories/pico/pico-sdk/lib/tinyusb/src/portable/raspberrypi/rp2040/dcd_rp2040.c.obj
 .time_critical.prepare_ep_buffer
                0x20000a78       0xf4 CMakeFiles/02_printf.dir/C_/Repositories/pico/pico-sdk/lib/tinyusb/src/portable/raspberrypi/rp2040/rp2040_usb.c.obj
 .time_critical.sync_ep_buffer
                0x20000b6c       0xb4 CMakeFiles/02_printf.dir/C_/Repositories/pico/pico-sdk/lib/tinyusb/src/portable/raspberrypi/rp2040/rp2040_usb.c.obj
 .time_critical._hw_endpoint_xfer_sync
                0x20000c20       0x28 CMakeFiles/02_printf.dir/C_/Repositories/pico/pico-sdk/lib/tinyusb/src/portable/raspberrypi/rp2040/rp2040_usb.c.obj
 .time_critical.e15_is_bulkin_ep
                0x20000c48       0x28 CMakeFiles/02_printf.dir/C_/Repositories/pico/pico-sdk/lib/tinyusb/src/portable/raspberrypi/rp2040/rp2040_usb.c.obj
 .time_critical.e15_is_critical_frame_period
                0x20000c70       0x34 CMakeFiles/02_printf.dir/C_/Repositories/pico/pico-sdk/lib/tinyusb/src/portable/raspberrypi/rp2040/rp2040_usb.c.obj
 .time_critical.hw_endpoint_reset_transfer
                0x20000ca4        0xc CMakeFiles/02_printf.dir/C_/Repositories/pico/pico-sdk/lib/tinyusb/src/portable/raspberrypi/rp2040/rp2040_usb.c.obj
                0x20000ca4                hw_endpoint_reset_transfer
 .time_critical._hw_endpoint_buffer_control_update32
                0x20000cb0       0x50 CMakeFiles/02_printf.dir/C_/Repositories/pico/pico-sdk/lib/tinyusb/src/portable/raspberrypi/rp2040/rp2040_usb.c.obj
                0x20000cb0                _hw_endpoint_buffer_control_update32
 .time_critical.hw_endpoint_start_next_buffer
                0x20000d00       0x6c CMakeFiles/02_printf.dir/C_/Repositories/pico/pico-sdk/lib/tinyusb/src/portable/raspberrypi/rp2040/rp2040_usb.c.obj
                0x20000d00                hw_endpoint_start_next_buffer
 .time_critical.hw_endpoint_xfer_continue
                0x20000d6c       0x40 CMakeFiles/02_printf.dir/C_/Repositories/pico/pico-sdk/lib/tinyusb/src/portable/raspberrypi/rp2040/rp2040_usb.c.obj
                0x20000d6c                hw_endpoint_xfer_continue
 .time_critical.tinyusb
                0x20000dac      0x1f0 CMakeFiles/02_printf.dir/C_/Repositories/pico/pico-sdk/lib/tinyusb/src/device/usbd.c.obj
                0x20000dac                dcd_event_handler
 *(.text*)
 .text          0x20000f9c        0x4 c:/program files (x86)/gnu arm embedded toolchain/10 2021.10/bin/../lib/gcc/arm-none-eabi/10.3.1/thumb/v6-m/nofp\libgcc.a(_dvmd_tls.o)
                0x20000f9c                __aeabi_idiv0
                0x20000f9c                __aeabi_ldiv0
 .text.__stub   0x20000fa0       0x80 linker stubs
                0x20001020                . = ALIGN (0x4)
 *(.rodata*)
                0x20001020                . = ALIGN (0x4)
 *(.data*)
 .data.striped_spin_lock_num
                0x20001020        0x1 CMakeFiles/02_printf.dir/C_/Repositories/pico/pico-sdk/src/rp2_common/hardware_sync/sync.c.obj
 *fill*         0x20001021        0x3 
 .data          0x20001024       0x48 CMakeFiles/02_printf.dir/C_/Repositories/pico/pico-sdk/src/rp2_common/hardware_irq/irq_handler_chain.S.obj
                0x20001024                irq_handler_chain_slots
                0x20001054                irq_handler_chain_first_slot
                0x2000105e                irq_handler_chain_remove_tail
 .data.default_alarm_pool
                0x2000106c       0x18 CMakeFiles/02_printf.dir/C_/Repositories/pico/pico-sdk/src/common/pico_time/time.c.obj
 *fill*         0x20001084        0xc 
 .data.aeabi_bits_funcs
                0x20001090       0x10 CMakeFiles/02_printf.dir/C_/Repositories/pico/pico-sdk/src/rp2_common/pico_bit_ops/bit_ops_aeabi.S.obj
                0x20001090                aeabi_bits_funcs
                0x200010a0                aeabi_bits_funcs_end
 .data.aeabi_mem_funcs
                0x200010a0       0x10 CMakeFiles/02_printf.dir/C_/Repositories/pico/pico-sdk/src/rp2_common/pico_mem_ops/mem_ops_aeabi.S.obj
                0x200010a0                aeabi_mem_funcs
                0x200010b0                aeabi_mem_funcs_end
 .data.stdio_usb
                0x200010b0       0x18 CMakeFiles/02_printf.dir/C_/Repositories/pico/pico-sdk/src/rp2_common/pico_stdio_usb/stdio_usb.c.obj
                0x200010b0                stdio_usb
 .data._usbd_qdef
                0x200010c8       0x1c CMakeFiles/02_printf.dir/C_/Repositories/pico/pico-sdk/lib/tinyusb/src/device/usbd.c.obj
                0x200010c8                _usbd_qdef
 .data._usbd_rhport
                0x200010e4        0x1 CMakeFiles/02_printf.dir/C_/Repositories/pico/pico-sdk/lib/tinyusb/src/device/usbd.c.obj
 *fill*         0x200010e5        0x3 
 .data._impure_ptr
                0x200010e8        0x4 c:/program files (x86)/gnu arm embedded toolchain/10 2021.10/bin/../lib/gcc/arm-none-eabi/10.3.1/../../../../arm-none-eabi/lib/thumb/v6-m/nofp\libg.a(lib_a-impure.o)
                0x200010e8                _impure_ptr
 *fill*         0x200010ec        0x4 
 .data.impure_data
                0x200010f0      0x428 c:/program files (x86)/gnu arm embedded toolchain/10 2021.10/bin/../lib/gcc/arm-none-eabi/10.3.1/../../../../arm-none-eabi/lib/thumb/v6-m/nofp\libg.a(lib_a-impure.o)
 .data.__malloc_av_
                0x20001518      0x408 c:/program files (x86)/gnu arm embedded toolchain/10 2021.10/bin/../lib/gcc/arm-none-eabi/10.3.1/../../../../arm-none-eabi/lib/thumb/v6-m/nofp\libg.a(lib_a-mallocr.o)
                0x20001518                __malloc_av_
 .data.__malloc_sbrk_base
                0x20001920        0x4 c:/program files (x86)/gnu arm embedded toolchain/10 2021.10/bin/../lib/gcc/arm-none-eabi/10.3.1/../../../../arm-none-eabi/lib/thumb/v6-m/nofp\libg.a(lib_a-mallocr.o)
                0x20001920                __malloc_sbrk_base
 .data.__malloc_trim_threshold
                0x20001924        0x4 c:/program files (x86)/gnu arm embedded toolchain/10 2021.10/bin/../lib/gcc/arm-none-eabi/10.3.1/../../../../arm-none-eabi/lib/thumb/v6-m/nofp\libg.a(lib_a-mallocr.o)
                0x20001924                __malloc_trim_threshold
                0x20001928                . = ALIGN (0x4)
 *(.after_data.*)
                0x20001928                . = ALIGN (0x4)
                0x20001928                PROVIDE (__mutex_array_start = .)
 *(SORT_BY_NAME(.mutex_array.*))
 *(.mutex_array)
 .mutex_array   0x20001928        0x8 CMakeFiles/02_printf.dir/C_/Repositories/pico/pico-sdk/src/rp2_common/pico_stdio/stdio.c.obj
                0x20001930                PROVIDE (__mutex_array_end = .)
                0x20001930                . = ALIGN (0x4)
 *(.jcr)
                0x20001930                . = ALIGN (0x4)

.igot.plt       0x20001930        0x0 load address 0x10009428
 .igot.plt      0x20001930        0x0 c:/program files (x86)/gnu arm embedded toolchain/10 2021.10/bin/../lib/gcc/arm-none-eabi/10.3.1/thumb/v6-m/nofp/crtbegin.o

.tdata          0x20001930        0x0 load address 0x10009428
                0x20001930                . = ALIGN (0x4)
 *(.tdata .tdata.* .gnu.linkonce.td.*)
                0x20001930                __tdata_end = .
                0x20001930                PROVIDE (__data_end__ = .)
                0x10007bb8                __etext = LOADADDR (.data)

.tbss           0x20001930        0x0 load address 0x10009428
                0x20001930                . = ALIGN (0x4)
                0x20001930                __bss_start__ = .
                0x20001930                __tls_base = .
 *(.tbss .tbss.* .gnu.linkonce.tb.*)
 *(.tcommon)
                0x20001930                __tls_end = .

.bss            0x20001930      0xf44 load address 0x10009428
                0x20001930                . = ALIGN (0x4)
                0x20001930                __tbss_end = .
 *(SORT_BY_ALIGNMENT(SORT_BY_NAME(.bss*)))
 .bss.default_alarm_pool_entries
                0x20001930      0x180 CMakeFiles/02_printf.dir/C_/Repositories/pico/pico-sdk/src/common/pico_time/time.c.obj
 .bss.last_avail_time.1
                0x20001ab0        0x8 CMakeFiles/02_printf.dir/C_/Repositories/pico/pico-sdk/src/rp2_common/pico_stdio_usb/stdio_usb.c.obj
 .bss.sd_table  0x20001ab8      0x100 CMakeFiles/02_printf.dir/C_/Repositories/pico/pico-sdk/src/rp2_common/pico_double/double_init_rom_rp2040.c.obj
                0x20001ab8                sd_table
 .bss.sf_table  0x20001bb8      0x100 CMakeFiles/02_printf.dir/C_/Repositories/pico/pico-sdk/src/rp2_common/pico_float/float_init_rom_rp2040.c.obj
                0x20001bb8                sf_table
 .bss           0x20001cb8       0x1c c:/program files (x86)/gnu arm embedded toolchain/10 2021.10/bin/../lib/gcc/arm-none-eabi/10.3.1/thumb/v6-m/nofp/crtbegin.o
 .bss.__lock___malloc_recursive_mutex
                0x20001cd4        0x1 c:/program files (x86)/gnu arm embedded toolchain/10 2021.10/bin/../lib/gcc/arm-none-eabi/10.3.1/../../../../arm-none-eabi/lib/thumb/v6-m/nofp\libg.a(lib_a-lock.o)
                0x20001cd4                __lock___malloc_recursive_mutex
 *fill*         0x20001cd5        0x3 
 .bss.__malloc_current_mallinfo
                0x20001cd8       0x28 c:/program files (x86)/gnu arm embedded toolchain/10 2021.10/bin/../lib/gcc/arm-none-eabi/10.3.1/../../../../arm-none-eabi/lib/thumb/v6-m/nofp\libg.a(lib_a-mallocr.o)
                0x20001cd8                __malloc_current_mallinfo
 .bss.__malloc_max_sbrked_mem
                0x20001d00        0x4 c:/program files (x86)/gnu arm embedded toolchain/10 2021.10/bin/../lib/gcc/arm-none-eabi/10.3.1/../../../../arm-none-eabi/lib/thumb/v6-m/nofp\libg.a(lib_a-mallocr.o)
                0x20001d00                __malloc_max_sbrked_mem
 .bss.__malloc_max_total_mem
                0x20001d04        0x4 c:/program files (x86)/gnu arm embedded toolchain/10 2021.10/bin/../lib/gcc/arm-none-eabi/10.3.1/../../../../arm-none-eabi/lib/thumb/v6-m/nofp\libg.a(lib_a-mallocr.o)
                0x20001d04                __malloc_max_total_mem
 .bss.__malloc_top_pad
                0x20001d08        0x4 c:/program files (x86)/gnu arm embedded toolchain/10 2021.10/bin/../lib/gcc/arm-none-eabi/10.3.1/../../../../arm-none-eabi/lib/thumb/v6-m/nofp\libg.a(lib_a-mallocr.o)
                0x20001d08                __malloc_top_pad
 .bss._app_driver
                0x20001d0c        0x4 CMakeFiles/02_printf.dir/C_/Repositories/pico/pico-sdk/lib/tinyusb/src/device/usbd.c.obj
 .bss._cdcd_epbuf
                0x20001d10       0x80 CMakeFiles/02_printf.dir/C_/Repositories/pico/pico-sdk/lib/tinyusb/src/class/cdc/cdc_device.c.obj
 .bss._cdcd_fifo_cfg
                0x20001d90        0x1 CMakeFiles/02_printf.dir/C_/Repositories/pico/pico-sdk/lib/tinyusb/src/class/cdc/cdc_device.c.obj
 *fill*         0x20001d91        0x3 
 .bss._cdcd_itf
                0x20001d94       0xc8 CMakeFiles/02_printf.dir/C_/Repositories/pico/pico-sdk/lib/tinyusb/src/class/cdc/cdc_device.c.obj
 .bss._ctrl_epbuf
                0x20001e5c       0x40 CMakeFiles/02_printf.dir/C_/Repositories/pico/pico-sdk/lib/tinyusb/src/device/usbd_control.c.obj
 .bss._ctrl_xfer
                0x20001e9c       0x14 CMakeFiles/02_printf.dir/C_/Repositories/pico/pico-sdk/lib/tinyusb/src/device/usbd_control.c.obj
 .bss._tusb_rhport_role
                0x20001eb0        0x2 CMakeFiles/02_printf.dir/C_/Repositories/pico/pico-sdk/lib/tinyusb/src/tusb.c.obj
                0x20001eb0                _tusb_rhport_role
 *fill*         0x20001eb2        0x2 
 .bss._ubsd_mutexdef
                0x20001eb4        0x8 CMakeFiles/02_printf.dir/C_/Repositories/pico/pico-sdk/lib/tinyusb/src/device/usbd.c.obj
 .bss._usbd_dev
                0x20001ebc       0x54 CMakeFiles/02_printf.dir/C_/Repositories/pico/pico-sdk/lib/tinyusb/src/device/usbd.c.obj
 .bss._usbd_mutex
                0x20001f10        0x4 CMakeFiles/02_printf.dir/C_/Repositories/pico/pico-sdk/lib/tinyusb/src/device/usbd.c.obj
 .bss._usbd_q   0x20001f14        0x4 CMakeFiles/02_printf.dir/C_/Repositories/pico/pico-sdk/lib/tinyusb/src/device/usbd.c.obj
 .bss._usbd_qdef_buf
                0x20001f18       0xc0 CMakeFiles/02_printf.dir/C_/Repositories/pico/pico-sdk/lib/tinyusb/src/device/usbd.c.obj
                0x20001f18                _usbd_qdef_buf
 .bss._vendord_epbuf
                0x20001fd8       0x80 CMakeFiles/02_printf.dir/C_/Repositories/pico/pico-sdk/lib/tinyusb/src/class/vendor/vendor_device.c.obj
 .bss._vendord_itf
                0x20002058      0x24c CMakeFiles/02_printf.dir/C_/Repositories/pico/pico-sdk/lib/tinyusb/src/class/vendor/vendor_device.c.obj
 .bss.boot2_copyout
                0x200022a4      0x100 CMakeFiles/02_printf.dir/C_/Repositories/pico/pico-sdk/src/rp2_common/hardware_flash/flash.c.obj
 .bss.chars_available_callback
                0x200023a4        0x4 CMakeFiles/02_printf.dir/C_/Repositories/pico/pico-sdk/src/rp2_common/pico_stdio_usb/stdio_usb.c.obj
 .bss.chars_available_param
                0x200023a8        0x4 CMakeFiles/02_printf.dir/C_/Repositories/pico/pico-sdk/src/rp2_common/pico_stdio_usb/stdio_usb.c.obj
 .bss.claimed   0x200023ac        0x4 CMakeFiles/02_printf.dir/C_/Repositories/pico/pico-sdk/src/rp2_common/hardware_sync/sync.c.obj
 .bss.claimed   0x200023b0        0x1 CMakeFiles/02_printf.dir/C_/Repositories/pico/pico-sdk/src/rp2_common/hardware_timer/timer.c.obj
 *fill*         0x200023b1        0x3 
 .bss.configured_freq
                0x200023b4       0x28 CMakeFiles/02_printf.dir/C_/Repositories/pico/pico-sdk/src/rp2_common/hardware_clocks/clocks.c.obj
 .bss.desc_str.0
                0x200023dc       0x28 CMakeFiles/02_printf.dir/C_/Repositories/pico/pico-sdk/src/rp2_common/pico_stdio_usb/stdio_usb_descriptors.c.obj
 .bss.drivers   0x20002404        0x4 CMakeFiles/02_printf.dir/C_/Repositories/pico/pico-sdk/src/rp2_common/pico_stdio/stdio.c.obj
 .bss.e15_last_sof
                0x20002408        0x4 CMakeFiles/02_printf.dir/C_/Repositories/pico/pico-sdk/lib/tinyusb/src/portable/raspberrypi/rp2040/rp2040_usb.c.obj
                0x20002408                e15_last_sof
 .bss.errno     0x2000240c        0x4 c:/program files (x86)/gnu arm embedded toolchain/10 2021.10/bin/../lib/gcc/arm-none-eabi/10.3.1/../../../../arm-none-eabi/lib/thumb/v6-m/nofp\libg.a(lib_a-reent.o)
                0x2000240c                errno
 .bss.filter    0x20002410        0x4 CMakeFiles/02_printf.dir/C_/Repositories/pico/pico-sdk/src/rp2_common/pico_stdio/stdio.c.obj
 .bss.global_variable
                0x20002414        0x4 CMakeFiles/02_printf.dir/main.c.obj
                0x20002414                global_variable
 .bss.heap_end.0
                0x20002418        0x4 CMakeFiles/02_printf.dir/C_/Repositories/pico/pico-sdk/src/rp2_common/pico_clib_interface/newlib_interface.c.obj
 .bss.hw_endpoints
                0x2000241c      0x400 CMakeFiles/02_printf.dir/C_/Repositories/pico/pico-sdk/lib/tinyusb/src/portable/raspberrypi/rp2040/dcd_rp2040.c.obj
 .bss.lazy_vsnprintf
                0x2000281c        0x4 CMakeFiles/02_printf.dir/C_/Repositories/pico/pico-sdk/src/rp2_common/pico_printf/printf.c.obj
 .bss.load_value
                0x20002820        0x4 CMakeFiles/02_printf.dir/C_/Repositories/pico/pico-sdk/src/rp2_common/hardware_watchdog/watchdog.c.obj
 .bss.next_buffer_ptr
                0x20002824        0x4 CMakeFiles/02_printf.dir/C_/Repositories/pico/pico-sdk/lib/tinyusb/src/portable/raspberrypi/rp2040/dcd_rp2040.c.obj
 .bss.one_shot_timer_crit_sec
                0x20002828        0x8 CMakeFiles/02_printf.dir/C_/Repositories/pico/pico-sdk/src/rp2_common/pico_stdio_usb/stdio_usb.c.obj
 .bss.pools     0x20002830       0x10 CMakeFiles/02_printf.dir/C_/Repositories/pico/pico-sdk/src/common/pico_time/time.c.obj
 .bss.retrieved_id
                0x20002840        0x8 CMakeFiles/02_printf.dir/C_/Repositories/pico/pico-sdk/src/rp2_common/pico_unique_id/unique_id.c.obj
 .bss.sf_clz_func
                0x20002848        0x4 CMakeFiles/02_printf.dir/C_/Repositories/pico/pico-sdk/src/rp2_common/pico_double/double_init_rom_rp2040.c.obj
                0x20002848                sf_clz_func
 .bss.sleep_notifier
                0x2000284c        0x4 CMakeFiles/02_printf.dir/C_/Repositories/pico/pico-sdk/src/common/pico_time/time.c.obj
 .bss.stdio_usb_mutex
                0x20002850        0x8 CMakeFiles/02_printf.dir/C_/Repositories/pico/pico-sdk/src/rp2_common/pico_stdio_usb/stdio_usb.c.obj
 .bss.usbd_serial_str
                0x20002858       0x11 CMakeFiles/02_printf.dir/C_/Repositories/pico/pico-sdk/src/rp2_common/pico_stdio_usb/stdio_usb_descriptors.c.obj
 .bss._app_driver_count
                0x20002869        0x1 CMakeFiles/02_printf.dir/C_/Repositories/pico/pico-sdk/lib/tinyusb/src/device/usbd.c.obj
 .bss._sof_enable
                0x2000286a        0x1 CMakeFiles/02_printf.dir/C_/Repositories/pico/pico-sdk/lib/tinyusb/src/portable/raspberrypi/rp2040/dcd_rp2040.c.obj
 .bss._usbd_queued_setup
                0x2000286b        0x1 CMakeFiles/02_printf.dir/C_/Repositories/pico/pico-sdk/lib/tinyusb/src/device/usbd.c.obj
 .bss.boot2_copyout_valid
                0x2000286c        0x1 CMakeFiles/02_printf.dir/C_/Repositories/pico/pico-sdk/src/rp2_common/hardware_flash/flash.c.obj
 .bss.irq_handler_chain_free_slot_head
                0x2000286d        0x1 CMakeFiles/02_printf.dir/C_/Repositories/pico/pico-sdk/src/rp2_common/hardware_irq/irq.c.obj
 .bss.itf_num   0x2000286e        0x1 CMakeFiles/02_printf.dir/C_/Repositories/pico/pico-sdk/src/rp2_common/pico_stdio_usb/reset_interface.c.obj
 .bss.low_priority_irq_num
                0x2000286f        0x1 CMakeFiles/02_printf.dir/C_/Repositories/pico/pico-sdk/src/rp2_common/pico_stdio_usb/stdio_usb.c.obj
 .bss.one_shot_timer_pending
                0x20002870        0x1 CMakeFiles/02_printf.dir/C_/Repositories/pico/pico-sdk/src/rp2_common/pico_stdio_usb/stdio_usb.c.obj
 .bss.user_irq_claimed
                0x20002871        0x1 CMakeFiles/02_printf.dir/C_/Repositories/pico/pico-sdk/src/rp2_common/hardware_irq/irq.c.obj
 *(COMMON)
                0x20002874                . = ALIGN (0x4)
 *fill*         0x20002872        0x2 
                0x20002874                __bss_end__ = .

.heap           0x20002874      0x800 load address 0x10009428
                0x20002874                __end__ = .
                0x20002874                end = __end__
 *(.heap*)
 .heap          0x20002874      0x800 CMakeFiles/02_printf.dir/C_/Repositories/pico/pico-sdk/src/rp2_common/pico_crt0/crt0.S.obj
                0x20040000                __HeapLimit = (ORIGIN (RAM) + LENGTH (RAM))

.scratch_x      0x20040000        0x0 load address 0x10009428
                0x20040000                __scratch_x_start__ = .
 *(.scratch_x.*)
                0x20040000                . = ALIGN (0x4)
                0x20040000                __scratch_x_end__ = .
                0x10009428                __scratch_x_source__ = LOADADDR (.scratch_x)

.scratch_y      0x20041000        0x0 load address 0x10009428
                0x20041000                __scratch_y_start__ = .
 *(.scratch_y.*)
                0x20041000                . = ALIGN (0x4)
                0x20041000                __scratch_y_end__ = .
                0x10009428                __scratch_y_source__ = LOADADDR (.scratch_y)

.stack1_dummy   0x20040000        0x0
 *(.stack1*)

.stack_dummy    0x20041000      0x800
 *(.stack*)
 .stack         0x20041000      0x800 CMakeFiles/02_printf.dir/C_/Repositories/pico/pico-sdk/src/rp2_common/pico_crt0/crt0.S.obj

.rel.dyn        0x20041800        0x0
 .rel.iplt      0x20041800        0x0 c:/program files (x86)/gnu arm embedded toolchain/10 2021.10/bin/../lib/gcc/arm-none-eabi/10.3.1/thumb/v6-m/nofp/crtbegin.o

.flash_end      0x10009428        0x0
 *(.embedded_end_block*)
                0x10009428                PROVIDE (__flash_binary_end = .)
                0x20040000                __StackLimit = (ORIGIN (RAM) + LENGTH (RAM))
                0x20041000                __StackOneTop = (ORIGIN (SCRATCH_X) + LENGTH (SCRATCH_X))
                0x20042000                __StackTop = (ORIGIN (SCRATCH_Y) + LENGTH (SCRATCH_Y))
                0x20041000                __StackOneBottom = (__StackOneTop - SIZEOF (.stack1_dummy))
                0x20041800                __StackBottom = (__StackTop - SIZEOF (.stack_dummy))
                0x20042000                PROVIDE (__stack = __StackTop)
                [!provide]                PROVIDE (__heap_start = __end__)
                [!provide]                PROVIDE (__heap_end = __HeapLimit)
                [!provide]                PROVIDE (__tls_align = MAX (ALIGNOF (.tdata), ALIGNOF (.tbss)))
                [!provide]                PROVIDE (__tls_size_align = (((__tls_size + __tls_align) - 0x1) & ~ ((__tls_align - 0x1))))
                [!provide]                PROVIDE (__arm32_tls_tcb_offset = MAX (0x8, __tls_align))
                [!provide]                PROVIDE (_end = __end__)
                [!provide]                PROVIDE (__llvm_libc_heap_limit = __HeapLimit)
                0x00000001                ASSERT ((__StackLimit >= __HeapLimit), region RAM overflowed)
                0x00000001                ASSERT (((__binary_info_header_end - __logical_binary_start) <= 0x100), Binary info must be in first 256 bytes of the binary)
LOAD CMakeFiles/02_printf.dir/main.c.obj
LOAD CMakeFiles/02_printf.dir/C_/Repositories/pico/pico-sdk/src/rp2_common/pico_stdlib/stdlib.c.obj
LOAD CMakeFiles/02_printf.dir/C_/Repositories/pico/pico-sdk/src/rp2_common/hardware_gpio/gpio.c.obj
LOAD CMakeFiles/02_printf.dir/C_/Repositories/pico/pico-sdk/src/rp2040/pico_platform/platform.c.obj
LOAD CMakeFiles/02_printf.dir/C_/Repositories/pico/pico-sdk/src/rp2_common/pico_platform_common/common.c.obj
LOAD CMakeFiles/02_printf.dir/C_/Repositories/pico/pico-sdk/src/rp2_common/pico_platform_panic/panic.c.obj
LOAD CMakeFiles/02_printf.dir/C_/Repositories/pico/pico-sdk/src/common/hardware_claim/claim.c.obj
LOAD CMakeFiles/02_printf.dir/C_/Repositories/pico/pico-sdk/src/rp2_common/hardware_sync/sync.c.obj
LOAD CMakeFiles/02_printf.dir/C_/Repositories/pico/pico-sdk/src/rp2_common/hardware_sync_spin_lock/sync_spin_lock.c.obj
LOAD CMakeFiles/02_printf.dir/C_/Repositories/pico/pico-sdk/src/rp2_common/hardware_irq/irq.c.obj
LOAD CMakeFiles/02_printf.dir/C_/Repositories/pico/pico-sdk/src/rp2_common/hardware_irq/irq_handler_chain.S.obj
LOAD CMakeFiles/02_printf.dir/C_/Repositories/pico/pico-sdk/src/common/pico_sync/sem.c.obj
LOAD CMakeFiles/02_printf.dir/C_/Repositories/pico/pico-sdk/src/common/pico_sync/lock_core.c.obj
LOAD CMakeFiles/02_printf.dir/C_/Repositories/pico/pico-sdk/src/common/pico_sync/mutex.c.obj