Archive member included to satisfy reference by file (symbol)

c:/program files (x86)/gnu arm embedded toolchain/10 2021.10/bin/../lib/gcc/arm-none-eabi/10.3.1/thumb/v6-m/nofp\libgcc.a(_dvmd_tls.o)
                              CMakeFiles/02_printf.dir/C_/Repositories/pico/pico-sdk/src/rp2_common/pico_divider/divider_hardware.S.obj (__aeabi_idiv0)
c:/program files (x86)/gnu arm embedded toolchain/10 2021.10/bin/../lib/gcc/arm-none-eabi/10.3.1/../../../../arm-none-eabi/lib/thumb/v6-m/nofp\libg.a(lib_a-calloc.o)
                              CMakeFiles/02_printf.dir/C_/Repositories/pico/pico-sdk/src/rp2_common/pico_malloc/malloc.c.obj (calloc)
c:/program files (x86)/gnu arm embedded toolchain/10 2021.10/bin/../lib/gcc/arm-none-eabi/10.3.1/../../../../arm-none-eabi/lib/thumb/v6-m/nofp\libg.a(lib_a-callocr.o)
                              c:/program files (x86)/gnu arm embedded toolchain/10 2021.10/bin/../lib/gcc/arm-none-eabi/10.3.1/../../../../arm-none-eabi/lib/thumb/v6-m/nofp\libg.a(lib_a-calloc.o) (_calloc_r)
c:/program files (x86)/gnu arm embedded toolchain/10 2021.10/bin/../lib/gcc/arm-none-eabi/10.3.1/../../../../arm-none-eabi/lib/thumb/v6-m/nofp\libg.a(lib_a-errno.o)
                              c:/program files (x86)/gnu arm embedded toolchain/10 2021.10/bin/../lib/gcc/arm-none-eabi/10.3.1/../../../../arm-none-eabi/lib/thumb/v6-m/nofp\libg.a(lib_a-callocr.o) (__errno)
c:/program files (x86)/gnu arm embedded toolchain/10 2021.10/bin/../lib/gcc/arm-none-eabi/10.3.1/../../../../arm-none-eabi/lib/thumb/v6-m/nofp\libg.a(lib_a-impure.o)
                              c:/program files (x86)/gnu arm embedded toolchain/10 2021.10/bin/../lib/gcc/arm-none-eabi/10.3.1/../../../../arm-none-eabi/lib/thumb/v6-m/nofp\libg.a(lib_a-calloc.o) (_impure_ptr)
c:/program files (x86)/gnu arm embedded toolchain/10 2021.10/bin/../lib/gcc/arm-none-eabi/10.3.1/../../../../arm-none-eabi/lib/thumb/v6-m/nofp\libg.a(lib_a-init.o)
                              c:/program files (x86)/gnu arm embedded toolchain/10 2021.10/bin/../lib/gcc/arm-none-eabi/10.3.1/../../../../arm-none-eabi/lib/thumb/v6-m/nofp/crt0.o (__libc_init_array)
c:/program files (x86)/gnu arm embedded toolchain/10 2021.10/bin/../lib/gcc/arm-none-eabi/10.3.1/../../../../arm-none-eabi/lib/thumb/v6-m/nofp\libg.a(lib_a-lcltime_r.o)
                              CMakeFiles/02_printf.dir/C_/Repositories/pico/pico-sdk/src/common/pico_util/datetime.c.obj (localtime_r)
c:/program files (x86)/gnu arm embedded toolchain/10 2021.10/bin/../lib/gcc/arm-none-eabi/10.3.1/../../../../arm-none-eabi/lib/thumb/v6-m/nofp\libg.a(lib_a-malloc.o)
                              CMakeFiles/02_printf.dir/C_/Repositories/pico/pico-sdk/src/rp2_common/pico_malloc/malloc.c.obj (malloc)
c:/program files (x86)/gnu arm embedded toolchain/10 2021.10/bin/../lib/gcc/arm-none-eabi/10.3.1/../../../../arm-none-eabi/lib/thumb/v6-m/nofp\libg.a(lib_a-mallocr.o)
                              c:/program files (x86)/gnu arm embedded toolchain/10 2021.10/bin/../lib/gcc/arm-none-eabi/10.3.1/../../../../arm-none-eabi/lib/thumb/v6-m/nofp\libg.a(lib_a-callocr.o) (_malloc_r)
c:/program files (x86)/gnu arm embedded toolchain/10 2021.10/bin/../lib/gcc/arm-none-eabi/10.3.1/../../../../arm-none-eabi/lib/thumb/v6-m/nofp\libg.a(lib_a-memcmp.o)
                              CMakeFiles/02_printf.dir/C_/Repositories/pico/pico-sdk/src/rp2_common/pico_atomic/atomic.c.obj (memcmp)
c:/program files (x86)/gnu arm embedded toolchain/10 2021.10/bin/../lib/gcc/arm-none-eabi/10.3.1/../../../../arm-none-eabi/lib/thumb/v6-m/nofp\libg.a(lib_a-mktime.o)
                              CMakeFiles/02_printf.dir/C_/Repositories/pico/pico-sdk/src/common/pico_util/datetime.c.obj (mktime)
c:/program files (x86)/gnu arm embedded toolchain/10 2021.10/bin/../lib/gcc/arm-none-eabi/10.3.1/../../../../arm-none-eabi/lib/thumb/v6-m/nofp\libg.a(lib_a-mlock.o)
                              c:/program files (x86)/gnu arm embedded toolchain/10 2021.10/bin/../lib/gcc/arm-none-eabi/10.3.1/../../../../arm-none-eabi/lib/thumb/v6-m/nofp\libg.a(lib_a-mallocr.o) (__malloc_lock)
c:/program files (x86)/gnu arm embedded toolchain/10 2021.10/bin/../lib/gcc/arm-none-eabi/10.3.1/../../../../arm-none-eabi/lib/thumb/v6-m/nofp\libg.a(lib_a-month_lengths.o)
                              c:/program files (x86)/gnu arm embedded toolchain/10 2021.10/bin/../lib/gcc/arm-none-eabi/10.3.1/../../../../arm-none-eabi/lib/thumb/v6-m/nofp\libg.a(lib_a-lcltime_r.o) (__month_lengths)
c:/program files (x86)/gnu arm embedded toolchain/10 2021.10/bin/../lib/gcc/arm-none-eabi/10.3.1/../../../../arm-none-eabi/lib/thumb/v6-m/nofp\libg.a(lib_a-realloc.o)
                              CMakeFiles/02_printf.dir/C_/Repositories/pico/pico-sdk/src/rp2_common/pico_malloc/malloc.c.obj (realloc)
c:/program files (x86)/gnu arm embedded toolchain/10 2021.10/bin/../lib/gcc/arm-none-eabi/10.3.1/../../../../arm-none-eabi/lib/thumb/v6-m/nofp\libg.a(lib_a-reallocr.o)
[...]
Memory Configuration

Name             Origin             Length             Attributes
FLASH            0x10000000         0x00200000         xr
RAM              0x20000000         0x00040000         xrw
SCRATCH_X        0x20040000         0x00001000         xrw
SCRATCH_Y        0x20041000         0x00001000         xrw
*default*        0x00000000         0xffffffff

Linker script and memory map

LOAD c:/program files (x86)/gnu arm embedded toolchain/10 2021.10/bin/../lib/gcc/arm-none-eabi/10.3.1/thumb/v6-m/nofp/crti.o
LOAD c:/program files (x86)/gnu arm embedded toolchain/10 2021.10/bin/../lib/gcc/arm-none-eabi/10.3.1/thumb/v6-m/nofp/crtbegin.o
LOAD c:/program files (x86)/gnu arm embedded toolchain/10 2021.10/bin/../lib/gcc/arm-none-eabi/10.3.1/../../../../arm-none-eabi/lib/thumb/v6-m/nofp/crt0.o

.flash_begin    0x10000000        0x0
                0x10000000                __flash_binary_start = .

.boot2          0x10000000      0x100
                0x10000000                __boot2_start__ = .
 *(.boot2)
 .boot2         0x10000000      0x100 pico-sdk/src/rp2040/boot_stage2/CMakeFiles/bs2_default_library.dir/bs2_default_padded_checksummed.S.obj
                0x10000100                __boot2_end__ = .
                0x00000001                ASSERT (((__boot2_end__ - __boot2_start__) == 0x100), ERROR: Pico second stage bootloader must be 256 bytes in size)

.text           0x10000100     0x676c
                0x10000100                __logical_binary_start = .
 *(.vectors)
 .vectors       0x10000100       0xd4 CMakeFiles/02_printf.dir/C_/Repositories/pico/pico-sdk/src/rp2_common/pico_crt0/crt0.S.obj
                0x10000100                __VECTOR_TABLE
                0x10000100                __vectors
                0x100001c0                isr_irq13
                0x100001c0                isr_irq27
                0x100001c0                isr_irq31
                0x100001c0                isr_irq12
                0x100001c0                isr_irq5
                0x100001c0                isr_irq11
                0x100001c0                isr_irq3
                0x100001c0                isr_irq23
                0x100001c0                __unhandled_user_irq
                0x100001c0                isr_irq26
                0x100001c0                isr_irq28
                0x100001c0                isr_irq19
                0x100001c0                isr_irq0
                0x100001c0                isr_irq6
                0x100001c0                isr_irq29
                0x100001c0                isr_irq16
                0x100001c0                isr_irq22
                0x100001c0                isr_irq18
                0x100001c0                isr_irq17
                0x100001c0                isr_irq14
                0x100001c0                __vectors_end
                0x100001c0                __default_isrs_start
                0x100001c0                isr_irq2
                0x100001c0                isr_irq10
                0x100001c0                isr_irq8
                0x100001c0                isr_irq24
                0x100001c0                isr_irq1
                0x100001c0                isr_irq7
                0x100001c0                isr_irq21
                0x100001c0                isr_irq20
                0x100001c0                isr_irq15
                0x100001c0                isr_irq25
                0x100001c0                isr_irq4
                0x100001c0                isr_irq30
                0x100001c0                isr_irq9
                0x100001c6                unhandled_user_irq_num_in_r0
                0x100001c8                isr_invalid
                0x100001ca                isr_nmi
                0x100001cc                isr_hardfault
                0x100001ce                isr_svcall
                0x100001d0                isr_pendsv
                0x100001d2                isr_systick
                0x100001d4                __default_isrs_end
 *(.binary_info_header)
 .binary_info_header
                0x100001d4       0x14 CMakeFiles/02_printf.dir/C_/Repositories/pico/pico-sdk/src/rp2_common/pico_crt0/crt0.S.obj
                0x100001e8                __binary_info_header_end = .
 *(.embedded_block)
                0x100001e8                __embedded_block_end = .
 *(.reset)
 .reset         0x100001e8       0x9c CMakeFiles/02_printf.dir/C_/Repositories/pico/pico-sdk/src/rp2_common/pico_crt0/crt0.S.obj
                0x100001e8                _entry_point
 *(.init)
 .init          0x10000284        0x4 c:/program files (x86)/gnu arm embedded toolchain/10 2021.10/bin/../lib/gcc/arm-none-eabi/10.3.1/thumb/v6-m/nofp/crti.o
                0x10000284                _init
 *(EXCLUDE_FILE(*libm.a: *libc.a:*lib_a-mem*.o *libgcc.a:) .text*)
 .text          0x10000288       0x48 c:/program files (x86)/gnu arm embedded toolchain/10 2021.10/bin/../lib/gcc/arm-none-eabi/10.3.1/thumb/v6-m/nofp/crtbegin.o
 .text.startup.main
                0x100002d0       0x2c CMakeFiles/02_printf.dir/main.c.obj
                0x100002d0                main
 .text.rp2040_chip_version
                0x100002fc        0xc CMakeFiles/02_printf.dir/C_/Repositories/pico/pico-sdk/src/rp2040/pico_platform/platform.c.obj
                0x100002fc                rp2040_chip_version
 .text.panic    0x10000308       0x30 CMakeFiles/02_printf.dir/C_/Repositories/pico/pico-sdk/src/rp2_common/pico_platform_panic/panic.c.obj
                0x10000308                panic
 .text.hw_claim_or_assert
                0x10000338       0x44 CMakeFiles/02_printf.dir/C_/Repositories/pico/pico-sdk/src/common/hardware_claim/claim.c.obj
                0x10000338                hw_claim_or_assert
 .text.hw_claim_unused_from_range
                0x1000037c       0x9c CMakeFiles/02_printf.dir/C_/Repositories/pico/pico-sdk/src/common/hardware_claim/claim.c.obj
                0x1000037c                hw_claim_unused_from_range
 .text.next_striped_spin_lock_num
                0x10000418       0x18 CMakeFiles/02_printf.dir/C_/Repositories/pico/pico-sdk/src/rp2_common/hardware_sync/sync.c.obj
                0x10000418                next_striped_spin_lock_num
 .text.spin_lock_claim_unused
                0x10000430       0x20 CMakeFiles/02_printf.dir/C_/Repositories/pico/pico-sdk/src/rp2_common/hardware_sync/sync.c.obj
                0x10000430                spin_lock_claim_unused
 .text.spin_locks_reset
                0x10000450       0x1c CMakeFiles/02_printf.dir/C_/Repositories/pico/pico-sdk/src/rp2_common/hardware_sync_spin_lock/sync_spin_lock.c.obj
                0x10000450                spin_locks_reset
 .text.runtime_init_per_core_irq_priorities
                0x1000046c       0x24 CMakeFiles/02_printf.dir/C_/Repositories/pico/pico-sdk/src/rp2_common/hardware_irq/irq.c.obj
                0x1000046c                runtime_init_per_core_irq_priorities
 .text.irq_set_enabled
                0x10000490       0x24 CMakeFiles/02_printf.dir/C_/Repositories/pico/pico-sdk/src/rp2_common/hardware_irq/irq.c.obj
                0x10000490                irq_set_enabled
 .text.irq_is_enabled
                0x100004b4       0x18 CMakeFiles/02_printf.dir/C_/Repositories/pico/pico-sdk/src/rp2_common/hardware_irq/irq.c.obj
                0x100004b4                irq_is_enabled
 .text.irq_set_pending
                0x100004cc       0x10 CMakeFiles/02_printf.dir/C_/Repositories/pico/pico-sdk/src/rp2_common/hardware_irq/irq.c.obj
                0x100004cc                irq_set_pending
 .text.irq_has_shared_handler
                0x100004dc       0x24 CMakeFiles/02_printf.dir/C_/Repositories/pico/pico-sdk/src/rp2_common/hardware_irq/irq.c.obj
                0x100004dc                irq_has_shared_handler
 .text.irq_set_exclusive_handler
                0x10000500       0x54 CMakeFiles/02_printf.dir/C_/Repositories/pico/pico-sdk/src/rp2_common/hardware_irq/irq.c.obj
                0x10000500                irq_set_exclusive_handler
 .text.irq_add_shared_handler
                0x10000554      0x1e8 CMakeFiles/02_printf.dir/C_/Repositories/pico/pico-sdk/src/rp2_common/hardware_irq/irq.c.obj
                0x10000554                irq_add_shared_handler
 .text.irq_add_tail_to_free_list
                0x1000073c       0xb4 CMakeFiles/02_printf.dir/C_/Repositories/pico/pico-sdk/src/rp2_common/hardware_irq/irq.c.obj
                0x1000073c                irq_add_tail_to_free_list
 .text.user_irq_claim_unused
                0x100007f0       0x28 CMakeFiles/02_printf.dir/C_/Repositories/pico/pico-sdk/src/rp2_common/hardware_irq/irq.c.obj
                0x100007f0                user_irq_claim_unused
 .text.lock_init
                0x10000818       0x10 CMakeFiles/02_printf.dir/C_/Repositories/pico/pico-sdk/src/common/pico_sync/lock_core.c.obj
                0x10000818                lock_init
 .text.runtime_init_mutex
                0x10000828       0x58 CMakeFiles/02_printf.dir/C_/Repositories/pico/pico-sdk/src/common/pico_sync/mutex.c.obj
                0x10000828                runtime_init_mutex
 .text.mutex_init
                0x10000880       0x1c CMakeFiles/02_printf.dir/C_/Repositories/pico/pico-sdk/src/common/pico_sync/mutex.c.obj
                0x10000880                mutex_init
 .text.critical_section_init
                0x1000089c       0x20 CMakeFiles/02_printf.dir/C_/Repositories/pico/pico-sdk/src/common/pico_sync/critical_section.c.obj
                0x1000089c                critical_section_init
 .text.critical_section_init_with_lock_num
                0x100008bc       0x14 CMakeFiles/02_printf.dir/C_/Repositories/pico/pico-sdk/src/common/pico_sync/critical_section.c.obj
                0x100008bc                critical_section_init_with_lock_num
 .text.sleep_until_callback
                0x100008d0       0x30 CMakeFiles/02_printf.dir/C_/Repositories/pico/pico-sdk/src/common/pico_time/time.c.obj
 .text.alarm_pool_irq_handler
                0x10000900      0x308 CMakeFiles/02_printf.dir/C_/Repositories/pico/pico-sdk/src/common/pico_time/time.c.obj
 .text.runtime_init_default_alarm_pool
                0x10000c08       0xdc CMakeFiles/02_printf.dir/C_/Repositories/pico/pico-sdk/src/common/pico_time/time.c.obj
                0x10000c08                runtime_init_default_alarm_pool
 .text.alarm_pool_get_default
                0x10000ce4        0x8 CMakeFiles/02_printf.dir/C_/Repositories/pico/pico-sdk/src/common/pico_time/time.c.obj
                0x10000ce4                alarm_pool_get_default
 .text.alarm_pool_add_alarm_at
                0x10000cec       0xc8 CMakeFiles/02_printf.dir/C_/Repositories/pico/pico-sdk/src/common/pico_time/time.c.obj
                0x10000cec                alarm_pool_add_alarm_at
 .text.alarm_pool_add_alarm_at_force_in_context
                0x10000db4       0xb0 CMakeFiles/02_printf.dir/C_/Repositories/pico/pico-sdk/src/common/pico_time/time.c.obj
                0x10000db4                alarm_pool_add_alarm_at_force_in_context
 .text.alarm_pool_cancel_alarm
                0x10000e64       0x7c CMakeFiles/02_printf.dir/C_/Repositories/pico/pico-sdk/src/common/pico_time/time.c.obj
                0x10000e64                alarm_pool_cancel_alarm
 .text.alarm_pool_core_num
                0x10000ee0        0x4 CMakeFiles/02_printf.dir/C_/Repositories/pico/pico-sdk/src/common/pico_time/time.c.obj
                0x10000ee0                alarm_pool_core_num
 .text.sleep_until
                0x10000ee4       0xd0 CMakeFiles/02_printf.dir/C_/Repositories/pico/pico-sdk/src/common/pico_time/time.c.obj
                0x10000ee4                sleep_until
 .text.sleep_ms
                0x10000fb4       0x34 CMakeFiles/02_printf.dir/C_/Repositories/pico/pico-sdk/src/common/pico_time/time.c.obj
                0x10000fb4                sleep_ms
 .text.best_effort_wfe_or_timeout
                0x10000fe8       0xfc CMakeFiles/02_printf.dir/C_/Repositories/pico/pico-sdk/src/common/pico_time/time.c.obj
                0x10000fe8                best_effort_wfe_or_timeout
 .text.timer_hardware_alarm_claim
                0x100010e4       0x14 CMakeFiles/02_printf.dir/C_/Repositories/pico/pico-sdk/src/rp2_common/hardware_timer/timer.c.obj
                0x100010e4                timer_hardware_alarm_claim
 .text.timer_time_us_64
                0x100010f8       0x10 CMakeFiles/02_printf.dir/C_/Repositories/pico/pico-sdk/src/rp2_common/hardware_timer/timer.c.obj
                0x100010f8                timer_time_us_64
 .text.time_us_64
                0x10001108       0x14 CMakeFiles/02_printf.dir/C_/Repositories/pico/pico-sdk/src/rp2_common/hardware_timer/timer.c.obj
                0x10001108                time_us_64
 .text.busy_wait_until
                0x1000111c       0x20 CMakeFiles/02_printf.dir/C_/Repositories/pico/pico-sdk/src/rp2_common/hardware_timer/timer.c.obj
                0x1000111c                busy_wait_until
 .text.clock_configure_int_divider
                0x1000113c       0xf4 CMakeFiles/02_printf.dir/C_/Repositories/pico/pico-sdk/src/rp2_common/hardware_clocks/clocks.c.obj
                0x1000113c                clock_configure_int_divider
 .text.clock_configure_undivided
                0x10001230       0xe8 CMakeFiles/02_printf.dir/C_/Repositories/pico/pico-sdk/src/rp2_common/hardware_clocks/clocks.c.obj
                0x10001230                clock_configure_undivided
 .text.clock_get_hz
                0x10001318        0xc CMakeFiles/02_printf.dir/C_/Repositories/pico/pico-sdk/src/rp2_common/hardware_clocks/clocks.c.obj
                0x10001318                clock_get_hz
 .text.pll_init
                0x10001324       0xa0 CMakeFiles/02_printf.dir/C_/Repositories/pico/pico-sdk/src/rp2_common/hardware_pll/pll.c.obj
                0x10001324                pll_init
 .text.watchdog_reboot
                0x100013c4       0x98 CMakeFiles/02_printf.dir/C_/Repositories/pico/pico-sdk/src/rp2_common/hardware_watchdog/watchdog.c.obj
                0x100013c4                watchdog_reboot
 .text.tick_start
                0x1000145c       0x10 CMakeFiles/02_printf.dir/C_/Repositories/pico/pico-sdk/src/rp2_common/hardware_ticks/ticks.c.obj
                0x1000145c                tick_start
 .text.rom_func_lookup
                0x1000146c       0x10 CMakeFiles/02_printf.dir/C_/Repositories/pico/pico-sdk/src/rp2_common/pico_bootrom/bootrom.c.obj
                0x1000146c                rom_func_lookup
 .text.rom_data_lookup
                0x1000147c       0x10 CMakeFiles/02_printf.dir/C_/Repositories/pico/pico-sdk/src/rp2_common/pico_bootrom/bootrom.c.obj
                0x1000147c                rom_data_lookup
 .text.rom_funcs_lookup
                0x1000148c       0x44 CMakeFiles/02_printf.dir/C_/Repositories/pico/pico-sdk/src/rp2_common/pico_bootrom/bootrom.c.obj
                0x1000148c                rom_funcs_lookup
 .text.rom_reset_usb_boot_extra
                0x100014d0       0x28 CMakeFiles/02_printf.dir/C_/Repositories/pico/pico-sdk/src/rp2_common/pico_bootrom/bootrom.c.obj
                0x100014d0                rom_reset_usb_boot_extra
 .text.xosc_init
                0x100014f8       0x28 CMakeFiles/02_printf.dir/C_/Repositories/pico/pico-sdk/src/rp2_common/hardware_xosc/xosc.c.obj
                0x100014f8                xosc_init
 .text.first_per_core_initializer
                0x10001520        0x4 CMakeFiles/02_printf.dir/C_/Repositories/pico/pico-sdk/src/rp2_common/pico_runtime/runtime.c.obj
 .text.hard_assertion_failure
                0x10001524        0xc CMakeFiles/02_printf.dir/C_/Repositories/pico/pico-sdk/src/rp2_common/pico_runtime/runtime.c.obj
                0x10001524                hard_assertion_failure
 .text.runtime_run_initializers
                0x10001530       0x28 CMakeFiles/02_printf.dir/C_/Repositories/pico/pico-sdk/src/rp2_common/pico_runtime/runtime.c.obj
                0x10001530                runtime_run_initializers
 .text.runtime_init_early_resets
                0x10001558       0x2c CMakeFiles/02_printf.dir/C_/Repositories/pico/pico-sdk/src/rp2_common/pico_runtime_init/runtime_init.c.obj
                0x10001558                runtime_init_early_resets
 .text.runtime_init_usb_power_down
                0x10001584       0x1c CMakeFiles/02_printf.dir/C_/Repositories/pico/pico-sdk/src/rp2_common/pico_runtime_init/runtime_init.c.obj
                0x10001584                runtime_init_usb_power_down
 .text.runtime_init_post_clock_resets
                0x100015a0       0x20 CMakeFiles/02_printf.dir/C_/Repositories/pico/pico-sdk/src/rp2_common/pico_runtime_init/runtime_init.c.obj
                0x100015a0                runtime_init_post_clock_resets
 .text.runtime_init_rp2040_gpio_ie_disable
                0x100015c0       0x14 CMakeFiles/02_printf.dir/C_/Repositories/pico/pico-sdk/src/rp2_common/pico_runtime_init/runtime_init.c.obj
                0x100015c0                runtime_init_rp2040_gpio_ie_disable
 .text.runtime_init_spin_locks_reset
                0x100015d4        0x8 CMakeFiles/02_printf.dir/C_/Repositories/pico/pico-sdk/src/rp2_common/pico_runtime_init/runtime_init.c.obj
                0x100015d4                runtime_init_spin_locks_reset
 .text.runtime_init_install_ram_vector_table
                0x100015dc       0xcc CMakeFiles/02_printf.dir/C_/Repositories/pico/pico-sdk/src/rp2_common/pico_runtime_init/runtime_init.c.obj
                0x100015dc                runtime_init_install_ram_vector_table
 .text.runtime_init_clocks
                0x100016a8       0xd8 CMakeFiles/02_printf.dir/C_/Repositories/pico/pico-sdk/src/rp2_common/pico_runtime_init/runtime_init_clocks.c.obj
                0x100016a8                runtime_init_clocks
 .text          0x10001780       0x10 CMakeFiles/02_printf.dir/C_/Repositories/pico/pico-sdk/src/rp2_common/pico_bit_ops/bit_ops_aeabi.S.obj
 .text.__wrap___aeabi_idiv
                0x10001790       0x50 CMakeFiles/02_printf.dir/C_/Repositories/pico/pico-sdk/src/rp2_common/pico_divider/divider_hardware.S.obj
                0x10001790                __wrap___aeabi_idivmod
                0x10001790                divmod_s32s32
                0x10001790                div_s32s32
                0x10001790                __wrap___aeabi_idiv
                0x10001798                divmod_s32s32_unsafe
                0x100017c4                divmod_s32s32_savestate
 .text.__wrap___aeabi_uidiv
                0x100017e0       0x4c CMakeFiles/02_printf.dir/C_/Repositories/pico/pico-sdk/src/rp2_common/pico_divider/divider_hardware.S.obj
                0x100017e0                __wrap___aeabi_uidiv
                0x100017e0                __wrap___aeabi_uidivmod
                0x100017e0                div_u32u32
                0x100017e0                divmod_u32u32
                0x100017e8                divmod_u32u32_unsafe
                0x10001810                divmod_u32u32_savestate
 .text.__wrap___aeabi_ldiv
                0x1000182c      0x424 CMakeFiles/02_printf.dir/C_/Repositories/pico/pico-sdk/src/rp2_common/pico_divider/divider_hardware.S.obj
                0x1000182c                div_s64s64
                0x1000182c                divmod_s64s64
                0x1000182c                __wrap___aeabi_ldivmod
                0x1000185c                divmod_u64u64
                0x1000185c                div_u64u64
                0x1000185c                __wrap___aeabi_uldivmod
                0x1000186c                divmod_u64u64_savestate
                0x1000188c                divmod_s64s64_unsafe
                0x10001914                divmod_u64u64_unsafe
 .text.__wrap___aeabi_darithmetic
                0x10001c50       0x80 CMakeFiles/02_printf.dir/C_/Repositories/pico/pico-sdk/src/rp2_common/pico_double/double_aeabi_rp2040.S.obj
                0x10001c50                __wrap___aeabi_drsub
                0x10001c56                __wrap___aeabi_dsub
                0x10001c68                __wrap___aeabi_dadd
                0x10001c7a                __wrap___aeabi_ddiv
                0x10001cb6                __wrap___aeabi_dmul
 .text.__wrap___aeabi_cdcmple
                0x10001cd0       0x6c CMakeFiles/02_printf.dir/C_/Repositories/pico/pico-sdk/src/rp2_common/pico_double/double_aeabi_rp2040.S.obj
                0x10001cd0                __wrap___aeabi_cdrcmple
                0x10001ce0                __wrap___aeabi_cdcmpeq
                0x10001ce0                __wrap___aeabi_cdcmple
 .text.__wrap___aeabi_dcmplt
                0x10001d3c        0xc CMakeFiles/02_printf.dir/C_/Repositories/pico/pico-sdk/src/rp2_common/pico_double/double_aeabi_rp2040.S.obj
                0x10001d3c                __wrap___aeabi_dcmplt
 .text.__wrap___aeabi_dcmple
                0x10001d48       0x10 CMakeFiles/02_printf.dir/C_/Repositories/pico/pico-sdk/src/rp2_common/pico_double/double_aeabi_rp2040.S.obj
                0x10001d48                __wrap___aeabi_dcmple
 .text.__wrap___aeabi_dcmpge
                0x10001d58       0x10 CMakeFiles/02_printf.dir/C_/Repositories/pico/pico-sdk/src/rp2_common/pico_double/double_aeabi_rp2040.S.obj
                0x10001d58                __wrap___aeabi_dcmpge
 .text.__wrap___aeabi_dcmpgt
                0x10001d68        0xa CMakeFiles/02_printf.dir/C_/Repositories/pico/pico-sdk/src/rp2_common/pico_double/double_aeabi_rp2040.S.obj
                0x10001d68                __wrap___aeabi_dcmpgt
 .text.__wrap___aeabi_dcmpun
                0x10001d72       0x18 CMakeFiles/02_printf.dir/C_/Repositories/pico/pico-sdk/src/rp2_common/pico_double/double_aeabi_rp2040.S.obj
                0x10001d72                __wrap___aeabi_dcmpun
 *fill*         0x10001d8a        0x2 
 .text.__wrap___aeabi_i2d
                0x10001d8c       0x38 CMakeFiles/02_printf.dir/C_/Repositories/pico/pico-sdk/src/rp2_common/pico_double/double_aeabi_rp2040.S.obj
                0x10001d8c                uint2double
                0x10001d8c                __wrap___aeabi_ui2d
                0x10001d94                int2double
                0x10001d94                __wrap___aeabi_i2d
 .text.__wrap___aeabi_d2iz
                0x10001dc4       0x48 CMakeFiles/02_printf.dir/C_/Repositories/pico/pico-sdk/src/rp2_common/pico_double/double_aeabi_rp2040.S.obj
                0x10001dc4                double2int_z
                0x10001dc4                __wrap___aeabi_d2iz
 .text.__wrap___aeabi_d2uiz
                0x10001e0c       0x18 CMakeFiles/02_printf.dir/C_/Repositories/pico/pico-sdk/src/rp2_common/pico_double/double_aeabi_rp2040.S.obj
                0x10001e0c                double2uint
                0x10001e0c                __wrap___aeabi_d2uiz
                0x10001e0c                double2uint_z
 .text.__aeabi_double_init
                0x10001e24       0xa0 CMakeFiles/02_printf.dir/C_/Repositories/pico/pico-sdk/src/rp2_common/pico_double/double_init_rom_rp2040.c.obj
                0x10001e24                __aeabi_double_init
 .text.double_table_shim_on_use_helper
                0x10001ec4       0x2c CMakeFiles/02_printf.dir/C_/Repositories/pico/pico-sdk/src/rp2_common/pico_double/double_v1_rom_shim_rp2040.S.obj
                0x10001ec4                double_table_shim_on_use_helper
 .text.__wrap___aeabi_dsub
                0x10001ef0       0x10 CMakeFiles/02_printf.dir/C_/Repositories/pico/pico-sdk/src/rp2_common/pico_double/double_v1_rom_shim_rp2040.S.obj
                0x10001ef0                drsub_shim
                0x10001ef6                dsub_shim
 .text.dadd_shim
                0x10001f00      0x15c CMakeFiles/02_printf.dir/C_/Repositories/pico/pico-sdk/src/rp2_common/pico_double/double_v1_rom_shim_rp2040.S.obj
                0x10001f00                dadd_shim
 .text.dmul_shim
                0x1000205c      0x15c CMakeFiles/02_printf.dir/C_/Repositories/pico/pico-sdk/src/rp2_common/pico_double/double_v1_rom_shim_rp2040.S.obj
                0x1000205c                dmul_shim
 .text.ddiv_shim
                0x100021b8      0x1b0 CMakeFiles/02_printf.dir/C_/Repositories/pico/pico-sdk/src/rp2_common/pico_double/double_v1_rom_shim_rp2040.S.obj
                0x100021b8                ddiv_shim
 .text.double2uint_shim
                0x10002368        0xe CMakeFiles/02_printf.dir/C_/Repositories/pico/pico-sdk/src/rp2_common/pico_double/double_v1_rom_shim_rp2040.S.obj
                0x10002368                double2uint_shim
                0x1000236a                double2ufix_shim
 *fill*         0x10002376        0x2 
 .text.double2uint64_shim
                0x10002378       0x70 CMakeFiles/02_printf.dir/C_/Repositories/pico/pico-sdk/src/rp2_common/pico_double/double_v1_rom_shim_rp2040.S.obj
                0x10002378                double2uint64_shim
                0x1000237a                double2ufix64_shim
                0x1000239a                d2fix_a
 .text.dunpacks
                0x100023e8       0x3c CMakeFiles/02_printf.dir/C_/Repositories/pico/pico-sdk/src/rp2_common/pico_double/double_v1_rom_shim_rp2040.S.obj
                0x100023e8                dunpacks
 .text.__aeabi_lmul
                0x10002424       0x32 CMakeFiles/02_printf.dir/C_/Repositories/pico/pico-sdk/src/rp2_common/pico_int64_ops/pico_int64_ops_aeabi.S.obj
                0x10002424                __wrap___aeabi_lmul
 *fill*         0x10002456        0x2 
 .text.__aeabi_float_init
                0x10002458       0x64 CMakeFiles/02_printf.dir/C_/Repositories/pico/pico-sdk/src/rp2_common/pico_float/float_init_rom_rp2040.c.obj
                0x10002458                __aeabi_float_init
 .text.float_table_shim_on_use_helper
                0x100024bc       0x2c CMakeFiles/02_printf.dir/C_/Repositories/pico/pico-sdk/src/rp2_common/pico_float/float_v1_rom_shim_rp2040.S.obj
                0x100024bc                float_table_shim_on_use_helper
 .text          0x100024e8       0x10 CMakeFiles/02_printf.dir/C_/Repositories/pico/pico-sdk/src/rp2_common/pico_mem_ops/mem_ops_aeabi.S.obj
                0x100024e8                __aeabi_mem_init
 .text.memset   0x100024f8        0xc CMakeFiles/02_printf.dir/C_/Repositories/pico/pico-sdk/src/rp2_common/pico_mem_ops/mem_ops_aeabi.S.obj
                0x100024f8                __wrap_memset
 .text.memcpy   0x10002504        0xc CMakeFiles/02_printf.dir/C_/Repositories/pico/pico-sdk/src/rp2_common/pico_mem_ops/mem_ops_aeabi.S.obj
                0x10002504                __wrap_memcpy
                0x10002504                __wrap___aeabi_memcpy
 .text._out_null
                0x10002510        0x4 CMakeFiles/02_printf.dir/C_/Repositories/pico/pico-sdk/src/rp2_common/pico_printf/printf.c.obj
 .text._out_rev
                0x10002514       0x9c CMakeFiles/02_printf.dir/C_/Repositories/pico/pico-sdk/src/rp2_common/pico_printf/printf.c.obj
 .text._ntoa_format
                0x100025b0      0x1cc CMakeFiles/02_printf.dir/C_/Repositories/pico/pico-sdk/src/rp2_common/pico_printf/printf.c.obj
 .text._out_char
                0x1000277c       0x10 CMakeFiles/02_printf.dir/C_/Repositories/pico/pico-sdk/src/rp2_common/pico_printf/printf.c.obj
 .text._out_fct
                0x1000278c       0x10 CMakeFiles/02_printf.dir/C_/Repositories/pico/pico-sdk/src/rp2_common/pico_printf/printf.c.obj
 .text._etoa    0x1000279c      0x44c CMakeFiles/02_printf.dir/C_/Repositories/pico/pico-sdk/src/rp2_common/pico_printf/printf.c.obj
 .text._ftoa    0x10002be8      0x398 CMakeFiles/02_printf.dir/C_/Repositories/pico/pico-sdk/src/rp2_common/pico_printf/printf.c.obj
 .text._vsnprintf
                0x10002f80      0xb04 CMakeFiles/02_printf.dir/C_/Repositories/pico/pico-sdk/src/rp2_common/pico_printf/printf.c.obj
 .text.vfctprintf
                0x10003a84       0x20 CMakeFiles/02_printf.dir/C_/Repositories/pico/pico-sdk/src/rp2_common/pico_printf/printf.c.obj
                0x10003a84                vfctprintf
 .text.weak_raw_vprintf
                0x10003aa4       0x30 CMakeFiles/02_printf.dir/C_/Repositories/pico/pico-sdk/src/rp2_common/pico_printf/printf.c.obj
                0x10003aa4                weak_raw_vprintf
 .text._exit    0x10003ad4        0x4 CMakeFiles/02_printf.dir/C_/Repositories/pico/pico-sdk/src/rp2_common/pico_clib_interface/newlib_interface.c.obj
                0x10003ad4                _exit
 .text.exit     0x10003ad8        0x8 CMakeFiles/02_printf.dir/C_/Repositories/pico/pico-sdk/src/rp2_common/pico_clib_interface/newlib_interface.c.obj
                0x10003ad8                exit
 .text.runtime_init
                0x10003ae0       0x2c CMakeFiles/02_printf.dir/C_/Repositories/pico/pico-sdk/src/rp2_common/pico_clib_interface/newlib_interface.c.obj
                0x10003ae0                runtime_init
 .text.stdio_out_chars_no_crlf
                0x10003b0c       0x10 CMakeFiles/02_printf.dir/C_/Repositories/pico/pico-sdk/src/rp2_common/pico_stdio/stdio.c.obj
 .text.stdio_out_chars_crlf
                0x10003b1c       0xb4 CMakeFiles/02_printf.dir/C_/Repositories/pico/pico-sdk/src/rp2_common/pico_stdio/stdio.c.obj
 .text.stdio_buffered_printer
                0x10003bd0       0x64 CMakeFiles/02_printf.dir/C_/Repositories/pico/pico-sdk/src/rp2_common/pico_stdio/stdio.c.obj
 .text.stdio_put_string
                0x10003c34      0x100 CMakeFiles/02_printf.dir/C_/Repositories/pico/pico-sdk/src/rp2_common/pico_stdio/stdio.c.obj
                0x10003c34                stdio_put_string
 .text.stdio_set_driver_enabled
                0x10003d34       0x30 CMakeFiles/02_printf.dir/C_/Repositories/pico/pico-sdk/src/rp2_common/pico_stdio/stdio.c.obj
                0x10003d34                stdio_set_driver_enabled
 .text.stdio_init_all
                0x10003d64        0x8 CMakeFiles/02_printf.dir/C_/Repositories/pico/pico-sdk/src/rp2_common/pico_stdio/stdio.c.obj
                0x10003d64                stdio_init_all
 .text.__wrap_putchar
                0x10003d6c       0x98 CMakeFiles/02_printf.dir/C_/Repositories/pico/pico-sdk/src/rp2_common/pico_stdio/stdio.c.obj
                0x10003d6c                __wrap_putchar
                0x10003d6c                stdio_putchar
 .text.__wrap_puts
                0x10003e04       0x3c CMakeFiles/02_printf.dir/C_/Repositories/pico/pico-sdk/src/rp2_common/pico_stdio/stdio.c.obj
                0x10003e04                stdio_puts
                0x10003e04                __wrap_puts
 .text.__wrap_vprintf
                0x10003e40       0xd8 CMakeFiles/02_printf.dir/C_/Repositories/pico/pico-sdk/src/rp2_common/pico_stdio/stdio.c.obj
                0x10003e40                stdio_vprintf
                0x10003e40                __wrap_vprintf
 .text.__wrap_printf
                0x10003f18       0x18 CMakeFiles/02_printf.dir/C_/Repositories/pico/pico-sdk/src/rp2_common/pico_stdio/stdio.c.obj
                0x10003f18                __wrap_printf
                0x10003f18                stdio_printf
 .text.resetd_init
                0x10003f30        0x4 CMakeFiles/02_printf.dir/C_/Repositories/pico/pico-sdk/src/rp2_common/pico_stdio_usb/reset_interface.c.obj
 .text.resetd_reset
                0x10003f34        0xc CMakeFiles/02_printf.dir/C_/Repositories/pico/pico-sdk/src/rp2_common/pico_stdio_usb/reset_interface.c.obj
 .text.resetd_open
                0x10003f40       0x28 CMakeFiles/02_printf.dir/C_/Repositories/pico/pico-sdk/src/rp2_common/pico_stdio_usb/reset_interface.c.obj
 .text.resetd_xfer_cb
                0x10003f68        0x4 CMakeFiles/02_printf.dir/C_/Repositories/pico/pico-sdk/src/rp2_common/pico_stdio_usb/reset_interface.c.obj
 .text.resetd_control_xfer_cb
                0x10003f6c       0x60 CMakeFiles/02_printf.dir/C_/Repositories/pico/pico-sdk/src/rp2_common/pico_stdio_usb/reset_interface.c.obj
 .text.tud_descriptor_bos_cb
                0x10003fcc        0x8 CMakeFiles/02_printf.dir/C_/Repositories/pico/pico-sdk/src/rp2_common/pico_stdio_usb/reset_interface.c.obj
                0x10003fcc                tud_descriptor_bos_cb
 .text.tud_vendor_control_xfer_cb
                0x10003fd4       0x34 CMakeFiles/02_printf.dir/C_/Repositories/pico/pico-sdk/src/rp2_common/pico_stdio_usb/reset_interface.c.obj
                0x10003fd4                tud_vendor_control_xfer_cb
 .text.usbd_app_driver_get_cb
                0x10004008        0xc CMakeFiles/02_printf.dir/C_/Repositories/pico/pico-sdk/src/rp2_common/pico_stdio_usb/reset_interface.c.obj
                0x10004008                usbd_app_driver_get_cb
 .text.tud_cdc_line_coding_cb
                0x10004014       0x2c CMakeFiles/02_printf.dir/C_/Repositories/pico/pico-sdk/src/rp2_common/pico_stdio_usb/reset_interface.c.obj
                0x10004014                tud_cdc_line_coding_cb
 .text.stdio_usb_set_chars_available_callback
                0x10004040       0x14 CMakeFiles/02_printf.dir/C_/Repositories/pico/pico-sdk/src/rp2_common/pico_stdio_usb/stdio_usb.c.obj
                0x10004040                stdio_usb_set_chars_available_callback
 .text.usb_irq  0x10004054       0x10 CMakeFiles/02_printf.dir/C_/Repositories/pico/pico-sdk/src/rp2_common/pico_stdio_usb/stdio_usb.c.obj
 .text.timer_task
                0x10004064       0x64 CMakeFiles/02_printf.dir/C_/Repositories/pico/pico-sdk/src/rp2_common/pico_stdio_usb/stdio_usb.c.obj
 .text.stdio_usb_in_chars
                0x100040c8       0x90 CMakeFiles/02_printf.dir/C_/Repositories/pico/pico-sdk/src/rp2_common/pico_stdio_usb/stdio_usb.c.obj
                0x100040c8                stdio_usb_in_chars
 .text.stdio_usb_out_flush
                0x10004158       0x50 CMakeFiles/02_printf.dir/C_/Repositories/pico/pico-sdk/src/rp2_common/pico_stdio_usb/stdio_usb.c.obj
 .text.stdio_usb_out_chars
                0x100041a8      0x100 CMakeFiles/02_printf.dir/C_/Repositories/pico/pico-sdk/src/rp2_common/pico_stdio_usb/stdio_usb.c.obj
 .text.low_priority_worker_irq
                0x100042a8       0xc8 CMakeFiles/02_printf.dir/C_/Repositories/pico/pico-sdk/src/rp2_common/pico_stdio_usb/stdio_usb.c.obj
 .text.stdio_usb_init
                0x10004370       0xe8 CMakeFiles/02_printf.dir/C_/Repositories/pico/pico-sdk/src/rp2_common/pico_stdio_usb/stdio_usb.c.obj
                0x10004370                stdio_usb_init
 .text.tud_descriptor_device_cb
                0x10004458        0x8 CMakeFiles/02_printf.dir/C_/Repositories/pico/pico-sdk/src/rp2_common/pico_stdio_usb/stdio_usb_descriptors.c.obj
                0x10004458                tud_descriptor_device_cb
 .text.tud_descriptor_configuration_cb
                0x10004460        0x8 CMakeFiles/02_printf.dir/C_/Repositories/pico/pico-sdk/src/rp2_common/pico_stdio_usb/stdio_usb_descriptors.c.obj
                0x10004460                tud_descriptor_configuration_cb
 .text.tud_descriptor_string_cb
                0x10004468       0x74 CMakeFiles/02_printf.dir/C_/Repositories/pico/pico-sdk/src/rp2_common/pico_stdio_usb/stdio_usb_descriptors.c.obj
                0x10004468                tud_descriptor_string_cb
 .text.startup._retrieve_unique_id_on_boot
                0x100044dc       0x10 CMakeFiles/02_printf.dir/C_/Repositories/pico/pico-sdk/src/rp2_common/pico_unique_id/unique_id.c.obj
 .text.pico_get_unique_board_id_string
                0x100044ec      0x1a8 CMakeFiles/02_printf.dir/C_/Repositories/pico/pico-sdk/src/rp2_common/pico_unique_id/unique_id.c.obj
                0x100044ec                pico_get_unique_board_id_string
 .text.flash_get_unique_id
                0x10004694       0x40 CMakeFiles/02_printf.dir/C_/Repositories/pico/pico-sdk/src/rp2_common/hardware_flash/flash.c.obj
                0x10004694                flash_get_unique_id
 .text.dcd_init
                0x100046d4       0x90 CMakeFiles/02_printf.dir/C_/Repositories/pico/pico-sdk/lib/tinyusb/src/portable/raspberrypi/rp2040/dcd_rp2040.c.obj
                0x100046d4                dcd_init
 .text.dcd_int_enable
                0x10004764        0xc CMakeFiles/02_printf.dir/C_/Repositories/pico/pico-sdk/lib/tinyusb/src/portable/raspberrypi/rp2040/dcd_rp2040.c.obj
                0x10004764                dcd_int_enable
 .text.dcd_set_address
                0x10004770       0x14 CMakeFiles/02_printf.dir/C_/Repositories/pico/pico-sdk/lib/tinyusb/src/portable/raspberrypi/rp2040/dcd_rp2040.c.obj
                0x10004770                dcd_set_address
 .text.dcd_sof_enable
                0x10004784       0x1c CMakeFiles/02_printf.dir/C_/Repositories/pico/pico-sdk/lib/tinyusb/src/portable/raspberrypi/rp2040/dcd_rp2040.c.obj
                0x10004784                dcd_sof_enable
 .text.dcd_edpt0_status_complete
                0x100047a0       0x1c CMakeFiles/02_printf.dir/C_/Repositories/pico/pico-sdk/lib/tinyusb/src/portable/raspberrypi/rp2040/dcd_rp2040.c.obj
                0x100047a0                dcd_edpt0_status_complete
 .text.dcd_edpt_open
                0x100047bc      0x114 CMakeFiles/02_printf.dir/C_/Repositories/pico/pico-sdk/lib/tinyusb/src/portable/raspberrypi/rp2040/dcd_rp2040.c.obj
                0x100047bc                dcd_edpt_open
 .text.dcd_edpt_close_all
                0x100048d0        0x8 CMakeFiles/02_printf.dir/C_/Repositories/pico/pico-sdk/lib/tinyusb/src/portable/raspberrypi/rp2040/dcd_rp2040.c.obj
                0x100048d0                dcd_edpt_close_all
 .text.dcd_edpt_xfer
                0x100048d8       0x24 CMakeFiles/02_printf.dir/C_/Repositories/pico/pico-sdk/lib/tinyusb/src/portable/raspberrypi/rp2040/dcd_rp2040.c.obj
                0x100048d8                dcd_edpt_xfer
 .text.dcd_edpt_stall
                0x100048fc       0x38 CMakeFiles/02_printf.dir/C_/Repositories/pico/pico-sdk/lib/tinyusb/src/portable/raspberrypi/rp2040/dcd_rp2040.c.obj
                0x100048fc                dcd_edpt_stall
 .text.dcd_edpt_clear_stall
                0x10004934       0x30 CMakeFiles/02_printf.dir/C_/Repositories/pico/pico-sdk/lib/tinyusb/src/portable/raspberrypi/rp2040/dcd_rp2040.c.obj
                0x10004934                dcd_edpt_clear_stall
 .text.rp2040_usb_init
                0x10004964       0x40 CMakeFiles/02_printf.dir/C_/Repositories/pico/pico-sdk/lib/tinyusb/src/portable/raspberrypi/rp2040/rp2040_usb.c.obj
                0x10004964                rp2040_usb_init
 .text.hw_endpoint_xfer_start
                0x100049a4       0x50 CMakeFiles/02_printf.dir/C_/Repositories/pico/pico-sdk/lib/tinyusb/src/portable/raspberrypi/rp2040/rp2040_usb.c.obj
                0x100049a4                hw_endpoint_xfer_start
 .text.tud_event_hook_cb
                0x100049f4        0x4 CMakeFiles/02_printf.dir/C_/Repositories/pico/pico-sdk/lib/tinyusb/src/device/usbd.c.obj
                0x100049f4                tud_event_hook_cb
 .text.tud_sof_cb
                0x100049f8        0x4 CMakeFiles/02_printf.dir/C_/Repositories/pico/pico-sdk/lib/tinyusb/src/device/usbd.c.obj
                0x100049f8                tud_sof_cb
 .text.tud_descriptor_device_qualifier_cb
                0x100049fc        0x4 CMakeFiles/02_printf.dir/C_/Repositories/pico/pico-sdk/lib/tinyusb/src/device/usbd.c.obj
                0x100049fc                tud_descriptor_device_qualifier_cb
 .text.tud_descriptor_other_speed_configuration_cb
                0x10004a00        0x4 CMakeFiles/02_printf.dir/C_/Repositories/pico/pico-sdk/lib/tinyusb/src/device/usbd.c.obj
                0x10004a00                tud_descriptor_other_speed_configuration_cb
 .text.tud_mount_cb
                0x10004a04        0x4 CMakeFiles/02_printf.dir/C_/Repositories/pico/pico-sdk/lib/tinyusb/src/device/usbd.c.obj
                0x10004a04                tud_mount_cb
 .text.tud_umount_cb
                0x10004a08        0x4 CMakeFiles/02_printf.dir/C_/Repositories/pico/pico-sdk/lib/tinyusb/src/device/usbd.c.obj
                0x10004a08                tud_umount_cb
 .text.tud_suspend_cb
                0x10004a0c        0x4 CMakeFiles/02_printf.dir/C_/Repositories/pico/pico-sdk/lib/tinyusb/src/device/usbd.c.obj
                0x10004a0c                tud_suspend_cb
 .text.tud_resume_cb
                0x10004a10        0x4 CMakeFiles/02_printf.dir/C_/Repositories/pico/pico-sdk/lib/tinyusb/src/device/usbd.c.obj
                0x10004a10                tud_resume_cb
 .text.tud_mounted
                0x10004a14       0x10 CMakeFiles/02_printf.dir/C_/Repositories/pico/pico-sdk/lib/tinyusb/src/device/usbd.c.obj
                0x10004a14                tud_mounted
 .text.tud_suspended
                0x10004a24       0x10 CMakeFiles/02_printf.dir/C_/Repositories/pico/pico-sdk/lib/tinyusb/src/device/usbd.c.obj
                0x10004a24                tud_suspended
 .text.tud_rhport_init
                0x10004a34       0xf4 CMakeFiles/02_printf.dir/C_/Repositories/pico/pico-sdk/lib/tinyusb/src/device/usbd.c.obj
                0x10004a34                tud_rhport_init
 .text.tud_task_ext
                0x10004b28      0x800 CMakeFiles/02_printf.dir/C_/Repositories/pico/pico-sdk/lib/tinyusb/src/device/usbd.c.obj
                0x10004b28                tud_task_ext
 .text.usbd_open_edpt_pair
                0x10005328       0x9c CMakeFiles/02_printf.dir/C_/Repositories/pico/pico-sdk/lib/tinyusb/src/device/usbd.c.obj
                0x10005328                usbd_open_edpt_pair
 .text.usbd_edpt_open
                0x100053c4       0x34 CMakeFiles/02_printf.dir/C_/Repositories/pico/pico-sdk/lib/tinyusb/src/device/usbd.c.obj
                0x100053c4                usbd_edpt_open
 .text.usbd_edpt_claim
                0x100053f8       0x28 CMakeFiles/02_printf.dir/C_/Repositories/pico/pico-sdk/lib/tinyusb/src/device/usbd.c.obj
                0x100053f8                usbd_edpt_claim
 .text.usbd_edpt_release
                0x10005420       0x28 CMakeFiles/02_printf.dir/C_/Repositories/pico/pico-sdk/lib/tinyusb/src/device/usbd.c.obj
                0x10005420                usbd_edpt_release
 .text.usbd_edpt_xfer
                0x10005448       0x4c CMakeFiles/02_printf.dir/C_/Repositories/pico/pico-sdk/lib/tinyusb/src/device/usbd.c.obj
                0x10005448                usbd_edpt_xfer
 .text.tud_control_status
                0x10005494       0x30 CMakeFiles/02_printf.dir/C_/Repositories/pico/pico-sdk/lib/tinyusb/src/device/usbd_control.c.obj
                0x10005494                tud_control_status
 .text.tud_control_xfer
                0x100054c4       0xbc CMakeFiles/02_printf.dir/C_/Repositories/pico/pico-sdk/lib/tinyusb/src/device/usbd_control.c.obj
                0x100054c4                tud_control_xfer
 .text.usbd_control_reset
                0x10005580       0x14 CMakeFiles/02_printf.dir/C_/Repositories/pico/pico-sdk/lib/tinyusb/src/device/usbd_control.c.obj
                0x10005580                usbd_control_reset
 .text.usbd_control_set_complete_callback
                0x10005594        0xc CMakeFiles/02_printf.dir/C_/Repositories/pico/pico-sdk/lib/tinyusb/src/device/usbd_control.c.obj
                0x10005594                usbd_control_set_complete_callback
 .text.usbd_control_set_request
                0x100055a0       0x1c CMakeFiles/02_printf.dir/C_/Repositories/pico/pico-sdk/lib/tinyusb/src/device/usbd_control.c.obj
                0x100055a0                usbd_control_set_request
 .text.usbd_control_xfer_cb
                0x100055bc       0xf0 CMakeFiles/02_printf.dir/C_/Repositories/pico/pico-sdk/lib/tinyusb/src/device/usbd_control.c.obj
                0x100055bc                usbd_control_xfer_cb
 .text._prep_out_transaction.isra.0
                0x100056ac       0x6c CMakeFiles/02_printf.dir/C_/Repositories/pico/pico-sdk/lib/tinyusb/src/class/cdc/cdc_device.c.obj
 .text.tud_cdc_n_connected
                0x10005718       0x2c CMakeFiles/02_printf.dir/C_/Repositories/pico/pico-sdk/lib/tinyusb/src/class/cdc/cdc_device.c.obj
                0x10005718                tud_cdc_n_connected
 .text.tud_cdc_n_available
                0x10005744       0x18 CMakeFiles/02_printf.dir/C_/Repositories/pico/pico-sdk/lib/tinyusb/src/class/cdc/cdc_device.c.obj
                0x10005744                tud_cdc_n_available
 .text.tud_cdc_n_read
                0x1000575c       0x94 CMakeFiles/02_printf.dir/C_/Repositories/pico/pico-sdk/lib/tinyusb/src/class/cdc/cdc_device.c.obj
                0x1000575c                tud_cdc_n_read
 .text.tud_cdc_n_write_flush
                0x100057f0       0x78 CMakeFiles/02_printf.dir/C_/Repositories/pico/pico-sdk/lib/tinyusb/src/class/cdc/cdc_device.c.obj
                0x100057f0                tud_cdc_n_write_flush
 .text.tud_cdc_n_write
                0x10005868       0x44 CMakeFiles/02_printf.dir/C_/Repositories/pico/pico-sdk/lib/tinyusb/src/class/cdc/cdc_device.c.obj
                0x10005868                tud_cdc_n_write
 .text.tud_cdc_n_write_available
                0x100058ac       0x18 CMakeFiles/02_printf.dir/C_/Repositories/pico/pico-sdk/lib/tinyusb/src/class/cdc/cdc_device.c.obj
                0x100058ac                tud_cdc_n_write_available
 .text.cdcd_init
                0x100058c4       0x70 CMakeFiles/02_printf.dir/C_/Repositories/pico/pico-sdk/lib/tinyusb/src/class/cdc/cdc_device.c.obj
                0x100058c4                cdcd_init
 .text.cdcd_deinit
                0x10005934       0x24 CMakeFiles/02_printf.dir/C_/Repositories/pico/pico-sdk/lib/tinyusb/src/class/cdc/cdc_device.c.obj
                0x10005934                cdcd_deinit
 .text.cdcd_reset
                0x10005958       0x4c CMakeFiles/02_printf.dir/C_/Repositories/pico/pico-sdk/lib/tinyusb/src/class/cdc/cdc_device.c.obj
                0x10005958                cdcd_reset
 .text.cdcd_open
                0x100059a4       0xa8 CMakeFiles/02_printf.dir/C_/Repositories/pico/pico-sdk/lib/tinyusb/src/class/cdc/cdc_device.c.obj
                0x100059a4                cdcd_open
 .text.cdcd_control_xfer_cb
                0x10005a4c       0xe8 CMakeFiles/02_printf.dir/C_/Repositories/pico/pico-sdk/lib/tinyusb/src/class/cdc/cdc_device.c.obj
                0x10005a4c                cdcd_control_xfer_cb
 .text.cdcd_xfer_cb
                0x10005b34       0xfc CMakeFiles/02_printf.dir/C_/Repositories/pico/pico-sdk/lib/tinyusb/src/class/cdc/cdc_device.c.obj
                0x10005b34                cdcd_xfer_cb
 .text.vendord_init
                0x10005c30       0x5c CMakeFiles/02_printf.dir/C_/Repositories/pico/pico-sdk/lib/tinyusb/src/class/vendor/vendor_device.c.obj
                0x10005c30                vendord_init
 .text.vendord_deinit
                0x10005c8c       0x1c CMakeFiles/02_printf.dir/C_/Repositories/pico/pico-sdk/lib/tinyusb/src/class/vendor/vendor_device.c.obj
                0x10005c8c                vendord_deinit
 .text.vendord_reset
                0x10005ca8       0x28 CMakeFiles/02_printf.dir/C_/Repositories/pico/pico-sdk/lib/tinyusb/src/class/vendor/vendor_device.c.obj
                0x10005ca8                vendord_reset
 .text.vendord_open
                0x10005cd0      0x128 CMakeFiles/02_printf.dir/C_/Repositories/pico/pico-sdk/lib/tinyusb/src/class/vendor/vendor_device.c.obj
                0x10005cd0                vendord_open
 .text.vendord_xfer_cb
                0x10005df8       0x9c CMakeFiles/02_printf.dir/C_/Repositories/pico/pico-sdk/lib/tinyusb/src/class/vendor/vendor_device.c.obj
                0x10005df8                vendord_xfer_cb
 .text.tusb_rhport_init
                0x10005e94       0x48 CMakeFiles/02_printf.dir/C_/Repositories/pico/pico-sdk/lib/tinyusb/src/tusb.c.obj
                0x10005e94                tusb_rhport_init
 .text.tu_edpt_claim
                0x10005edc       0x50 CMakeFiles/02_printf.dir/C_/Repositories/pico/pico-sdk/lib/tinyusb/src/tusb.c.obj
                0x10005edc                tu_edpt_claim
 .text.tu_edpt_release
                0x10005f2c       0x38 CMakeFiles/02_printf.dir/C_/Repositories/pico/pico-sdk/lib/tinyusb/src/tusb.c.obj
                0x10005f2c                tu_edpt_release
 .text.tu_edpt_validate
                0x10005f64       0x78 CMakeFiles/02_printf.dir/C_/Repositories/pico/pico-sdk/lib/tinyusb/src/tusb.c.obj
                0x10005f64                tu_edpt_validate
 .text.tu_edpt_bind_driver
                0x10005fdc       0x34 CMakeFiles/02_printf.dir/C_/Repositories/pico/pico-sdk/lib/tinyusb/src/tusb.c.obj
                0x10005fdc                tu_edpt_bind_driver
 .text.tu_edpt_stream_init
                0x10006010       0x6c CMakeFiles/02_printf.dir/C_/Repositories/pico/pico-sdk/lib/tinyusb/src/tusb.c.obj
                0x10006010                tu_edpt_stream_init
 .text.tu_edpt_stream_deinit
                0x1000607c        0x4 CMakeFiles/02_printf.dir/C_/Repositories/pico/pico-sdk/lib/tinyusb/src/tusb.c.obj
                0x1000607c                tu_edpt_stream_deinit
 .text.tu_edpt_stream_write_zlp_if_needed
                0x10006080       0x58 CMakeFiles/02_printf.dir/C_/Repositories/pico/pico-sdk/lib/tinyusb/src/tusb.c.obj
                0x10006080                tu_edpt_stream_write_zlp_if_needed
 .text.tu_edpt_stream_write_xfer
                0x100060d8       0x64 CMakeFiles/02_printf.dir/C_/Repositories/pico/pico-sdk/lib/tinyusb/src/tusb.c.obj
                0x100060d8                tu_edpt_stream_write_xfer
 .text.tu_edpt_stream_read_xfer
                0x1000613c       0xdc CMakeFiles/02_printf.dir/C_/Repositories/pico/pico-sdk/lib/tinyusb/src/tusb.c.obj
                0x1000613c                tu_edpt_stream_read_xfer
 .text.tu_fifo_config
                0x10006218       0x70 CMakeFiles/02_printf.dir/C_/Repositories/pico/pico-sdk/lib/tinyusb/src/common/tusb_fifo.c.obj
                0x10006218                tu_fifo_config
 .text.tu_fifo_count
                0x10006288       0x2c CMakeFiles/02_printf.dir/C_/Repositories/pico/pico-sdk/lib/tinyusb/src/common/tusb_fifo.c.obj
                0x10006288                tu_fifo_count
 .text.tu_fifo_empty
                0x100062b4       0x10 CMakeFiles/02_printf.dir/C_/Repositories/pico/pico-sdk/lib/tinyusb/src/common/tusb_fifo.c.obj
                0x100062b4                tu_fifo_empty
 .text.tu_fifo_remaining
                0x100062c4       0x2c CMakeFiles/02_printf.dir/C_/Repositories/pico/pico-sdk/lib/tinyusb/src/common/tusb_fifo.c.obj
                0x100062c4                tu_fifo_remaining
 .text.tu_fifo_read
                0x100062f0       0xa0 CMakeFiles/02_printf.dir/C_/Repositories/pico/pico-sdk/lib/tinyusb/src/common/tusb_fifo.c.obj
                0x100062f0                tu_fifo_read
 .text.tu_fifo_read_n
                0x10006390       0xec CMakeFiles/02_printf.dir/C_/Repositories/pico/pico-sdk/lib/tinyusb/src/common/tusb_fifo.c.obj
                0x10006390                tu_fifo_read_n
 .text.tu_fifo_write
                0x1000647c       0x88 CMakeFiles/02_printf.dir/C_/Repositories/pico/pico-sdk/lib/tinyusb/src/common/tusb_fifo.c.obj
                0x1000647c                tu_fifo_write
 .text.tu_fifo_write_n
                0x10006504      0x168 CMakeFiles/02_printf.dir/C_/Repositories/pico/pico-sdk/lib/tinyusb/src/common/tusb_fifo.c.obj
                0x10006504                tu_fifo_write_n
 .text.tu_fifo_clear
                0x1000666c       0x40 CMakeFiles/02_printf.dir/C_/Repositories/pico/pico-sdk/lib/tinyusb/src/common/tusb_fifo.c.obj
                0x1000666c                tu_fifo_clear
 .text.tu_fifo_set_overwritable
                0x100066ac       0x48 CMakeFiles/02_printf.dir/C_/Repositories/pico/pico-sdk/lib/tinyusb/src/common/tusb_fifo.c.obj
                0x100066ac                tu_fifo_set_overwritable
 .text.strlen   0x100066f4       0x5c c:/program files (x86)/gnu arm embedded toolchain/10 2021.10/bin/../lib/gcc/arm-none-eabi/10.3.1/../../../../arm-none-eabi/lib/thumb/v6-m/nofp\libg.a(lib_a-strlen-stub.o)
                0x100066f4                strlen
 *(.fini)
 .fini          0x10006750        0x4 c:/program files (x86)/gnu arm embedded toolchain/10 2021.10/bin/../lib/gcc/arm-none-eabi/10.3.1/thumb/v6-m/nofp/crti.o
                0x10006750                _fini
 *fill*         0x10006754        0x4 
 .fini.__stub   0x10006758       0xd0 linker stubs
 *crtbegin.o(.ctors)
 *crtbegin?.o(.ctors)
 *(EXCLUDE_FILE(*crtend.o *crtend?.o) .ctors)
 *(SORT_BY_NAME(.ctors.*))
 *(.ctors)
 *crtbegin.o(.dtors)
 *crtbegin?.o(.dtors)
 *(EXCLUDE_FILE(*crtend.o *crtend?.o) .dtors)
 *(SORT_BY_NAME(.dtors.*))
 *(.dtors)
                0x10006828                . = ALIGN (0x4)
                0x10006828                PROVIDE (__preinit_array_start = .)
 *(SORT_BY_NAME(.preinit_array.*))
 .preinit_array.00100
                0x10006828        0x4 CMakeFiles/02_printf.dir/C_/Repositories/pico/pico-sdk/src/rp2_common/pico_runtime_init/runtime_init.c.obj
                0x10006828                __pre_init_runtime_init_early_resets
 .preinit_array.00101
                0x1000682c        0x4 CMakeFiles/02_printf.dir/C_/Repositories/pico/pico-sdk/src/rp2_common/pico_runtime_init/runtime_init.c.obj
                0x1000682c                __pre_init_runtime_init_usb_power_down
 .preinit_array.00275
                0x10006830        0x4 CMakeFiles/02_printf.dir/C_/Repositories/pico/pico-sdk/src/rp2_common/pico_bit_ops/bit_ops_aeabi.S.obj
 .preinit_array.00300
                0x10006834        0x4 CMakeFiles/02_printf.dir/C_/Repositories/pico/pico-sdk/src/rp2_common/pico_mem_ops/mem_ops_aeabi.S.obj
 .preinit_array.00350
                0x10006838        0x4 CMakeFiles/02_printf.dir/C_/Repositories/pico/pico-sdk/src/rp2_common/pico_double/double_aeabi_rp2040.S.obj
 .preinit_array.00350
                0x1000683c        0x4 CMakeFiles/02_printf.dir/C_/Repositories/pico/pico-sdk/src/rp2_common/pico_float/float_aeabi_rp2040.S.obj
 .preinit_array.00500
                0x10006840        0x4 CMakeFiles/02_printf.dir/C_/Repositories/pico/pico-sdk/src/rp2_common/pico_runtime_init/runtime_init.c.obj
                0x10006840                __pre_init_runtime_init_clocks
 .preinit_array.00600
                0x10006844        0x4 CMakeFiles/02_printf.dir/C_/Repositories/pico/pico-sdk/src/rp2_common/pico_runtime_init/runtime_init.c.obj
                0x10006844                __pre_init_runtime_init_post_clock_resets
 .preinit_array.00700
                0x10006848        0x4 CMakeFiles/02_printf.dir/C_/Repositories/pico/pico-sdk/src/rp2_common/pico_runtime_init/runtime_init.c.obj
                0x10006848                __pre_init_runtime_init_rp2040_gpio_ie_disable
 .preinit_array.01000
                0x1000684c        0x4 CMakeFiles/02_printf.dir/C_/Repositories/pico/pico-sdk/src/rp2_common/pico_runtime_init/runtime_init.c.obj
                0x1000684c                __pre_init_runtime_init_spin_locks_reset
 .preinit_array.01100
                0x10006850        0x4 CMakeFiles/02_printf.dir/C_/Repositories/pico/pico-sdk/src/common/pico_sync/mutex.c.obj
                0x10006850                __pre_init_runtime_init_mutex
 .preinit_array.10080
                0x10006854        0x4 CMakeFiles/02_printf.dir/C_/Repositories/pico/pico-sdk/src/rp2_common/pico_runtime_init/runtime_init.c.obj
                0x10006854                __pre_init_runtime_init_install_ram_vector_table
 .preinit_array.11000
                0x10006858        0x4 CMakeFiles/02_printf.dir/C_/Repositories/pico/pico-sdk/src/common/pico_time/time.c.obj
                0x10006858                __pre_init_runtime_init_default_alarm_pool
 .preinit_array.YYYYY
                0x1000685c        0x4 CMakeFiles/02_printf.dir/C_/Repositories/pico/pico-sdk/src/rp2_common/pico_runtime/runtime.c.obj
                0x1000685c                __pre_init_first_per_core_initializer
 .preinit_array.ZZZZZ.01200
                0x10006860        0x4 CMakeFiles/02_printf.dir/C_/Repositories/pico/pico-sdk/src/rp2_common/hardware_irq/irq.c.obj
                0x10006860                __pre_init_runtime_init_per_core_irq_priorities
 *(.preinit_array)
                0x10006864                PROVIDE (__preinit_array_end = .)
                0x10006864                . = ALIGN (0x4)
                0x10006864                PROVIDE (__init_array_start = .)
 *(SORT_BY_NAME(.init_array.*))
 .init_array.01000
                0x10006864        0x4 CMakeFiles/02_printf.dir/C_/Repositories/pico/pico-sdk/src/rp2_common/pico_unique_id/unique_id.c.obj
 *(.init_array)
 .init_array    0x10006868        0x4 c:/program files (x86)/gnu arm embedded toolchain/10 2021.10/bin/../lib/gcc/arm-none-eabi/10.3.1/thumb/v6-m/nofp/crtbegin.o
                0x1000686c                PROVIDE (__init_array_end = .)
                0x1000686c                . = ALIGN (0x4)
                [!provide]                PROVIDE (__fini_array_start = .)
 *(SORT_BY_NAME(.fini_array.*))
 *(.fini_array)
                [!provide]                PROVIDE (__fini_array_end = .)
 *(.eh_frame*)
 .eh_frame      0x1000686c        0x0 c:/program files (x86)/gnu arm embedded toolchain/10 2021.10/bin/../lib/gcc/arm-none-eabi/10.3.1/thumb/v6-m/nofp/crtbegin.o
                0x1000686c                . = ALIGN (0x4)

.glue_7         0x1000686c        0x0
 .glue_7        0x1000686c        0x0 linker stubs

.glue_7t        0x1000686c        0x0
 .glue_7t       0x1000686c        0x0 linker stubs

.vfp11_veneer   0x1000686c        0x0
 .vfp11_veneer  0x1000686c        0x0 linker stubs

.v4_bx          0x1000686c        0x0
 .v4_bx         0x1000686c        0x0 linker stubs

.iplt           0x1000686c        0x0
 .iplt          0x1000686c        0x0 c:/program files (x86)/gnu arm embedded toolchain/10 2021.10/bin/../lib/gcc/arm-none-eabi/10.3.1/thumb/v6-m/nofp/crtbegin.o

.rodata         0x10006870      0x6a8
 *(EXCLUDE_FILE(*libm.a: *libc.a:*lib_a-mem*.o *libgcc.a:) .rodata*)
 .rodata.main.str1.4
                0x10006870       0x4e CMakeFiles/02_printf.dir/main.c.obj
 *fill*         0x100068be        0x2 
 .rodata.panic.str1.4
                0x100068c0       0x10 CMakeFiles/02_printf.dir/C_/Repositories/pico/pico-sdk/src/rp2_common/pico_platform_panic/panic.c.obj
                                 0x12 (size before relaxing)
 .rodata.spin_lock_claim_unused.str1.4
                0x100068d0       0x1b CMakeFiles/02_printf.dir/C_/Repositories/pico/pico-sdk/src/rp2_common/hardware_sync/sync.c.obj
 *fill*         0x100068eb        0x1 
 .rodata.user_irq_claim_unused.str1.4
                0x100068ec       0x1b CMakeFiles/02_printf.dir/C_/Repositories/pico/pico-sdk/src/rp2_common/hardware_irq/irq.c.obj
 *fill*         0x10006907        0x1 
 .rodata.timer_hardware_alarm_claim.str1.4
                0x10006908       0x22 CMakeFiles/02_printf.dir/C_/Repositories/pico/pico-sdk/src/rp2_common/hardware_timer/timer.c.obj
 *fill*         0x1000692a        0x2 
 .rodata.hard_assertion_failure.str1.4
                0x1000692c        0xc CMakeFiles/02_printf.dir/C_/Repositories/pico/pico-sdk/src/rp2_common/pico_runtime/runtime.c.obj
 .rodata.str1.4
                0x10006938       0x40 CMakeFiles/02_printf.dir/C_/Repositories/pico/pico-sdk/src/rp2_common/pico_standard_binary_info/standard_binary_info.c.obj
 .rodata.__bi_26
                0x10006978        0xc CMakeFiles/02_printf.dir/C_/Repositories/pico/pico-sdk/src/rp2_common/pico_standard_binary_info/standard_binary_info.c.obj
 .rodata.__bi_34
                0x10006984        0xc CMakeFiles/02_printf.dir/C_/Repositories/pico/pico-sdk/src/rp2_common/pico_standard_binary_info/standard_binary_info.c.obj
 .rodata.__bi_42
                0x10006990        0xc CMakeFiles/02_printf.dir/C_/Repositories/pico/pico-sdk/src/rp2_common/pico_standard_binary_info/standard_binary_info.c.obj
 .rodata.__bi_48
                0x1000699c        0xc CMakeFiles/02_printf.dir/C_/Repositories/pico/pico-sdk/src/rp2_common/pico_standard_binary_info/standard_binary_info.c.obj
 .rodata.__bi_54
                0x100069a8        0xc CMakeFiles/02_printf.dir/C_/Repositories/pico/pico-sdk/src/rp2_common/pico_standard_binary_info/standard_binary_info.c.obj
 .rodata.__bi_78
                0x100069b4        0xc CMakeFiles/02_printf.dir/C_/Repositories/pico/pico-sdk/src/rp2_common/pico_standard_binary_info/standard_binary_info.c.obj
 .rodata.__bi_84
                0x100069c0        0xc CMakeFiles/02_printf.dir/C_/Repositories/pico/pico-sdk/src/rp2_common/pico_standard_binary_info/standard_binary_info.c.obj
 .rodata._ftoa.str1.4
                0x100069cc       0x15 CMakeFiles/02_printf.dir/C_/Repositories/pico/pico-sdk/src/rp2_common/pico_printf/printf.c.obj
 *fill*         0x100069e1        0x3 
 .rodata._vsnprintf
                0x100069e4      0x1e0 CMakeFiles/02_printf.dir/C_/Repositories/pico/pico-sdk/src/rp2_common/pico_printf/printf.c.obj
 *fill*         0x10006bc4        0x4 
 .rodata.pow10.0
                0x10006bc8       0x50 CMakeFiles/02_printf.dir/C_/Repositories/pico/pico-sdk/src/rp2_common/pico_printf/printf.c.obj
 .rodata.crlf_str.0
                0x10006c18        0x2 CMakeFiles/02_printf.dir/C_/Repositories/pico/pico-sdk/src/rp2_common/pico_stdio/stdio.c.obj
 *fill*         0x10006c1a        0x2 
 .rodata._resetd_driver
                0x10006c1c       0x20 CMakeFiles/02_printf.dir/C_/Repositories/pico/pico-sdk/src/rp2_common/pico_stdio_usb/reset_interface.c.obj
 .rodata.desc_bos
                0x10006c3c       0x21 CMakeFiles/02_printf.dir/C_/Repositories/pico/pico-sdk/src/rp2_common/pico_stdio_usb/reset_interface.c.obj
                0x10006c3c                desc_bos
 *fill*         0x10006c5d        0x3 
 .rodata.desc_ms_os_20
                0x10006c60       0xa6 CMakeFiles/02_printf.dir/C_/Repositories/pico/pico-sdk/src/rp2_common/pico_stdio_usb/reset_interface.c.obj
 *fill*         0x10006d06        0x2 
 .rodata.str1.4
                0x10006d08       0x13 CMakeFiles/02_printf.dir/C_/Repositories/pico/pico-sdk/src/rp2_common/pico_stdio_usb/stdio_usb.c.obj
 *fill*         0x10006d1b        0x1 
 .rodata.__bi_202.0
                0x10006d1c        0xc CMakeFiles/02_printf.dir/C_/Repositories/pico/pico-sdk/src/rp2_common/pico_stdio_usb/stdio_usb.c.obj
 .rodata.str1.4
                0x10006d28       0x2a CMakeFiles/02_printf.dir/C_/Repositories/pico/pico-sdk/src/rp2_common/pico_stdio_usb/stdio_usb_descriptors.c.obj
 *fill*         0x10006d52        0x2 
 .rodata.usbd_desc_cfg
                0x10006d54       0x54 CMakeFiles/02_printf.dir/C_/Repositories/pico/pico-sdk/src/rp2_common/pico_stdio_usb/stdio_usb_descriptors.c.obj
 .rodata.usbd_desc_device
                0x10006da8       0x12 CMakeFiles/02_printf.dir/C_/Repositories/pico/pico-sdk/src/rp2_common/pico_stdio_usb/stdio_usb_descriptors.c.obj
 *fill*         0x10006dba        0x2 
 .rodata.usbd_desc_str
                0x10006dbc       0x18 CMakeFiles/02_printf.dir/C_/Repositories/pico/pico-sdk/src/rp2_common/pico_stdio_usb/stdio_usb_descriptors.c.obj
 .rodata.str1.4
                0x10006dd4       0x14 CMakeFiles/02_printf.dir/C_/Repositories/pico/pico-sdk/lib/tinyusb/src/portable/raspberrypi/rp2040/dcd_rp2040.c.obj
 .rodata.str1.4
                0x10006de8       0x48 CMakeFiles/02_printf.dir/C_/Repositories/pico/pico-sdk/lib/tinyusb/src/portable/raspberrypi/rp2040/rp2040_usb.c.obj
 .rodata.tud_task_ext
                0x10006e30       0x8c CMakeFiles/02_printf.dir/C_/Repositories/pico/pico-sdk/lib/tinyusb/src/device/usbd.c.obj
 .rodata        0x10006ebc       0x1c CMakeFiles/02_printf.dir/C_/Repositories/pico/pico-sdk/lib/tinyusb/src/device/usbd.c.obj
 .rodata._usbd_driver
                0x10006ed8       0x40 CMakeFiles/02_printf.dir/C_/Repositories/pico/pico-sdk/lib/tinyusb/src/device/usbd.c.obj
                0x10006f18                . = ALIGN (0x4)
 *(SORT_BY_ALIGNMENT(SORT_BY_NAME(.flashdata*)))
                0x10006f18                . = ALIGN (0x4)

.ARM.extab
 *(.ARM.extab* .gnu.linkonce.armextab.*)
                0x10006f18                __exidx_start = .

.ARM.exidx
 *(.ARM.exidx* .gnu.linkonce.armexidx.*)
                0x10006f18                __exidx_end = .
                0x10006f18                . = ALIGN (0x4)
                0x10006f18                __binary_info_start = .

.binary_info    0x10006f18       0x20
 *(.binary_info.keep.*)
 .binary_info.keep.__bi_ptr26
                0x10006f18        0x4 CMakeFiles/02_printf.dir/C_/Repositories/pico/pico-sdk/src/rp2_common/pico_standard_binary_info/standard_binary_info.c.obj
 .binary_info.keep.__bi_ptr34
                0x10006f1c        0x4 CMakeFiles/02_printf.dir/C_/Repositories/pico/pico-sdk/src/rp2_common/pico_standard_binary_info/standard_binary_info.c.obj
 .binary_info.keep.__bi_ptr42
                0x10006f20        0x4 CMakeFiles/02_printf.dir/C_/Repositories/pico/pico-sdk/src/rp2_common/pico_standard_binary_info/standard_binary_info.c.obj
 .binary_info.keep.__bi_ptr48
                0x10006f24        0x4 CMakeFiles/02_printf.dir/C_/Repositories/pico/pico-sdk/src/rp2_common/pico_standard_binary_info/standard_binary_info.c.obj
 .binary_info.keep.__bi_ptr54
                0x10006f28        0x4 CMakeFiles/02_printf.dir/C_/Repositories/pico/pico-sdk/src/rp2_common/pico_standard_binary_info/standard_binary_info.c.obj
 .binary_info.keep.__bi_ptr78
                0x10006f2c        0x4 CMakeFiles/02_printf.dir/C_/Repositories/pico/pico-sdk/src/rp2_common/pico_standard_binary_info/standard_binary_info.c.obj
 .binary_info.keep.__bi_ptr84
                0x10006f30        0x4 CMakeFiles/02_printf.dir/C_/Repositories/pico/pico-sdk/src/rp2_common/pico_standard_binary_info/standard_binary_info.c.obj
 *(.binary_info.*)
 .binary_info.__bi_ptr202
                0x10006f34        0x4 CMakeFiles/02_printf.dir/C_/Repositories/pico/pico-sdk/src/rp2_common/pico_stdio_usb/stdio_usb.c.obj
                0x10006f38                __binary_info_end = .
                0x10006f38                . = ALIGN (0x4)

.ram_vector_table
                0x20000000       0xc0
 *(.ram_vector_table)
 .ram_vector_table
                0x20000000       0xc0 CMakeFiles/02_printf.dir/C_/Repositories/pico/pico-sdk/src/rp2_common/pico_runtime_init/runtime_init.c.obj
                0x20000000                ram_vector_table

.uninitialized_data
                0x200000c0        0x0
                0x200000c0                . = ALIGN (0x4)
 *(.uninitialized_data*)

.data           0x200000c0     0x1030 load address 0x10006f38
                0x200000c0                __data_start__ = .
 *(vtable)
 *(.time_critical*)
 .time_critical.mutex_try_enter
                0x200000c0       0x44 CMakeFiles/02_printf.dir/C_/Repositories/pico/pico-sdk/src/common/pico_sync/mutex.c.obj
                0x200000c0                mutex_try_enter
 .time_critical.mutex_try_enter_block_until
                0x20000104       0x9c CMakeFiles/02_printf.dir/C_/Repositories/pico/pico-sdk/src/common/pico_sync/mutex.c.obj
                0x20000104                mutex_try_enter_block_until
 .time_critical.mutex_enter_timeout_ms
                0x200001a0       0x90 CMakeFiles/02_printf.dir/C_/Repositories/pico/pico-sdk/src/common/pico_sync/mutex.c.obj
                0x200001a0                mutex_enter_timeout_ms
 .time_critical.mutex_exit
                0x20000230       0x28 CMakeFiles/02_printf.dir/C_/Repositories/pico/pico-sdk/src/common/pico_sync/mutex.c.obj
                0x20000230                mutex_exit
 .time_critical.flash_init_boot2_copyout
                0x20000258       0x30 CMakeFiles/02_printf.dir/C_/Repositories/pico/pico-sdk/src/rp2_common/hardware_flash/flash.c.obj
 .time_critical.flash_enable_xip_via_boot2
                0x20000288       0x10 CMakeFiles/02_printf.dir/C_/Repositories/pico/pico-sdk/src/rp2_common/hardware_flash/flash.c.obj
 .time_critical.flash_save_hardware_state
                0x20000298       0x28 CMakeFiles/02_printf.dir/C_/Repositories/pico/pico-sdk/src/rp2_common/hardware_flash/flash.c.obj
 .time_critical.flash_restore_hardware_state
                0x200002c0       0x28 CMakeFiles/02_printf.dir/C_/Repositories/pico/pico-sdk/src/rp2_common/hardware_flash/flash.c.obj
 .time_critical.flash_cs_force
                0x200002e8       0x38 CMakeFiles/02_printf.dir/C_/Repositories/pico/pico-sdk/src/rp2_common/hardware_flash/flash.c.obj
 .time_critical.flash_do_cmd
                0x20000320       0xd4 CMakeFiles/02_printf.dir/C_/Repositories/pico/pico-sdk/src/rp2_common/hardware_flash/flash.c.obj
                0x20000320                flash_do_cmd
 .time_critical.reset_non_control_endpoints
                0x200003f4       0xbc CMakeFiles/02_printf.dir/C_/Repositories/pico/pico-sdk/lib/tinyusb/src/portable/raspberrypi/rp2040/dcd_rp2040.c.obj
 .time_critical.hw_handle_buff_status
                0x200004b0       0x98 CMakeFiles/02_printf.dir/C_/Repositories/pico/pico-sdk/lib/tinyusb/src/portable/raspberrypi/rp2040/dcd_rp2040.c.obj
 .time_critical.dcd_rp2040_irq
                0x20000548      0x530 CMakeFiles/02_printf.dir/C_/Repositories/pico/pico-sdk/lib/tinyusb/src/portable/raspberrypi/rp2040/dcd_rp2040.c.obj
 .time_critical.prepare_ep_buffer
                0x20000a78       0xf4 CMakeFiles/02_printf.dir/C_/Repositories/pico/pico-sdk/lib/tinyusb/src/portable/raspberrypi/rp2040/rp2040_usb.c.obj
 .time_critical.sync_ep_buffer
                0x20000b6c       0xb4 CMakeFiles/02_printf.dir/C_/Repositories/pico/pico-sdk/lib/tinyusb/src/portable/raspberrypi/rp2040/rp2040_usb.c.obj
 .time_critical._hw_endpoint_xfer_sync
                0x20000c20       0x28 CMakeFiles/02_printf.dir/C_/Repositories/pico/pico-sdk/lib/tinyusb/src/portable/raspberrypi/rp2040/rp2040_usb.c.obj
 .time_critical.e15_is_bulkin_ep
                0x20000c48       0x28 CMakeFiles/02_printf.dir/C_/Repositories/pico/pico-sdk/lib/tinyusb/src/portable/raspberrypi/rp2040/rp2040_usb.c.obj
 .time_critical.e15_is_critical_frame_period
                0x20000c70       0x34 CMakeFiles/02_printf.dir/C_/Repositories/pico/pico-sdk/lib/tinyusb/src/portable/raspberrypi/rp2040/rp2040_usb.c.obj
 .time_critical.hw_endpoint_reset_transfer
                0x20000ca4        0xc CMakeFiles/02_printf.dir/C_/Repositories/pico/pico-sdk/lib/tinyusb/src/portable/raspberrypi/rp2040/rp2040_usb.c.obj
                0x20000ca4                hw_endpoint_reset_transfer
 .time_critical._hw_endpoint_buffer_control_update32
                0x20000cb0       0x50 CMakeFiles/02_printf.dir/C_/Repositories/pico/pico-sdk/lib/tinyusb/src/portable/raspberrypi/rp2040/rp2040_usb.c.obj
                0x20000cb0                _hw_endpoint_buffer_control_update32
 .time_critical.hw_endpoint_start_next_buffer
                0x20000d00       0x6c CMakeFiles/02_printf.dir/C_/Repositories/pico/pico-sdk/lib/tinyusb/src/portable/raspberrypi/rp2040/rp2040_usb.c.obj
                0x20000d00                hw_endpoint_start_next_buffer
 .time_critical.hw_endpoint_xfer_continue
                0x20000d6c       0x40 CMakeFiles/02_printf.dir/C_/Repositories/pico/pico-sdk/lib/tinyusb/src/portable/raspberrypi/rp2040/rp2040_usb.c.obj
                0x20000d6c                hw_endpoint_xfer_continue
 .time_critical.tinyusb
                0x20000dac      0x1f0 CMakeFiles/02_printf.dir/C_/Repositories/pico/pico-sdk/lib/tinyusb/src/device/usbd.c.obj
                0x20000dac                dcd_event_handler
 *(.text*)
 .text          0x20000f9c        0x4 c:/program files (x86)/gnu arm embedded toolchain/10 2021.10/bin/../lib/gcc/arm-none-eabi/10.3.1/thumb/v6-m/nofp\libgcc.a(_dvmd_tls.o)
                0x20000f9c                __aeabi_idiv0
                0x20000f9c                __aeabi_ldiv0
 .text.__stub   0x20000fa0       0x80 linker stubs
                0x20001020                . = ALIGN (0x4)
 *(.rodata*)
                0x20001020                . = ALIGN (0x4)
 *(.data*)
 .data.striped_spin_lock_num
                0x20001020        0x1 CMakeFiles/02_printf.dir/C_/Repositories/pico/pico-sdk/src/rp2_common/hardware_sync/sync.c.obj
 *fill*         0x20001021        0x3 
 .data          0x20001024       0x48 CMakeFiles/02_printf.dir/C_/Repositories/pico/pico-sdk/src/rp2_common/hardware_irq/irq_handler_chain.S.obj
                0x20001024                irq_handler_chain_slots
                0x20001054                irq_handler_chain_first_slot
                0x2000105e                irq_handler_chain_remove_tail
 .data.default_alarm_pool
                0x2000106c       0x18 CMakeFiles/02_printf.dir/C_/Repositories/pico/pico-sdk/src/common/pico_time/time.c.obj
 *fill*         0x20001084        0xc 
 .data.aeabi_bits_funcs
                0x20001090       0x10 CMakeFiles/02_printf.dir/C_/Repositories/pico/pico-sdk/src/rp2_common/pico_bit_ops/bit_ops_aeabi.S.obj
                0x20001090                aeabi_bits_funcs
                0x200010a0                aeabi_bits_funcs_end
 .data.aeabi_mem_funcs
                0x200010a0       0x10 CMakeFiles/02_printf.dir/C_/Repositories/pico/pico-sdk/src/rp2_common/pico_mem_ops/mem_ops_aeabi.S.obj
                0x200010a0                aeabi_mem_funcs
                0x200010b0                aeabi_mem_funcs_end
 .data.stdio_usb
                0x200010b0       0x18 CMakeFiles/02_printf.dir/C_/Repositories/pico/pico-sdk/src/rp2_common/pico_stdio_usb/stdio_usb.c.obj
                0x200010b0                stdio_usb
 .data._usbd_qdef
                0x200010c8       0x1c CMakeFiles/02_printf.dir/C_/Repositories/pico/pico-sdk/lib/tinyusb/src/device/usbd.c.obj
                0x200010c8                _usbd_qdef
 .data._usbd_rhport
                0x200010e4        0x1 CMakeFiles/02_printf.dir/C_/Repositories/pico/pico-sdk/lib/tinyusb/src/device/usbd.c.obj
                0x200010e8                . = ALIGN (0x4)
 *fill*         0x200010e5        0x3 
 *(.after_data.*)
                0x200010e8                . = ALIGN (0x4)
                0x200010e8                PROVIDE (__mutex_array_start = .)
 *(SORT_BY_NAME(.mutex_array.*))
 *(.mutex_array)
 .mutex_array   0x200010e8        0x8 CMakeFiles/02_printf.dir/C_/Repositories/pico/pico-sdk/src/rp2_common/pico_stdio/stdio.c.obj
                0x200010f0                PROVIDE (__mutex_array_end = .)
                0x200010f0                . = ALIGN (0x4)
 *(.jcr)
                0x200010f0                . = ALIGN (0x4)

.igot.plt       0x200010f0        0x0 load address 0x10007f68
 .igot.plt      0x200010f0        0x0 c:/program files (x86)/gnu arm embedded toolchain/10 2021.10/bin/../lib/gcc/arm-none-eabi/10.3.1/thumb/v6-m/nofp/crtbegin.o

.tdata          0x200010f0        0x0 load address 0x10007f68
                0x200010f0                . = ALIGN (0x4)
 *(.tdata .tdata.* .gnu.linkonce.td.*)
                0x200010f0                __tdata_end = .
                0x200010f0                PROVIDE (__data_end__ = .)
                0x10006f38                __etext = LOADADDR (.data)

.tbss           0x200010f0        0x0 load address 0x10007f68
                0x200010f0                . = ALIGN (0x4)
                0x200010f0                __bss_start__ = .
                0x200010f0                __tls_base = .
 *(.tbss .tbss.* .gnu.linkonce.tb.*)
 *(.tcommon)
                0x200010f0                __tls_end = .

.bss            0x200010f0      0xf00 load address 0x10007f68
                0x200010f0                . = ALIGN (0x4)
                0x200010f0                __tbss_end = .
 *(SORT_BY_ALIGNMENT(SORT_BY_NAME(.bss*)))
 .bss.default_alarm_pool_entries
                0x200010f0      0x180 CMakeFiles/02_printf.dir/C_/Repositories/pico/pico-sdk/src/common/pico_time/time.c.obj
 .bss.last_avail_time.1
                0x20001270        0x8 CMakeFiles/02_printf.dir/C_/Repositories/pico/pico-sdk/src/rp2_common/pico_stdio_usb/stdio_usb.c.obj
 .bss.sd_table  0x20001278      0x100 CMakeFiles/02_printf.dir/C_/Repositories/pico/pico-sdk/src/rp2_common/pico_double/double_init_rom_rp2040.c.obj
                0x20001278                sd_table
 .bss.sf_table  0x20001378      0x100 CMakeFiles/02_printf.dir/C_/Repositories/pico/pico-sdk/src/rp2_common/pico_float/float_init_rom_rp2040.c.obj
                0x20001378                sf_table
 .bss           0x20001478       0x1c c:/program files (x86)/gnu arm embedded toolchain/10 2021.10/bin/../lib/gcc/arm-none-eabi/10.3.1/thumb/v6-m/nofp/crtbegin.o
 .bss._app_driver
                0x20001494        0x4 CMakeFiles/02_printf.dir/C_/Repositories/pico/pico-sdk/lib/tinyusb/src/device/usbd.c.obj
 .bss._cdcd_epbuf
                0x20001498       0x80 CMakeFiles/02_printf.dir/C_/Repositories/pico/pico-sdk/lib/tinyusb/src/class/cdc/cdc_device.c.obj
 .bss._cdcd_fifo_cfg
                0x20001518        0x1 CMakeFiles/02_printf.dir/C_/Repositories/pico/pico-sdk/lib/tinyusb/src/class/cdc/cdc_device.c.obj
 *fill*         0x20001519        0x3 
 .bss._cdcd_itf
                0x2000151c       0xc8 CMakeFiles/02_printf.dir/C_/Repositories/pico/pico-sdk/lib/tinyusb/src/class/cdc/cdc_device.c.obj
 .bss._ctrl_epbuf
                0x200015e4       0x40 CMakeFiles/02_printf.dir/C_/Repositories/pico/pico-sdk/lib/tinyusb/src/device/usbd_control.c.obj
 .bss._ctrl_xfer
                0x20001624       0x14 CMakeFiles/02_printf.dir/C_/Repositories/pico/pico-sdk/lib/tinyusb/src/device/usbd_control.c.obj
 .bss._tusb_rhport_role
                0x20001638        0x2 CMakeFiles/02_printf.dir/C_/Repositories/pico/pico-sdk/lib/tinyusb/src/tusb.c.obj
                0x20001638                _tusb_rhport_role
 *fill*         0x2000163a        0x2 
 .bss._ubsd_mutexdef
                0x2000163c        0x8 CMakeFiles/02_printf.dir/C_/Repositories/pico/pico-sdk/lib/tinyusb/src/device/usbd.c.obj
 .bss._usbd_dev
                0x20001644       0x54 CMakeFiles/02_printf.dir/C_/Repositories/pico/pico-sdk/lib/tinyusb/src/device/usbd.c.obj
 .bss._usbd_mutex
                0x20001698        0x4 CMakeFiles/02_printf.dir/C_/Repositories/pico/pico-sdk/lib/tinyusb/src/device/usbd.c.obj
 .bss._usbd_q   0x2000169c        0x4 CMakeFiles/02_printf.dir/C_/Repositories/pico/pico-sdk/lib/tinyusb/src/device/usbd.c.obj
 .bss._usbd_qdef_buf
                0x200016a0       0xc0 CMakeFiles/02_printf.dir/C_/Repositories/pico/pico-sdk/lib/tinyusb/src/device/usbd.c.obj
                0x200016a0                _usbd_qdef_buf
 .bss._vendord_epbuf
                0x20001760       0x80 CMakeFiles/02_printf.dir/C_/Repositories/pico/pico-sdk/lib/tinyusb/src/class/vendor/vendor_device.c.obj
 .bss._vendord_itf
                0x200017e0      0x24c CMakeFiles/02_printf.dir/C_/Repositories/pico/pico-sdk/lib/tinyusb/src/class/vendor/vendor_device.c.obj
 .bss.boot2_copyout
                0x20001a2c      0x100 CMakeFiles/02_printf.dir/C_/Repositories/pico/pico-sdk/src/rp2_common/hardware_flash/flash.c.obj
 .bss.chars_available_callback
                0x20001b2c        0x4 CMakeFiles/02_printf.dir/C_/Repositories/pico/pico-sdk/src/rp2_common/pico_stdio_usb/stdio_usb.c.obj
 .bss.chars_available_param
                0x20001b30        0x4 CMakeFiles/02_printf.dir/C_/Repositories/pico/pico-sdk/src/rp2_common/pico_stdio_usb/stdio_usb.c.obj
 .bss.claimed   0x20001b34        0x4 CMakeFiles/02_printf.dir/C_/Repositories/pico/pico-sdk/src/rp2_common/hardware_sync/sync.c.obj
 .bss.claimed   0x20001b38        0x1 CMakeFiles/02_printf.dir/C_/Repositories/pico/pico-sdk/src/rp2_common/hardware_timer/timer.c.obj
 *fill*         0x20001b39        0x3 
 .bss.configured_freq
                0x20001b3c       0x28 CMakeFiles/02_printf.dir/C_/Repositories/pico/pico-sdk/src/rp2_common/hardware_clocks/clocks.c.obj
 .bss.desc_str.0
                0x20001b64       0x28 CMakeFiles/02_printf.dir/C_/Repositories/pico/pico-sdk/src/rp2_common/pico_stdio_usb/stdio_usb_descriptors.c.obj
 .bss.drivers   0x20001b8c        0x4 CMakeFiles/02_printf.dir/C_/Repositories/pico/pico-sdk/src/rp2_common/pico_stdio/stdio.c.obj
 .bss.e15_last_sof
                0x20001b90        0x4 CMakeFiles/02_printf.dir/C_/Repositories/pico/pico-sdk/lib/tinyusb/src/portable/raspberrypi/rp2040/rp2040_usb.c.obj
                0x20001b90                e15_last_sof
 .bss.filter    0x20001b94        0x4 CMakeFiles/02_printf.dir/C_/Repositories/pico/pico-sdk/src/rp2_common/pico_stdio/stdio.c.obj
 .bss.hw_endpoints
                0x20001b98      0x400 CMakeFiles/02_printf.dir/C_/Repositories/pico/pico-sdk/lib/tinyusb/src/portable/raspberrypi/rp2040/dcd_rp2040.c.obj
 .bss.lazy_vsnprintf
                0x20001f98        0x4 CMakeFiles/02_printf.dir/C_/Repositories/pico/pico-sdk/src/rp2_common/pico_printf/printf.c.obj
 .bss.load_value
                0x20001f9c        0x4 CMakeFiles/02_printf.dir/C_/Repositories/pico/pico-sdk/src/rp2_common/hardware_watchdog/watchdog.c.obj
 .bss.next_buffer_ptr
                0x20001fa0        0x4 CMakeFiles/02_printf.dir/C_/Repositories/pico/pico-sdk/lib/tinyusb/src/portable/raspberrypi/rp2040/dcd_rp2040.c.obj
 .bss.one_shot_timer_crit_sec
                0x20001fa4        0x8 CMakeFiles/02_printf.dir/C_/Repositories/pico/pico-sdk/src/rp2_common/pico_stdio_usb/stdio_usb.c.obj
 .bss.pools     0x20001fac       0x10 CMakeFiles/02_printf.dir/C_/Repositories/pico/pico-sdk/src/common/pico_time/time.c.obj
 .bss.retrieved_id
                0x20001fbc        0x8 CMakeFiles/02_printf.dir/C_/Repositories/pico/pico-sdk/src/rp2_common/pico_unique_id/unique_id.c.obj
 .bss.sf_clz_func
                0x20001fc4        0x4 CMakeFiles/02_printf.dir/C_/Repositories/pico/pico-sdk/src/rp2_common/pico_double/double_init_rom_rp2040.c.obj
                0x20001fc4                sf_clz_func
 .bss.sleep_notifier
                0x20001fc8        0x4 CMakeFiles/02_printf.dir/C_/Repositories/pico/pico-sdk/src/common/pico_time/time.c.obj
 .bss.stdio_usb_mutex
                0x20001fcc        0x8 CMakeFiles/02_printf.dir/C_/Repositories/pico/pico-sdk/src/rp2_common/pico_stdio_usb/stdio_usb.c.obj
 .bss.usbd_serial_str
                0x20001fd4       0x11 CMakeFiles/02_printf.dir/C_/Repositories/pico/pico-sdk/src/rp2_common/pico_stdio_usb/stdio_usb_descriptors.c.obj
 .bss._app_driver_count
                0x20001fe5        0x1 CMakeFiles/02_printf.dir/C_/Repositories/pico/pico-sdk/lib/tinyusb/src/device/usbd.c.obj
 .bss._sof_enable
                0x20001fe6        0x1 CMakeFiles/02_printf.dir/C_/Repositories/pico/pico-sdk/lib/tinyusb/src/portable/raspberrypi/rp2040/dcd_rp2040.c.obj
 .bss._usbd_queued_setup
                0x20001fe7        0x1 CMakeFiles/02_printf.dir/C_/Repositories/pico/pico-sdk/lib/tinyusb/src/device/usbd.c.obj
 .bss.boot2_copyout_valid
                0x20001fe8        0x1 CMakeFiles/02_printf.dir/C_/Repositories/pico/pico-sdk/src/rp2_common/hardware_flash/flash.c.obj
 .bss.irq_handler_chain_free_slot_head
                0x20001fe9        0x1 CMakeFiles/02_printf.dir/C_/Repositories/pico/pico-sdk/src/rp2_common/hardware_irq/irq.c.obj
 .bss.itf_num   0x20001fea        0x1 CMakeFiles/02_printf.dir/C_/Repositories/pico/pico-sdk/src/rp2_common/pico_stdio_usb/reset_interface.c.obj
 .bss.low_priority_irq_num
                0x20001feb        0x1 CMakeFiles/02_printf.dir/C_/Repositories/pico/pico-sdk/src/rp2_common/pico_stdio_usb/stdio_usb.c.obj
 .bss.one_shot_timer_pending
                0x20001fec        0x1 CMakeFiles/02_printf.dir/C_/Repositories/pico/pico-sdk/src/rp2_common/pico_stdio_usb/stdio_usb.c.obj
 .bss.user_irq_claimed
                0x20001fed        0x1 CMakeFiles/02_printf.dir/C_/Repositories/pico/pico-sdk/src/rp2_common/hardware_irq/irq.c.obj
 *(COMMON)
                0x20001ff0                . = ALIGN (0x4)
 *fill*         0x20001fee        0x2 
                0x20001ff0                __bss_end__ = .

.heap           0x20001ff0      0x800 load address 0x10007f68
                0x20001ff0                __end__ = .
                0x20001ff0                end = __end__
 *(.heap*)
 .heap          0x20001ff0      0x800 CMakeFiles/02_printf.dir/C_/Repositories/pico/pico-sdk/src/rp2_common/pico_crt0/crt0.S.obj
                0x20040000                __HeapLimit = (ORIGIN (RAM) + LENGTH (RAM))

.scratch_x      0x20040000        0x0 load address 0x10007f68
                0x20040000                __scratch_x_start__ = .
 *(.scratch_x.*)
                0x20040000                . = ALIGN (0x4)
                0x20040000                __scratch_x_end__ = .
                0x10007f68                __scratch_x_source__ = LOADADDR (.scratch_x)

.scratch_y      0x20041000        0x0 load address 0x10007f68
                0x20041000                __scratch_y_start__ = .
 *(.scratch_y.*)
                0x20041000                . = ALIGN (0x4)
                0x20041000                __scratch_y_end__ = .
                0x10007f68                __scratch_y_source__ = LOADADDR (.scratch_y)

.stack1_dummy   0x20040000        0x0
 *(.stack1*)

.stack_dummy    0x20041000      0x800
 *(.stack*)
 .stack         0x20041000      0x800 CMakeFiles/02_printf.dir/C_/Repositories/pico/pico-sdk/src/rp2_common/pico_crt0/crt0.S.obj

.rel.dyn        0x20041800        0x0
 .rel.iplt      0x20041800        0x0 c:/program files (x86)/gnu arm embedded toolchain/10 2021.10/bin/../lib/gcc/arm-none-eabi/10.3.1/thumb/v6-m/nofp/crtbegin.o

.flash_end      0x10007f68        0x0
 *(.embedded_end_block*)
                0x10007f68                PROVIDE (__flash_binary_end = .)
                0x20040000                __StackLimit = (ORIGIN (RAM) + LENGTH (RAM))
                0x20041000                __StackOneTop = (ORIGIN (SCRATCH_X) + LENGTH (SCRATCH_X))
                0x20042000                __StackTop = (ORIGIN (SCRATCH_Y) + LENGTH (SCRATCH_Y))
                0x20041000                __StackOneBottom = (__StackOneTop - SIZEOF (.stack1_dummy))
                0x20041800                __StackBottom = (__StackTop - SIZEOF (.stack_dummy))
                0x20042000                PROVIDE (__stack = __StackTop)
                [!provide]                PROVIDE (__heap_start = __end__)
                [!provide]                PROVIDE (__heap_end = __HeapLimit)
                [!provide]                PROVIDE (__tls_align = MAX (ALIGNOF (.tdata), ALIGNOF (.tbss)))
                [!provide]                PROVIDE (__tls_size_align = (((__tls_size + __tls_align) - 0x1) & ~ ((__tls_align - 0x1))))
                [!provide]                PROVIDE (__arm32_tls_tcb_offset = MAX (0x8, __tls_align))
                [!provide]                PROVIDE (_end = __end__)
                [!provide]                PROVIDE (__llvm_libc_heap_limit = __HeapLimit)
                0x00000001                ASSERT ((__StackLimit >= __HeapLimit), region RAM overflowed)
                0x00000001                ASSERT (((__binary_info_header_end - __logical_binary_start) <= 0x100), Binary info must be in first 256 bytes of the binary)
LOAD CMakeFiles/02_printf.dir/main.c.obj
LOAD CMakeFiles/02_printf.dir/C_/Repositories/pico/pico-sdk/src/rp2_common/pico_stdlib/stdlib.c.obj
LOAD CMakeFiles/02_printf.dir/C_/Repositories/pico/pico-sdk/src/rp2_common/hardware_gpio/gpio.c.obj
LOAD CMakeFiles/02_printf.dir/C_/Repositories/pico/pico-sdk/src/rp2040/pico_platform/platform.c.obj
LOAD CMakeFiles/02_printf.dir/C_/Repositories/pico/pico-sdk/src/rp2_common/pico_platform_common/common.c.obj
LOAD CMakeFiles/02_printf.dir/C_/Repositories/pico/pico-sdk/src/rp2_common/pico_platform_panic/panic.c.obj
LOAD CMakeFiles/02_printf.dir/C_/Repositories/pico/pico-sdk/src/common/hardware_claim/claim.c.obj
LOAD CMakeFiles/02_printf.dir/C_/Repositories/pico/pico-sdk/src/rp2_common/hardware_sync/sync.c.obj
LOAD CMakeFiles/02_printf.dir/C_/Repositories/pico/pico-sdk/src/rp2_common/hardware_sync_spin_lock/sync_spin_lock.c.obj
LOAD CMakeFiles/02_printf.dir/C_/Repositories/pico/pico-sdk/src/rp2_common/hardware_irq/irq.c.obj
LOAD CMakeFiles/02_printf.dir/C_/Repositories/pico/pico-sdk/src/rp2_common/hardware_irq/irq_handler_chain.S.obj
LOAD CMakeFiles/02_printf.dir/C_/Repositories/pico/pico-sdk/src/common/pico_sync/sem.c.obj
LOAD CMakeFiles/02_printf.dir/C_/Repositories/pico/pico-sdk/src/common/pico_sync/lock_core.c.obj
LOAD CMakeFiles/02_printf.dir/C_/Repositories/pico/pico-sdk/src/common/pico_sync/mutex.c.obj
LOAD CMakeFiles/02_printf.dir/C_/Repositories/pico/pico-sdk/src/common/pico_sync/critical_section.c.obj
LOAD CMakeFiles/02_printf.dir/C_/Repositories/pico/pico-sdk/src/common/pico_time/time.c.obj
LOAD CMakeFiles/02_printf.dir/C_/Repositories/pico/pico-sdk/src/common/pico_time/timeout_helper.c.obj
LOAD CMakeFiles/02_printf.dir/C_/Repositories/pico/pico-sdk/src/rp2_common/hardware_timer/timer.c.obj
LOAD CMakeFiles/02_printf.dir/C_/Repositories/pico/pico-sdk/src/common/pico_util/datetime.c.obj
LOAD CMakeFiles/02_printf.dir/C_/Repositories/pico/pico-sdk/src/common/pico_util/pheap.c.obj
LOAD CMakeFiles/02_printf.dir/C_/Repositories/pico/pico-sdk/src/common/pico_util/queue.c.obj
LOAD CMakeFiles/02_printf.dir/C_/Repositories/pico/pico-sdk/src/rp2_common/hardware_uart/uart.c.obj
LOAD CMakeFiles/02_printf.dir/C_/Repositories/pico/pico-sdk/src/rp2_common/hardware_clocks/clocks.c.obj
LOAD CMakeFiles/02_printf.dir/C_/Repositories/pico/pico-sdk/src/rp2_common/hardware_pll/pll.c.obj
LOAD CMakeFiles/02_printf.dir/C_/Repositories/pico/pico-sdk/src/rp2_common/hardware_vreg/vreg.c.obj
LOAD CMakeFiles/02_printf.dir/C_/Repositories/pico/pico-sdk/src/rp2_common/hardware_watchdog/watchdog.c.obj
LOAD CMakeFiles/02_printf.dir/C_/Repositories/pico/pico-sdk/src/rp2_common/hardware_ticks/ticks.c.obj
LOAD CMakeFiles/02_printf.dir/C_/Repositories/pico/pico-sdk/src/rp2_common/pico_bootrom/bootrom.c.obj
LOAD CMakeFiles/02_printf.dir/C_/Repositories/pico/pico-sdk/src/rp2_common/pico_bootrom/bootrom_lock.c.obj
LOAD CMakeFiles/02_printf.dir/C_/Repositories/pico/pico-sdk/src/rp2_common/hardware_boot_lock/boot_lock.c.obj
LOAD CMakeFiles/02_printf.dir/C_/Repositories/pico/pico-sdk/src/rp2_common/pico_flash/flash.c.obj
LOAD CMakeFiles/02_printf.dir/C_/Repositories/pico/pico-sdk/src/rp2_common/hardware_xosc/xosc.c.obj
LOAD CMakeFiles/02_printf.dir/C_/Repositories/pico/pico-sdk/src/rp2_common/hardware_divider/divider.S.obj
LOAD CMakeFiles/02_printf.dir/C_/Repositories/pico/pico-sdk/src/rp2_common/pico_runtime/runtime.c.obj
LOAD CMakeFiles/02_printf.dir/C_/Repositories/pico/pico-sdk/src/rp2_common/pico_runtime_init/runtime_init.c.obj
LOAD CMakeFiles/02_printf.dir/C_/Repositories/pico/pico-sdk/src/rp2_common/pico_runtime_init/runtime_init_clocks.c.obj
LOAD CMakeFiles/02_printf.dir/C_/Repositories/pico/pico-sdk/src/rp2_common/pico_runtime_init/runtime_init_stack_guard.c.obj
LOAD CMakeFiles/02_printf.dir/C_/Repositories/pico/pico-sdk/src/rp2_common/pico_bit_ops/bit_ops_aeabi.S.obj
LOAD CMakeFiles/02_printf.dir/C_/Repositories/pico/pico-sdk/src/rp2_common/pico_divider/divider_hardware.S.obj
LOAD CMakeFiles/02_printf.dir/C_/Repositories/pico/pico-sdk/src/rp2_common/pico_double/double_aeabi_rp2040.S.obj
LOAD CMakeFiles/02_printf.dir/C_/Repositories/pico/pico-sdk/src/rp2_common/pico_double/double_init_rom_rp2040.c.obj
LOAD CMakeFiles/02_printf.dir/C_/Repositories/pico/pico-sdk/src/rp2_common/pico_double/double_math.c.obj
LOAD CMakeFiles/02_printf.dir/C_/Repositories/pico/pico-sdk/src/rp2_common/pico_double/double_v1_rom_shim_rp2040.S.obj
LOAD CMakeFiles/02_printf.dir/C_/Repositories/pico/pico-sdk/src/rp2_common/pico_int64_ops/pico_int64_ops_aeabi.S.obj
LOAD CMakeFiles/02_printf.dir/C_/Repositories/pico/pico-sdk/src/rp2_common/pico_float/float_aeabi_rp2040.S.obj
LOAD CMakeFiles/02_printf.dir/C_/Repositories/pico/pico-sdk/src/rp2_common/pico_float/float_init_rom_rp2040.c.obj
LOAD CMakeFiles/02_printf.dir/C_/Repositories/pico/pico-sdk/src/rp2_common/pico_float/float_math.c.obj
LOAD CMakeFiles/02_printf.dir/C_/Repositories/pico/pico-sdk/src/rp2_common/pico_float/float_v1_rom_shim_rp2040.S.obj
LOAD CMakeFiles/02_printf.dir/C_/Repositories/pico/pico-sdk/src/rp2_common/pico_malloc/malloc.c.obj
LOAD CMakeFiles/02_printf.dir/C_/Repositories/pico/pico-sdk/src/rp2_common/pico_mem_ops/mem_ops_aeabi.S.obj
LOAD CMakeFiles/02_printf.dir/C_/Repositories/pico/pico-sdk/src/rp2_common/pico_atomic/atomic.c.obj
LOAD CMakeFiles/02_printf.dir/C_/Repositories/pico/pico-sdk/src/rp2_common/pico_cxx_options/new_delete.cpp.obj
LOAD CMakeFiles/02_printf.dir/C_/Repositories/pico/pico-sdk/src/rp2_common/pico_standard_binary_info/standard_binary_info.c.obj
LOAD CMakeFiles/02_printf.dir/C_/Repositories/pico/pico-sdk/src/rp2_common/pico_printf/printf.c.obj
LOAD CMakeFiles/02_printf.dir/C_/Repositories/pico/pico-sdk/src/rp2_common/pico_crt0/crt0.S.obj
LOAD CMakeFiles/02_printf.dir/C_/Repositories/pico/pico-sdk/src/rp2_common/pico_clib_interface/newlib_interface.c.obj
LOAD CMakeFiles/02_printf.dir/C_/Repositories/pico/pico-sdk/src/rp2_common/pico_stdio/stdio.c.obj
LOAD CMakeFiles/02_printf.dir/C_/Repositories/pico/pico-sdk/src/rp2_common/pico_stdio_usb/reset_interface.c.obj
LOAD CMakeFiles/02_printf.dir/C_/Repositories/pico/pico-sdk/src/rp2_common/pico_stdio_usb/stdio_usb.c.obj
LOAD CMakeFiles/02_printf.dir/C_/Repositories/pico/pico-sdk/src/rp2_common/pico_stdio_usb/stdio_usb_descriptors.c.obj
LOAD CMakeFiles/02_printf.dir/C_/Repositories/pico/pico-sdk/src/rp2_common/pico_unique_id/unique_id.c.obj
LOAD CMakeFiles/02_printf.dir/C_/Repositories/pico/pico-sdk/src/rp2_common/hardware_flash/flash.c.obj
LOAD CMakeFiles/02_printf.dir/C_/Repositories/pico/pico-sdk/src/rp2_common/hardware_xip_cache/xip_cache.c.obj
LOAD CMakeFiles/02_printf.dir/C_/Repositories/pico/pico-sdk/lib/tinyusb/src/portable/raspberrypi/rp2040/dcd_rp2040.c.obj
LOAD CMakeFiles/02_printf.dir/C_/Repositories/pico/pico-sdk/lib/tinyusb/src/portable/raspberrypi/rp2040/rp2040_usb.c.obj
LOAD CMakeFiles/02_printf.dir/C_/Repositories/pico/pico-sdk/lib/tinyusb/src/device/usbd.c.obj
LOAD CMakeFiles/02_printf.dir/C_/Repositories/pico/pico-sdk/lib/tinyusb/src/device/usbd_control.c.obj
LOAD CMakeFiles/02_printf.dir/C_/Repositories/pico/pico-sdk/lib/tinyusb/src/class/audio/audio_device.c.obj
LOAD CMakeFiles/02_printf.dir/C_/Repositories/pico/pico-sdk/lib/tinyusb/src/class/cdc/cdc_device.c.obj
LOAD CMakeFiles/02_printf.dir/C_/Repositories/pico/pico-sdk/lib/tinyusb/src/class/dfu/dfu_device.c.obj
LOAD CMakeFiles/02_printf.dir/C_/Repositories/pico/pico-sdk/lib/tinyusb/src/class/dfu/dfu_rt_device.c.obj
LOAD CMakeFiles/02_printf.dir/C_/Repositories/pico/pico-sdk/lib/tinyusb/src/class/hid/hid_device.c.obj
LOAD CMakeFiles/02_printf.dir/C_/Repositories/pico/pico-sdk/lib/tinyusb/src/class/midi/midi_device.c.obj
LOAD CMakeFiles/02_printf.dir/C_/Repositories/pico/pico-sdk/lib/tinyusb/src/class/msc/msc_device.c.obj
LOAD CMakeFiles/02_printf.dir/C_/Repositories/pico/pico-sdk/lib/tinyusb/src/class/net/ecm_rndis_device.c.obj
LOAD CMakeFiles/02_printf.dir/C_/Repositories/pico/pico-sdk/lib/tinyusb/src/class/net/ncm_device.c.obj
LOAD CMakeFiles/02_printf.dir/C_/Repositories/pico/pico-sdk/lib/tinyusb/src/class/usbtmc/usbtmc_device.c.obj